<!doctype html public "-//w3c//dtd html 4.0 transitional//en">
<html><head>
<title>Static Call Graph - [.\objects\AT32F403ACGT7_WorkBench.axf]</title></head>
<body><HR>
<H1>Static Call Graph for image .\objects\AT32F403ACGT7_WorkBench.axf</H1><HR>
<BR><P>#&#060CALLGRAPH&#062# ARM Linker, 5060960: Last Updated: Sun Mar 23 17:43:53 2025
<BR><P>
<H3>Maximum Stack Usage =        264 bytes + Unknown(Cycles, Untraceable Function Pointers)</H3><H3>
Call chain for Maximum Stack Depth:</H3>
main &rArr; angle_init &rArr; strong_drag &rArr; strong_drag_Angle &rArr; Angle_limit &rArr; __hardfp_fmod &rArr; _drem &rArr; _double_epilogue &rArr; _double_round
<P>
<H3>
Mutually Recursive functions
</H3> <LI><a href="#[51]">ACC_IRQHandler</a>&nbsp;&nbsp;&nbsp;&rArr;&nbsp;&nbsp;&nbsp;<a href="#[51]">ACC_IRQHandler</a><BR>
</UL>
<P>
<H3>
Function Pointers
</H3><UL>
 <LI><a href="#[51]">ACC_IRQHandler</a> from startup_at32f403a_407.o(.text) referenced from startup_at32f403a_407.o(RESET)
 <LI><a href="#[1f]">ADC1_2_IRQHandler</a> from startup_at32f403a_407.o(.text) referenced from startup_at32f403a_407.o(RESET)
 <LI><a href="#[3c]">ADC3_IRQHandler</a> from startup_at32f403a_407.o(.text) referenced from startup_at32f403a_407.o(RESET)
 <LI><a href="#[7]">BusFault_Handler</a> from at32f403a_407_int.o(i.BusFault_Handler) referenced from startup_at32f403a_407.o(RESET)
 <LI><a href="#[22]">CAN1_RX1_IRQHandler</a> from startup_at32f403a_407.o(.text) referenced from startup_at32f403a_407.o(RESET)
 <LI><a href="#[23]">CAN1_SE_IRQHandler</a> from at32f403a_407_int.o(i.CAN1_SE_IRQHandler) referenced from startup_at32f403a_407.o(RESET)
 <LI><a href="#[4e]">CAN2_RX0_IRQHandler</a> from startup_at32f403a_407.o(.text) referenced from startup_at32f403a_407.o(RESET)
 <LI><a href="#[4f]">CAN2_RX1_IRQHandler</a> from startup_at32f403a_407.o(.text) referenced from startup_at32f403a_407.o(RESET)
 <LI><a href="#[50]">CAN2_SE_IRQHandler</a> from startup_at32f403a_407.o(.text) referenced from startup_at32f403a_407.o(RESET)
 <LI><a href="#[4d]">CAN2_TX_IRQHandler</a> from startup_at32f403a_407.o(.text) referenced from startup_at32f403a_407.o(RESET)
 <LI><a href="#[12]">CRM_IRQHandler</a> from startup_at32f403a_407.o(.text) referenced from startup_at32f403a_407.o(RESET)
 <LI><a href="#[18]">DMA1_Channel1_IRQHandler</a> from at32f403a_407_int.o(i.DMA1_Channel1_IRQHandler) referenced from startup_at32f403a_407.o(RESET)
 <LI><a href="#[19]">DMA1_Channel2_IRQHandler</a> from at32f403a_407_int.o(i.DMA1_Channel2_IRQHandler) referenced from startup_at32f403a_407.o(RESET)
 <LI><a href="#[1a]">DMA1_Channel3_IRQHandler</a> from at32f403a_407_int.o(i.DMA1_Channel3_IRQHandler) referenced from startup_at32f403a_407.o(RESET)
 <LI><a href="#[1b]">DMA1_Channel4_IRQHandler</a> from startup_at32f403a_407.o(.text) referenced from startup_at32f403a_407.o(RESET)
 <LI><a href="#[1c]">DMA1_Channel5_IRQHandler</a> from at32f403a_407_int.o(i.DMA1_Channel5_IRQHandler) referenced from startup_at32f403a_407.o(RESET)
 <LI><a href="#[1d]">DMA1_Channel6_IRQHandler</a> from startup_at32f403a_407.o(.text) referenced from startup_at32f403a_407.o(RESET)
 <LI><a href="#[1e]">DMA1_Channel7_IRQHandler</a> from at32f403a_407_int.o(i.DMA1_Channel7_IRQHandler) referenced from startup_at32f403a_407.o(RESET)
 <LI><a href="#[45]">DMA2_Channel1_IRQHandler</a> from startup_at32f403a_407.o(.text) referenced from startup_at32f403a_407.o(RESET)
 <LI><a href="#[46]">DMA2_Channel2_IRQHandler</a> from startup_at32f403a_407.o(.text) referenced from startup_at32f403a_407.o(RESET)
 <LI><a href="#[47]">DMA2_Channel3_IRQHandler</a> from startup_at32f403a_407.o(.text) referenced from startup_at32f403a_407.o(RESET)
 <LI><a href="#[48]">DMA2_Channel4_5_IRQHandler</a> from startup_at32f403a_407.o(.text) referenced from startup_at32f403a_407.o(RESET)
 <LI><a href="#[54]">DMA2_Channel6_7_IRQHandler</a> from startup_at32f403a_407.o(.text) referenced from startup_at32f403a_407.o(RESET)
 <LI><a href="#[a]">DebugMon_Handler</a> from at32f403a_407_int.o(i.DebugMon_Handler) referenced from startup_at32f403a_407.o(RESET)
 <LI><a href="#[58]">EMAC_IRQHandler</a> from startup_at32f403a_407.o(.text) referenced from startup_at32f403a_407.o(RESET)
 <LI><a href="#[59]">EMAC_WKUP_IRQHandler</a> from startup_at32f403a_407.o(.text) referenced from startup_at32f403a_407.o(RESET)
 <LI><a href="#[13]">EXINT0_IRQHandler</a> from startup_at32f403a_407.o(.text) referenced from startup_at32f403a_407.o(RESET)
 <LI><a href="#[35]">EXINT15_10_IRQHandler</a> from startup_at32f403a_407.o(.text) referenced from startup_at32f403a_407.o(RESET)
 <LI><a href="#[14]">EXINT1_IRQHandler</a> from startup_at32f403a_407.o(.text) referenced from startup_at32f403a_407.o(RESET)
 <LI><a href="#[15]">EXINT2_IRQHandler</a> from startup_at32f403a_407.o(.text) referenced from startup_at32f403a_407.o(RESET)
 <LI><a href="#[16]">EXINT3_IRQHandler</a> from startup_at32f403a_407.o(.text) referenced from startup_at32f403a_407.o(RESET)
 <LI><a href="#[17]">EXINT4_IRQHandler</a> from startup_at32f403a_407.o(.text) referenced from startup_at32f403a_407.o(RESET)
 <LI><a href="#[24]">EXINT9_5_IRQHandler</a> from startup_at32f403a_407.o(.text) referenced from startup_at32f403a_407.o(RESET)
 <LI><a href="#[11]">FLASH_IRQHandler</a> from startup_at32f403a_407.o(.text) referenced from startup_at32f403a_407.o(RESET)
 <LI><a href="#[5]">HardFault_Handler</a> from at32f403a_407_int.o(i.HardFault_Handler) referenced from startup_at32f403a_407.o(RESET)
 <LI><a href="#[2d]">I2C1_ERR_IRQHandler</a> from startup_at32f403a_407.o(.text) referenced from startup_at32f403a_407.o(RESET)
 <LI><a href="#[2c]">I2C1_EVT_IRQHandler</a> from startup_at32f403a_407.o(.text) referenced from startup_at32f403a_407.o(RESET)
 <LI><a href="#[2f]">I2C2_ERR_IRQHandler</a> from startup_at32f403a_407.o(.text) referenced from startup_at32f403a_407.o(RESET)
 <LI><a href="#[2e]">I2C2_EVT_IRQHandler</a> from startup_at32f403a_407.o(.text) referenced from startup_at32f403a_407.o(RESET)
 <LI><a href="#[4b]">I2C3_ERR_IRQHandler</a> from startup_at32f403a_407.o(.text) referenced from startup_at32f403a_407.o(RESET)
 <LI><a href="#[4a]">I2C3_EVT_IRQHandler</a> from startup_at32f403a_407.o(.text) referenced from startup_at32f403a_407.o(RESET)
 <LI><a href="#[0]">MT6701_GetAngle</a> from mt6701.o(i.MT6701_GetAngle) referenced 4 times from foc.o(.data)
 <LI><a href="#[6]">MemManage_Handler</a> from at32f403a_407_int.o(i.MemManage_Handler) referenced from startup_at32f403a_407.o(RESET)
 <LI><a href="#[4]">NMI_Handler</a> from at32f403a_407_int.o(i.NMI_Handler) referenced from startup_at32f403a_407.o(RESET)
 <LI><a href="#[e]">PVM_IRQHandler</a> from startup_at32f403a_407.o(.text) referenced from startup_at32f403a_407.o(RESET)
 <LI><a href="#[b]">PendSV_Handler</a> from at32f403a_407_int.o(i.PendSV_Handler) referenced from startup_at32f403a_407.o(RESET)
 <LI><a href="#[36]">RTCAlarm_IRQHandler</a> from startup_at32f403a_407.o(.text) referenced from startup_at32f403a_407.o(RESET)
 <LI><a href="#[10]">RTC_IRQHandler</a> from startup_at32f403a_407.o(.text) referenced from startup_at32f403a_407.o(RESET)
 <LI><a href="#[3]">Reset_Handler</a> from startup_at32f403a_407.o(.text) referenced from startup_at32f403a_407.o(RESET)
 <LI><a href="#[3e]">SDIO1_IRQHandler</a> from startup_at32f403a_407.o(.text) referenced from startup_at32f403a_407.o(RESET)
 <LI><a href="#[49]">SDIO2_IRQHandler</a> from startup_at32f403a_407.o(.text) referenced from startup_at32f403a_407.o(RESET)
 <LI><a href="#[30]">SPI1_IRQHandler</a> from startup_at32f403a_407.o(.text) referenced from startup_at32f403a_407.o(RESET)
 <LI><a href="#[31]">SPI2_I2S2EXT_IRQHandler</a> from startup_at32f403a_407.o(.text) referenced from startup_at32f403a_407.o(RESET)
 <LI><a href="#[40]">SPI3_I2S3EXT_IRQHandler</a> from startup_at32f403a_407.o(.text) referenced from startup_at32f403a_407.o(RESET)
 <LI><a href="#[4c]">SPI4_IRQHandler</a> from startup_at32f403a_407.o(.text) referenced from startup_at32f403a_407.o(RESET)
 <LI><a href="#[9]">SVC_Handler</a> from at32f403a_407_int.o(i.SVC_Handler) referenced from startup_at32f403a_407.o(RESET)
 <LI><a href="#[c]">SysTick_Handler</a> from at32f403a_407_int.o(i.SysTick_Handler) referenced from startup_at32f403a_407.o(RESET)
 <LI><a href="#[5b]">SystemInit</a> from system_at32f403a_407.o(i.SystemInit) referenced from startup_at32f403a_407.o(.text)
 <LI><a href="#[f]">TAMPER_IRQHandler</a> from startup_at32f403a_407.o(.text) referenced from startup_at32f403a_407.o(RESET)
 <LI><a href="#[25]">TMR1_BRK_TMR9_IRQHandler</a> from startup_at32f403a_407.o(.text) referenced from startup_at32f403a_407.o(RESET)
 <LI><a href="#[28]">TMR1_CH_IRQHandler</a> from startup_at32f403a_407.o(.text) referenced from startup_at32f403a_407.o(RESET)
 <LI><a href="#[26]">TMR1_OVF_TMR10_IRQHandler</a> from startup_at32f403a_407.o(.text) referenced from startup_at32f403a_407.o(RESET)
 <LI><a href="#[27]">TMR1_TRG_HALL_TMR11_IRQHandler</a> from startup_at32f403a_407.o(.text) referenced from startup_at32f403a_407.o(RESET)
 <LI><a href="#[29]">TMR2_GLOBAL_IRQHandler</a> from startup_at32f403a_407.o(.text) referenced from startup_at32f403a_407.o(RESET)
 <LI><a href="#[2a]">TMR3_GLOBAL_IRQHandler</a> from startup_at32f403a_407.o(.text) referenced from startup_at32f403a_407.o(RESET)
 <LI><a href="#[2b]">TMR4_GLOBAL_IRQHandler</a> from startup_at32f403a_407.o(.text) referenced from startup_at32f403a_407.o(RESET)
 <LI><a href="#[3f]">TMR5_GLOBAL_IRQHandler</a> from at32f403a_407_int.o(i.TMR5_GLOBAL_IRQHandler) referenced from startup_at32f403a_407.o(RESET)
 <LI><a href="#[43]">TMR6_GLOBAL_IRQHandler</a> from startup_at32f403a_407.o(.text) referenced from startup_at32f403a_407.o(RESET)
 <LI><a href="#[44]">TMR7_GLOBAL_IRQHandler</a> from startup_at32f403a_407.o(.text) referenced from startup_at32f403a_407.o(RESET)
 <LI><a href="#[38]">TMR8_BRK_TMR12_IRQHandler</a> from startup_at32f403a_407.o(.text) referenced from startup_at32f403a_407.o(RESET)
 <LI><a href="#[3b]">TMR8_CH_IRQHandler</a> from startup_at32f403a_407.o(.text) referenced from startup_at32f403a_407.o(RESET)
 <LI><a href="#[39]">TMR8_OVF_TMR13_IRQHandler</a> from startup_at32f403a_407.o(.text) referenced from startup_at32f403a_407.o(RESET)
 <LI><a href="#[3a]">TMR8_TRG_HALL_TMR14_IRQHandler</a> from startup_at32f403a_407.o(.text) referenced from startup_at32f403a_407.o(RESET)
 <LI><a href="#[41]">UART4_IRQHandler</a> from startup_at32f403a_407.o(.text) referenced from startup_at32f403a_407.o(RESET)
 <LI><a href="#[42]">UART5_IRQHandler</a> from startup_at32f403a_407.o(.text) referenced from startup_at32f403a_407.o(RESET)
 <LI><a href="#[56]">UART7_IRQHandler</a> from startup_at32f403a_407.o(.text) referenced from startup_at32f403a_407.o(RESET)
 <LI><a href="#[57]">UART8_IRQHandler</a> from startup_at32f403a_407.o(.text) referenced from startup_at32f403a_407.o(RESET)
 <LI><a href="#[32]">USART1_IRQHandler</a> from startup_at32f403a_407.o(.text) referenced from startup_at32f403a_407.o(RESET)
 <LI><a href="#[33]">USART2_IRQHandler</a> from startup_at32f403a_407.o(.text) referenced from startup_at32f403a_407.o(RESET)
 <LI><a href="#[34]">USART3_IRQHandler</a> from startup_at32f403a_407.o(.text) referenced from startup_at32f403a_407.o(RESET)
 <LI><a href="#[55]">USART6_IRQHandler</a> from startup_at32f403a_407.o(.text) referenced from startup_at32f403a_407.o(RESET)
 <LI><a href="#[37]">USBFSWakeUp_IRQHandler</a> from startup_at32f403a_407.o(.text) referenced from startup_at32f403a_407.o(RESET)
 <LI><a href="#[20]">USBFS_H_CAN1_TX_IRQHandler</a> from startup_at32f403a_407.o(.text) referenced from startup_at32f403a_407.o(RESET)
 <LI><a href="#[21]">USBFS_L_CAN1_RX0_IRQHandler</a> from at32f403a_407_int.o(i.USBFS_L_CAN1_RX0_IRQHandler) referenced from startup_at32f403a_407.o(RESET)
 <LI><a href="#[52]">USBFS_MAPH_IRQHandler</a> from startup_at32f403a_407.o(.text) referenced from startup_at32f403a_407.o(RESET)
 <LI><a href="#[53]">USBFS_MAPL_IRQHandler</a> from startup_at32f403a_407.o(.text) referenced from startup_at32f403a_407.o(RESET)
 <LI><a href="#[8]">UsageFault_Handler</a> from at32f403a_407_int.o(i.UsageFault_Handler) referenced from startup_at32f403a_407.o(RESET)
 <LI><a href="#[d]">WWDT_IRQHandler</a> from startup_at32f403a_407.o(.text) referenced from startup_at32f403a_407.o(RESET)
 <LI><a href="#[3d]">XMC_IRQHandler</a> from startup_at32f403a_407.o(.text) referenced from startup_at32f403a_407.o(RESET)
 <LI><a href="#[5c]">__main</a> from entry.o(.ARM.Collect$$$$00000000) referenced from startup_at32f403a_407.o(.text)
 <LI><a href="#[5d]">fputc</a> from usart_1.o(i.fputc) referenced from printfa.o(i.__0printf)
 <LI><a href="#[5a]">main</a> from main.o(i.main) referenced from entry9a.o(.ARM.Collect$$$$0000000B)
 <LI><a href="#[1]">setpwm1_channel</a> from foc.o(i.setpwm1_channel) referenced 2 times from foc.o(.data)
 <LI><a href="#[2]">setpwm2_channel</a> from foc.o(i.setpwm2_channel) referenced 2 times from foc.o(.data)
</UL>
<P>
<H3>
Global Symbols
</H3>
<P><STRONG><a name="[5c]"></a>__main</STRONG> (Thumb, 0 bytes, Stack size unknown bytes, entry.o(.ARM.Collect$$$$00000000))
<BR>[Address Reference Count : 1]<UL><LI> startup_at32f403a_407.o(.text)
</UL>
<P><STRONG><a name="[107]"></a>_main_stk</STRONG> (Thumb, 0 bytes, Stack size unknown bytes, entry2.o(.ARM.Collect$$$$00000001))

<P><STRONG><a name="[5e]"></a>_main_scatterload</STRONG> (Thumb, 0 bytes, Stack size unknown bytes, entry5.o(.ARM.Collect$$$$00000004))
<BR><BR>[Calls]<UL><LI><a href="#[5f]">&gt;&gt;</a>&nbsp;&nbsp;&nbsp;__scatterload
</UL>

<P><STRONG><a name="[6f]"></a>__main_after_scatterload</STRONG> (Thumb, 0 bytes, Stack size unknown bytes, entry5.o(.ARM.Collect$$$$00000004))
<BR><BR>[Called By]<UL><LI><a href="#[5f]">&gt;&gt;</a>&nbsp;&nbsp;&nbsp;__scatterload
</UL>

<P><STRONG><a name="[108]"></a>_main_clock</STRONG> (Thumb, 0 bytes, Stack size unknown bytes, entry7b.o(.ARM.Collect$$$$00000008))

<P><STRONG><a name="[109]"></a>_main_cpp_init</STRONG> (Thumb, 0 bytes, Stack size unknown bytes, entry8b.o(.ARM.Collect$$$$0000000A))

<P><STRONG><a name="[10a]"></a>_main_init</STRONG> (Thumb, 0 bytes, Stack size unknown bytes, entry9a.o(.ARM.Collect$$$$0000000B))

<P><STRONG><a name="[10b]"></a>__rt_lib_shutdown_fini</STRONG> (Thumb, 0 bytes, Stack size unknown bytes, entry12b.o(.ARM.Collect$$$$0000000E))

<P><STRONG><a name="[10c]"></a>__rt_final_cpp</STRONG> (Thumb, 0 bytes, Stack size unknown bytes, entry10a.o(.ARM.Collect$$$$0000000F))

<P><STRONG><a name="[10d]"></a>__rt_final_exit</STRONG> (Thumb, 0 bytes, Stack size unknown bytes, entry11a.o(.ARM.Collect$$$$00000011))

<P><STRONG><a name="[3]"></a>Reset_Handler</STRONG> (Thumb, 8 bytes, Stack size 0 bytes, startup_at32f403a_407.o(.text))
<BR>[Address Reference Count : 1]<UL><LI> startup_at32f403a_407.o(RESET)
</UL>
<P><STRONG><a name="[51]"></a>ACC_IRQHandler</STRONG> (Thumb, 0 bytes, Stack size 0 bytes, startup_at32f403a_407.o(.text))
<BR><BR>[Calls]<UL><LI><a href="#[51]">&gt;&gt;</a>&nbsp;&nbsp;&nbsp;ACC_IRQHandler
</UL>
<BR>[Called By]<UL><LI><a href="#[51]">&gt;&gt;</a>&nbsp;&nbsp;&nbsp;ACC_IRQHandler
</UL>
<BR>[Address Reference Count : 1]<UL><LI> startup_at32f403a_407.o(RESET)
</UL>
<P><STRONG><a name="[1f]"></a>ADC1_2_IRQHandler</STRONG> (Thumb, 0 bytes, Stack size 0 bytes, startup_at32f403a_407.o(.text))
<BR>[Address Reference Count : 1]<UL><LI> startup_at32f403a_407.o(RESET)
</UL>
<P><STRONG><a name="[3c]"></a>ADC3_IRQHandler</STRONG> (Thumb, 0 bytes, Stack size 0 bytes, startup_at32f403a_407.o(.text))
<BR>[Address Reference Count : 1]<UL><LI> startup_at32f403a_407.o(RESET)
</UL>
<P><STRONG><a name="[22]"></a>CAN1_RX1_IRQHandler</STRONG> (Thumb, 0 bytes, Stack size 0 bytes, startup_at32f403a_407.o(.text))
<BR>[Address Reference Count : 1]<UL><LI> startup_at32f403a_407.o(RESET)
</UL>
<P><STRONG><a name="[4e]"></a>CAN2_RX0_IRQHandler</STRONG> (Thumb, 0 bytes, Stack size 0 bytes, startup_at32f403a_407.o(.text))
<BR>[Address Reference Count : 1]<UL><LI> startup_at32f403a_407.o(RESET)
</UL>
<P><STRONG><a name="[4f]"></a>CAN2_RX1_IRQHandler</STRONG> (Thumb, 0 bytes, Stack size 0 bytes, startup_at32f403a_407.o(.text))
<BR>[Address Reference Count : 1]<UL><LI> startup_at32f403a_407.o(RESET)
</UL>
<P><STRONG><a name="[50]"></a>CAN2_SE_IRQHandler</STRONG> (Thumb, 0 bytes, Stack size 0 bytes, startup_at32f403a_407.o(.text))
<BR>[Address Reference Count : 1]<UL><LI> startup_at32f403a_407.o(RESET)
</UL>
<P><STRONG><a name="[4d]"></a>CAN2_TX_IRQHandler</STRONG> (Thumb, 0 bytes, Stack size 0 bytes, startup_at32f403a_407.o(.text))
<BR>[Address Reference Count : 1]<UL><LI> startup_at32f403a_407.o(RESET)
</UL>
<P><STRONG><a name="[12]"></a>CRM_IRQHandler</STRONG> (Thumb, 0 bytes, Stack size 0 bytes, startup_at32f403a_407.o(.text))
<BR>[Address Reference Count : 1]<UL><LI> startup_at32f403a_407.o(RESET)
</UL>
<P><STRONG><a name="[1b]"></a>DMA1_Channel4_IRQHandler</STRONG> (Thumb, 0 bytes, Stack size 0 bytes, startup_at32f403a_407.o(.text))
<BR>[Address Reference Count : 1]<UL><LI> startup_at32f403a_407.o(RESET)
</UL>
<P><STRONG><a name="[1d]"></a>DMA1_Channel6_IRQHandler</STRONG> (Thumb, 0 bytes, Stack size 0 bytes, startup_at32f403a_407.o(.text))
<BR>[Address Reference Count : 1]<UL><LI> startup_at32f403a_407.o(RESET)
</UL>
<P><STRONG><a name="[45]"></a>DMA2_Channel1_IRQHandler</STRONG> (Thumb, 0 bytes, Stack size 0 bytes, startup_at32f403a_407.o(.text))
<BR>[Address Reference Count : 1]<UL><LI> startup_at32f403a_407.o(RESET)
</UL>
<P><STRONG><a name="[46]"></a>DMA2_Channel2_IRQHandler</STRONG> (Thumb, 0 bytes, Stack size 0 bytes, startup_at32f403a_407.o(.text))
<BR>[Address Reference Count : 1]<UL><LI> startup_at32f403a_407.o(RESET)
</UL>
<P><STRONG><a name="[47]"></a>DMA2_Channel3_IRQHandler</STRONG> (Thumb, 0 bytes, Stack size 0 bytes, startup_at32f403a_407.o(.text))
<BR>[Address Reference Count : 1]<UL><LI> startup_at32f403a_407.o(RESET)
</UL>
<P><STRONG><a name="[48]"></a>DMA2_Channel4_5_IRQHandler</STRONG> (Thumb, 0 bytes, Stack size 0 bytes, startup_at32f403a_407.o(.text))
<BR>[Address Reference Count : 1]<UL><LI> startup_at32f403a_407.o(RESET)
</UL>
<P><STRONG><a name="[54]"></a>DMA2_Channel6_7_IRQHandler</STRONG> (Thumb, 0 bytes, Stack size 0 bytes, startup_at32f403a_407.o(.text))
<BR>[Address Reference Count : 1]<UL><LI> startup_at32f403a_407.o(RESET)
</UL>
<P><STRONG><a name="[58]"></a>EMAC_IRQHandler</STRONG> (Thumb, 0 bytes, Stack size 0 bytes, startup_at32f403a_407.o(.text))
<BR>[Address Reference Count : 1]<UL><LI> startup_at32f403a_407.o(RESET)
</UL>
<P><STRONG><a name="[59]"></a>EMAC_WKUP_IRQHandler</STRONG> (Thumb, 0 bytes, Stack size 0 bytes, startup_at32f403a_407.o(.text))
<BR>[Address Reference Count : 1]<UL><LI> startup_at32f403a_407.o(RESET)
</UL>
<P><STRONG><a name="[13]"></a>EXINT0_IRQHandler</STRONG> (Thumb, 0 bytes, Stack size 0 bytes, startup_at32f403a_407.o(.text))
<BR>[Address Reference Count : 1]<UL><LI> startup_at32f403a_407.o(RESET)
</UL>
<P><STRONG><a name="[35]"></a>EXINT15_10_IRQHandler</STRONG> (Thumb, 0 bytes, Stack size 0 bytes, startup_at32f403a_407.o(.text))
<BR>[Address Reference Count : 1]<UL><LI> startup_at32f403a_407.o(RESET)
</UL>
<P><STRONG><a name="[14]"></a>EXINT1_IRQHandler</STRONG> (Thumb, 0 bytes, Stack size 0 bytes, startup_at32f403a_407.o(.text))
<BR>[Address Reference Count : 1]<UL><LI> startup_at32f403a_407.o(RESET)
</UL>
<P><STRONG><a name="[15]"></a>EXINT2_IRQHandler</STRONG> (Thumb, 0 bytes, Stack size 0 bytes, startup_at32f403a_407.o(.text))
<BR>[Address Reference Count : 1]<UL><LI> startup_at32f403a_407.o(RESET)
</UL>
<P><STRONG><a name="[16]"></a>EXINT3_IRQHandler</STRONG> (Thumb, 0 bytes, Stack size 0 bytes, startup_at32f403a_407.o(.text))
<BR>[Address Reference Count : 1]<UL><LI> startup_at32f403a_407.o(RESET)
</UL>
<P><STRONG><a name="[17]"></a>EXINT4_IRQHandler</STRONG> (Thumb, 0 bytes, Stack size 0 bytes, startup_at32f403a_407.o(.text))
<BR>[Address Reference Count : 1]<UL><LI> startup_at32f403a_407.o(RESET)
</UL>
<P><STRONG><a name="[24]"></a>EXINT9_5_IRQHandler</STRONG> (Thumb, 0 bytes, Stack size 0 bytes, startup_at32f403a_407.o(.text))
<BR>[Address Reference Count : 1]<UL><LI> startup_at32f403a_407.o(RESET)
</UL>
<P><STRONG><a name="[11]"></a>FLASH_IRQHandler</STRONG> (Thumb, 0 bytes, Stack size 0 bytes, startup_at32f403a_407.o(.text))
<BR>[Address Reference Count : 1]<UL><LI> startup_at32f403a_407.o(RESET)
</UL>
<P><STRONG><a name="[2d]"></a>I2C1_ERR_IRQHandler</STRONG> (Thumb, 0 bytes, Stack size 0 bytes, startup_at32f403a_407.o(.text))
<BR>[Address Reference Count : 1]<UL><LI> startup_at32f403a_407.o(RESET)
</UL>
<P><STRONG><a name="[2c]"></a>I2C1_EVT_IRQHandler</STRONG> (Thumb, 0 bytes, Stack size 0 bytes, startup_at32f403a_407.o(.text))
<BR>[Address Reference Count : 1]<UL><LI> startup_at32f403a_407.o(RESET)
</UL>
<P><STRONG><a name="[2f]"></a>I2C2_ERR_IRQHandler</STRONG> (Thumb, 0 bytes, Stack size 0 bytes, startup_at32f403a_407.o(.text))
<BR>[Address Reference Count : 1]<UL><LI> startup_at32f403a_407.o(RESET)
</UL>
<P><STRONG><a name="[2e]"></a>I2C2_EVT_IRQHandler</STRONG> (Thumb, 0 bytes, Stack size 0 bytes, startup_at32f403a_407.o(.text))
<BR>[Address Reference Count : 1]<UL><LI> startup_at32f403a_407.o(RESET)
</UL>
<P><STRONG><a name="[4b]"></a>I2C3_ERR_IRQHandler</STRONG> (Thumb, 0 bytes, Stack size 0 bytes, startup_at32f403a_407.o(.text))
<BR>[Address Reference Count : 1]<UL><LI> startup_at32f403a_407.o(RESET)
</UL>
<P><STRONG><a name="[4a]"></a>I2C3_EVT_IRQHandler</STRONG> (Thumb, 0 bytes, Stack size 0 bytes, startup_at32f403a_407.o(.text))
<BR>[Address Reference Count : 1]<UL><LI> startup_at32f403a_407.o(RESET)
</UL>
<P><STRONG><a name="[e]"></a>PVM_IRQHandler</STRONG> (Thumb, 0 bytes, Stack size 0 bytes, startup_at32f403a_407.o(.text))
<BR>[Address Reference Count : 1]<UL><LI> startup_at32f403a_407.o(RESET)
</UL>
<P><STRONG><a name="[36]"></a>RTCAlarm_IRQHandler</STRONG> (Thumb, 0 bytes, Stack size 0 bytes, startup_at32f403a_407.o(.text))
<BR>[Address Reference Count : 1]<UL><LI> startup_at32f403a_407.o(RESET)
</UL>
<P><STRONG><a name="[10]"></a>RTC_IRQHandler</STRONG> (Thumb, 0 bytes, Stack size 0 bytes, startup_at32f403a_407.o(.text))
<BR>[Address Reference Count : 1]<UL><LI> startup_at32f403a_407.o(RESET)
</UL>
<P><STRONG><a name="[3e]"></a>SDIO1_IRQHandler</STRONG> (Thumb, 0 bytes, Stack size 0 bytes, startup_at32f403a_407.o(.text))
<BR>[Address Reference Count : 1]<UL><LI> startup_at32f403a_407.o(RESET)
</UL>
<P><STRONG><a name="[49]"></a>SDIO2_IRQHandler</STRONG> (Thumb, 0 bytes, Stack size 0 bytes, startup_at32f403a_407.o(.text))
<BR>[Address Reference Count : 1]<UL><LI> startup_at32f403a_407.o(RESET)
</UL>
<P><STRONG><a name="[30]"></a>SPI1_IRQHandler</STRONG> (Thumb, 0 bytes, Stack size 0 bytes, startup_at32f403a_407.o(.text))
<BR>[Address Reference Count : 1]<UL><LI> startup_at32f403a_407.o(RESET)
</UL>
<P><STRONG><a name="[31]"></a>SPI2_I2S2EXT_IRQHandler</STRONG> (Thumb, 0 bytes, Stack size 0 bytes, startup_at32f403a_407.o(.text))
<BR>[Address Reference Count : 1]<UL><LI> startup_at32f403a_407.o(RESET)
</UL>
<P><STRONG><a name="[40]"></a>SPI3_I2S3EXT_IRQHandler</STRONG> (Thumb, 0 bytes, Stack size 0 bytes, startup_at32f403a_407.o(.text))
<BR>[Address Reference Count : 1]<UL><LI> startup_at32f403a_407.o(RESET)
</UL>
<P><STRONG><a name="[4c]"></a>SPI4_IRQHandler</STRONG> (Thumb, 0 bytes, Stack size 0 bytes, startup_at32f403a_407.o(.text))
<BR>[Address Reference Count : 1]<UL><LI> startup_at32f403a_407.o(RESET)
</UL>
<P><STRONG><a name="[f]"></a>TAMPER_IRQHandler</STRONG> (Thumb, 0 bytes, Stack size 0 bytes, startup_at32f403a_407.o(.text))
<BR>[Address Reference Count : 1]<UL><LI> startup_at32f403a_407.o(RESET)
</UL>
<P><STRONG><a name="[25]"></a>TMR1_BRK_TMR9_IRQHandler</STRONG> (Thumb, 0 bytes, Stack size 0 bytes, startup_at32f403a_407.o(.text))
<BR>[Address Reference Count : 1]<UL><LI> startup_at32f403a_407.o(RESET)
</UL>
<P><STRONG><a name="[28]"></a>TMR1_CH_IRQHandler</STRONG> (Thumb, 0 bytes, Stack size 0 bytes, startup_at32f403a_407.o(.text))
<BR>[Address Reference Count : 1]<UL><LI> startup_at32f403a_407.o(RESET)
</UL>
<P><STRONG><a name="[26]"></a>TMR1_OVF_TMR10_IRQHandler</STRONG> (Thumb, 0 bytes, Stack size 0 bytes, startup_at32f403a_407.o(.text))
<BR>[Address Reference Count : 1]<UL><LI> startup_at32f403a_407.o(RESET)
</UL>
<P><STRONG><a name="[27]"></a>TMR1_TRG_HALL_TMR11_IRQHandler</STRONG> (Thumb, 0 bytes, Stack size 0 bytes, startup_at32f403a_407.o(.text))
<BR>[Address Reference Count : 1]<UL><LI> startup_at32f403a_407.o(RESET)
</UL>
<P><STRONG><a name="[29]"></a>TMR2_GLOBAL_IRQHandler</STRONG> (Thumb, 0 bytes, Stack size 0 bytes, startup_at32f403a_407.o(.text))
<BR>[Address Reference Count : 1]<UL><LI> startup_at32f403a_407.o(RESET)
</UL>
<P><STRONG><a name="[2a]"></a>TMR3_GLOBAL_IRQHandler</STRONG> (Thumb, 0 bytes, Stack size 0 bytes, startup_at32f403a_407.o(.text))
<BR>[Address Reference Count : 1]<UL><LI> startup_at32f403a_407.o(RESET)
</UL>
<P><STRONG><a name="[2b]"></a>TMR4_GLOBAL_IRQHandler</STRONG> (Thumb, 0 bytes, Stack size 0 bytes, startup_at32f403a_407.o(.text))
<BR>[Address Reference Count : 1]<UL><LI> startup_at32f403a_407.o(RESET)
</UL>
<P><STRONG><a name="[43]"></a>TMR6_GLOBAL_IRQHandler</STRONG> (Thumb, 0 bytes, Stack size 0 bytes, startup_at32f403a_407.o(.text))
<BR>[Address Reference Count : 1]<UL><LI> startup_at32f403a_407.o(RESET)
</UL>
<P><STRONG><a name="[44]"></a>TMR7_GLOBAL_IRQHandler</STRONG> (Thumb, 0 bytes, Stack size 0 bytes, startup_at32f403a_407.o(.text))
<BR>[Address Reference Count : 1]<UL><LI> startup_at32f403a_407.o(RESET)
</UL>
<P><STRONG><a name="[38]"></a>TMR8_BRK_TMR12_IRQHandler</STRONG> (Thumb, 0 bytes, Stack size 0 bytes, startup_at32f403a_407.o(.text))
<BR>[Address Reference Count : 1]<UL><LI> startup_at32f403a_407.o(RESET)
</UL>
<P><STRONG><a name="[3b]"></a>TMR8_CH_IRQHandler</STRONG> (Thumb, 0 bytes, Stack size 0 bytes, startup_at32f403a_407.o(.text))
<BR>[Address Reference Count : 1]<UL><LI> startup_at32f403a_407.o(RESET)
</UL>
<P><STRONG><a name="[39]"></a>TMR8_OVF_TMR13_IRQHandler</STRONG> (Thumb, 0 bytes, Stack size 0 bytes, startup_at32f403a_407.o(.text))
<BR>[Address Reference Count : 1]<UL><LI> startup_at32f403a_407.o(RESET)
</UL>
<P><STRONG><a name="[3a]"></a>TMR8_TRG_HALL_TMR14_IRQHandler</STRONG> (Thumb, 0 bytes, Stack size 0 bytes, startup_at32f403a_407.o(.text))
<BR>[Address Reference Count : 1]<UL><LI> startup_at32f403a_407.o(RESET)
</UL>
<P><STRONG><a name="[41]"></a>UART4_IRQHandler</STRONG> (Thumb, 0 bytes, Stack size 0 bytes, startup_at32f403a_407.o(.text))
<BR>[Address Reference Count : 1]<UL><LI> startup_at32f403a_407.o(RESET)
</UL>
<P><STRONG><a name="[42]"></a>UART5_IRQHandler</STRONG> (Thumb, 0 bytes, Stack size 0 bytes, startup_at32f403a_407.o(.text))
<BR>[Address Reference Count : 1]<UL><LI> startup_at32f403a_407.o(RESET)
</UL>
<P><STRONG><a name="[56]"></a>UART7_IRQHandler</STRONG> (Thumb, 0 bytes, Stack size 0 bytes, startup_at32f403a_407.o(.text))
<BR>[Address Reference Count : 1]<UL><LI> startup_at32f403a_407.o(RESET)
</UL>
<P><STRONG><a name="[57]"></a>UART8_IRQHandler</STRONG> (Thumb, 0 bytes, Stack size 0 bytes, startup_at32f403a_407.o(.text))
<BR>[Address Reference Count : 1]<UL><LI> startup_at32f403a_407.o(RESET)
</UL>
<P><STRONG><a name="[32]"></a>USART1_IRQHandler</STRONG> (Thumb, 0 bytes, Stack size 0 bytes, startup_at32f403a_407.o(.text))
<BR>[Address Reference Count : 1]<UL><LI> startup_at32f403a_407.o(RESET)
</UL>
<P><STRONG><a name="[33]"></a>USART2_IRQHandler</STRONG> (Thumb, 0 bytes, Stack size 0 bytes, startup_at32f403a_407.o(.text))
<BR>[Address Reference Count : 1]<UL><LI> startup_at32f403a_407.o(RESET)
</UL>
<P><STRONG><a name="[34]"></a>USART3_IRQHandler</STRONG> (Thumb, 0 bytes, Stack size 0 bytes, startup_at32f403a_407.o(.text))
<BR>[Address Reference Count : 1]<UL><LI> startup_at32f403a_407.o(RESET)
</UL>
<P><STRONG><a name="[55]"></a>USART6_IRQHandler</STRONG> (Thumb, 0 bytes, Stack size 0 bytes, startup_at32f403a_407.o(.text))
<BR>[Address Reference Count : 1]<UL><LI> startup_at32f403a_407.o(RESET)
</UL>
<P><STRONG><a name="[37]"></a>USBFSWakeUp_IRQHandler</STRONG> (Thumb, 0 bytes, Stack size 0 bytes, startup_at32f403a_407.o(.text))
<BR>[Address Reference Count : 1]<UL><LI> startup_at32f403a_407.o(RESET)
</UL>
<P><STRONG><a name="[20]"></a>USBFS_H_CAN1_TX_IRQHandler</STRONG> (Thumb, 0 bytes, Stack size 0 bytes, startup_at32f403a_407.o(.text))
<BR>[Address Reference Count : 1]<UL><LI> startup_at32f403a_407.o(RESET)
</UL>
<P><STRONG><a name="[52]"></a>USBFS_MAPH_IRQHandler</STRONG> (Thumb, 0 bytes, Stack size 0 bytes, startup_at32f403a_407.o(.text))
<BR>[Address Reference Count : 1]<UL><LI> startup_at32f403a_407.o(RESET)
</UL>
<P><STRONG><a name="[53]"></a>USBFS_MAPL_IRQHandler</STRONG> (Thumb, 0 bytes, Stack size 0 bytes, startup_at32f403a_407.o(.text))
<BR>[Address Reference Count : 1]<UL><LI> startup_at32f403a_407.o(RESET)
</UL>
<P><STRONG><a name="[d]"></a>WWDT_IRQHandler</STRONG> (Thumb, 0 bytes, Stack size 0 bytes, startup_at32f403a_407.o(.text))
<BR>[Address Reference Count : 1]<UL><LI> startup_at32f403a_407.o(RESET)
</UL>
<P><STRONG><a name="[3d]"></a>XMC_IRQHandler</STRONG> (Thumb, 0 bytes, Stack size 0 bytes, startup_at32f403a_407.o(.text))
<BR>[Address Reference Count : 1]<UL><LI> startup_at32f403a_407.o(RESET)
</UL>
<P><STRONG><a name="[71]"></a>__aeabi_f2d</STRONG> (Thumb, 38 bytes, Stack size 0 bytes, f2d.o(.text))
<BR><BR>[Called By]<UL><LI><a href="#[98]">&gt;&gt;</a>&nbsp;&nbsp;&nbsp;angle_init
<LI><a href="#[c5]">&gt;&gt;</a>&nbsp;&nbsp;&nbsp;strong_drag_Angle
<LI><a href="#[79]">&gt;&gt;</a>&nbsp;&nbsp;&nbsp;getCorrectedElectricalAngle
<LI><a href="#[70]">&gt;&gt;</a>&nbsp;&nbsp;&nbsp;Angle_limit
</UL>

<P><STRONG><a name="[10e]"></a>__aeabi_cdcmpeq</STRONG> (Thumb, 0 bytes, Stack size 0 bytes, cdcmple.o(.text), UNUSED)

<P><STRONG><a name="[a6]"></a>__aeabi_cdcmple</STRONG> (Thumb, 48 bytes, Stack size 0 bytes, cdcmple.o(.text))
<BR><BR>[Called By]<UL><LI><a href="#[c5]">&gt;&gt;</a>&nbsp;&nbsp;&nbsp;strong_drag_Angle
<LI><a href="#[79]">&gt;&gt;</a>&nbsp;&nbsp;&nbsp;getCorrectedElectricalAngle
</UL>

<P><STRONG><a name="[60]"></a>__aeabi_d2f</STRONG> (Thumb, 56 bytes, Stack size 8 bytes, d2f.o(.text))
<BR><BR>[Stack]<UL><LI>Max Depth = 8<LI>Call Chain = __aeabi_d2f
</UL>
<BR>[Calls]<UL><LI><a href="#[61]">&gt;&gt;</a>&nbsp;&nbsp;&nbsp;_float_round
</UL>
<BR>[Called By]<UL><LI><a href="#[70]">&gt;&gt;</a>&nbsp;&nbsp;&nbsp;Angle_limit
</UL>

<P><STRONG><a name="[10f]"></a>__aeabi_uidiv</STRONG> (Thumb, 0 bytes, Stack size 12 bytes, uidiv.o(.text), UNUSED)

<P><STRONG><a name="[97]"></a>__aeabi_uidivmod</STRONG> (Thumb, 44 bytes, Stack size 12 bytes, uidiv.o(.text), UNUSED)
<BR><BR>[Called By]<UL><LI><a href="#[8f]">&gt;&gt;</a>&nbsp;&nbsp;&nbsp;_printf_core
</UL>

<P><STRONG><a name="[62]"></a>__aeabi_uldivmod</STRONG> (Thumb, 98 bytes, Stack size 40 bytes, uldiv.o(.text), UNUSED)
<BR><BR>[Calls]<UL><LI><a href="#[63]">&gt;&gt;</a>&nbsp;&nbsp;&nbsp;__aeabi_llsr
<LI><a href="#[64]">&gt;&gt;</a>&nbsp;&nbsp;&nbsp;__aeabi_llsl
</UL>
<BR>[Called By]<UL><LI><a href="#[8f]">&gt;&gt;</a>&nbsp;&nbsp;&nbsp;_printf_core
<LI><a href="#[93]">&gt;&gt;</a>&nbsp;&nbsp;&nbsp;_fp_digits
</UL>

<P><STRONG><a name="[110]"></a>__I$use$fp</STRONG> (Thumb, 0 bytes, Stack size 0 bytes, iusefp.o(.text), UNUSED)

<P><STRONG><a name="[61]"></a>_float_round</STRONG> (Thumb, 18 bytes, Stack size 0 bytes, fepilogue.o(.text))
<BR><BR>[Called By]<UL><LI><a href="#[60]">&gt;&gt;</a>&nbsp;&nbsp;&nbsp;__aeabi_d2f
</UL>

<P><STRONG><a name="[111]"></a>_float_epilogue</STRONG> (Thumb, 92 bytes, Stack size 4 bytes, fepilogue.o(.text), UNUSED)

<P><STRONG><a name="[65]"></a>__aeabi_dadd</STRONG> (Thumb, 322 bytes, Stack size 48 bytes, dadd.o(.text))
<BR><BR>[Stack]<UL><LI>Max Depth = 88<LI>Call Chain = __aeabi_dadd &rArr; _double_epilogue &rArr; _double_round
</UL>
<BR>[Calls]<UL><LI><a href="#[66]">&gt;&gt;</a>&nbsp;&nbsp;&nbsp;__aeabi_lasr
<LI><a href="#[64]">&gt;&gt;</a>&nbsp;&nbsp;&nbsp;__aeabi_llsl
<LI><a href="#[68]">&gt;&gt;</a>&nbsp;&nbsp;&nbsp;_double_round
<LI><a href="#[67]">&gt;&gt;</a>&nbsp;&nbsp;&nbsp;_double_epilogue
</UL>
<BR>[Called By]<UL><LI><a href="#[69]">&gt;&gt;</a>&nbsp;&nbsp;&nbsp;__aeabi_dsub
<LI><a href="#[93]">&gt;&gt;</a>&nbsp;&nbsp;&nbsp;_fp_digits
<LI><a href="#[6a]">&gt;&gt;</a>&nbsp;&nbsp;&nbsp;__aeabi_drsub
</UL>

<P><STRONG><a name="[69]"></a>__aeabi_dsub</STRONG> (Thumb, 6 bytes, Stack size 0 bytes, dadd.o(.text), UNUSED)
<BR><BR>[Calls]<UL><LI><a href="#[65]">&gt;&gt;</a>&nbsp;&nbsp;&nbsp;__aeabi_dadd
</UL>

<P><STRONG><a name="[6a]"></a>__aeabi_drsub</STRONG> (Thumb, 6 bytes, Stack size 0 bytes, dadd.o(.text))
<BR><BR>[Stack]<UL><LI>Max Depth = 88<LI>Call Chain = __aeabi_drsub &rArr; __aeabi_dadd &rArr; _double_epilogue &rArr; _double_round
</UL>
<BR>[Calls]<UL><LI><a href="#[65]">&gt;&gt;</a>&nbsp;&nbsp;&nbsp;__aeabi_dadd
</UL>
<BR>[Called By]<UL><LI><a href="#[72]">&gt;&gt;</a>&nbsp;&nbsp;&nbsp;__hardfp_fmod
</UL>

<P><STRONG><a name="[6b]"></a>__aeabi_dmul</STRONG> (Thumb, 228 bytes, Stack size 48 bytes, dmul.o(.text), UNUSED)
<BR><BR>[Calls]<UL><LI><a href="#[67]">&gt;&gt;</a>&nbsp;&nbsp;&nbsp;_double_epilogue
</UL>
<BR>[Called By]<UL><LI><a href="#[93]">&gt;&gt;</a>&nbsp;&nbsp;&nbsp;_fp_digits
</UL>

<P><STRONG><a name="[6c]"></a>__aeabi_ddiv</STRONG> (Thumb, 222 bytes, Stack size 32 bytes, ddiv.o(.text))
<BR><BR>[Stack]<UL><LI>Max Depth = 40<LI>Call Chain = __aeabi_ddiv &rArr; _double_round
</UL>
<BR>[Calls]<UL><LI><a href="#[68]">&gt;&gt;</a>&nbsp;&nbsp;&nbsp;_double_round
</UL>
<BR>[Called By]<UL><LI><a href="#[91]">&gt;&gt;</a>&nbsp;&nbsp;&nbsp;__mathlib_dbl_invalid
<LI><a href="#[93]">&gt;&gt;</a>&nbsp;&nbsp;&nbsp;_fp_digits
</UL>

<P><STRONG><a name="[6d]"></a>_drem</STRONG> (Thumb, 134 bytes, Stack size 48 bytes, drem.o(.text))
<BR><BR>[Stack]<UL><LI>Max Depth = 88<LI>Call Chain = _drem &rArr; _double_epilogue &rArr; _double_round
</UL>
<BR>[Calls]<UL><LI><a href="#[67]">&gt;&gt;</a>&nbsp;&nbsp;&nbsp;_double_epilogue
</UL>
<BR>[Called By]<UL><LI><a href="#[72]">&gt;&gt;</a>&nbsp;&nbsp;&nbsp;__hardfp_fmod
</UL>

<P><STRONG><a name="[6e]"></a>__aeabi_d2ulz</STRONG> (Thumb, 48 bytes, Stack size 0 bytes, dfixul.o(.text), UNUSED)
<BR><BR>[Calls]<UL><LI><a href="#[63]">&gt;&gt;</a>&nbsp;&nbsp;&nbsp;__aeabi_llsr
<LI><a href="#[64]">&gt;&gt;</a>&nbsp;&nbsp;&nbsp;__aeabi_llsl
</UL>
<BR>[Called By]<UL><LI><a href="#[93]">&gt;&gt;</a>&nbsp;&nbsp;&nbsp;_fp_digits
</UL>

<P><STRONG><a name="[94]"></a>__aeabi_cdrcmple</STRONG> (Thumb, 48 bytes, Stack size 0 bytes, cdrcmple.o(.text), UNUSED)
<BR><BR>[Called By]<UL><LI><a href="#[93]">&gt;&gt;</a>&nbsp;&nbsp;&nbsp;_fp_digits
</UL>

<P><STRONG><a name="[5f]"></a>__scatterload</STRONG> (Thumb, 28 bytes, Stack size 0 bytes, init.o(.text))
<BR><BR>[Calls]<UL><LI><a href="#[6f]">&gt;&gt;</a>&nbsp;&nbsp;&nbsp;__main_after_scatterload
</UL>
<BR>[Called By]<UL><LI><a href="#[5e]">&gt;&gt;</a>&nbsp;&nbsp;&nbsp;_main_scatterload
</UL>

<P><STRONG><a name="[112]"></a>__scatterload_rt2</STRONG> (Thumb, 0 bytes, Stack size 0 bytes, init.o(.text), UNUSED)

<P><STRONG><a name="[64]"></a>__aeabi_llsl</STRONG> (Thumb, 30 bytes, Stack size 0 bytes, llshl.o(.text))
<BR><BR>[Called By]<UL><LI><a href="#[67]">&gt;&gt;</a>&nbsp;&nbsp;&nbsp;_double_epilogue
<LI><a href="#[62]">&gt;&gt;</a>&nbsp;&nbsp;&nbsp;__aeabi_uldivmod
<LI><a href="#[65]">&gt;&gt;</a>&nbsp;&nbsp;&nbsp;__aeabi_dadd
<LI><a href="#[6e]">&gt;&gt;</a>&nbsp;&nbsp;&nbsp;__aeabi_d2ulz
</UL>

<P><STRONG><a name="[113]"></a>_ll_shift_l</STRONG> (Thumb, 0 bytes, Stack size 0 bytes, llshl.o(.text), UNUSED)

<P><STRONG><a name="[63]"></a>__aeabi_llsr</STRONG> (Thumb, 32 bytes, Stack size 0 bytes, llushr.o(.text))
<BR><BR>[Called By]<UL><LI><a href="#[67]">&gt;&gt;</a>&nbsp;&nbsp;&nbsp;_double_epilogue
<LI><a href="#[62]">&gt;&gt;</a>&nbsp;&nbsp;&nbsp;__aeabi_uldivmod
<LI><a href="#[6e]">&gt;&gt;</a>&nbsp;&nbsp;&nbsp;__aeabi_d2ulz
</UL>

<P><STRONG><a name="[114]"></a>_ll_ushift_r</STRONG> (Thumb, 0 bytes, Stack size 0 bytes, llushr.o(.text), UNUSED)

<P><STRONG><a name="[66]"></a>__aeabi_lasr</STRONG> (Thumb, 36 bytes, Stack size 0 bytes, llsshr.o(.text))
<BR><BR>[Called By]<UL><LI><a href="#[65]">&gt;&gt;</a>&nbsp;&nbsp;&nbsp;__aeabi_dadd
</UL>

<P><STRONG><a name="[115]"></a>_ll_sshift_r</STRONG> (Thumb, 0 bytes, Stack size 0 bytes, llsshr.o(.text), UNUSED)

<P><STRONG><a name="[68]"></a>_double_round</STRONG> (Thumb, 30 bytes, Stack size 8 bytes, depilogue.o(.text))
<BR><BR>[Stack]<UL><LI>Max Depth = 8<LI>Call Chain = _double_round
</UL>
<BR>[Called By]<UL><LI><a href="#[67]">&gt;&gt;</a>&nbsp;&nbsp;&nbsp;_double_epilogue
<LI><a href="#[6c]">&gt;&gt;</a>&nbsp;&nbsp;&nbsp;__aeabi_ddiv
<LI><a href="#[65]">&gt;&gt;</a>&nbsp;&nbsp;&nbsp;__aeabi_dadd
</UL>

<P><STRONG><a name="[67]"></a>_double_epilogue</STRONG> (Thumb, 156 bytes, Stack size 32 bytes, depilogue.o(.text))
<BR><BR>[Stack]<UL><LI>Max Depth = 40<LI>Call Chain = _double_epilogue &rArr; _double_round
</UL>
<BR>[Calls]<UL><LI><a href="#[63]">&gt;&gt;</a>&nbsp;&nbsp;&nbsp;__aeabi_llsr
<LI><a href="#[64]">&gt;&gt;</a>&nbsp;&nbsp;&nbsp;__aeabi_llsl
<LI><a href="#[68]">&gt;&gt;</a>&nbsp;&nbsp;&nbsp;_double_round
</UL>
<BR>[Called By]<UL><LI><a href="#[6b]">&gt;&gt;</a>&nbsp;&nbsp;&nbsp;__aeabi_dmul
<LI><a href="#[65]">&gt;&gt;</a>&nbsp;&nbsp;&nbsp;__aeabi_dadd
<LI><a href="#[6d]">&gt;&gt;</a>&nbsp;&nbsp;&nbsp;_drem
</UL>

<P><STRONG><a name="[116]"></a>__decompress</STRONG> (Thumb, 0 bytes, Stack size unknown bytes, __dczerorl2.o(.text), UNUSED)

<P><STRONG><a name="[117]"></a>__decompress1</STRONG> (Thumb, 86 bytes, Stack size unknown bytes, __dczerorl2.o(.text), UNUSED)

<P><STRONG><a name="[7]"></a>BusFault_Handler</STRONG> (Thumb, 4 bytes, Stack size 0 bytes, at32f403a_407_int.o(i.BusFault_Handler))
<BR>[Address Reference Count : 1]<UL><LI> startup_at32f403a_407.o(RESET)
</UL>
<P><STRONG><a name="[23]"></a>CAN1_SE_IRQHandler</STRONG> (Thumb, 2 bytes, Stack size 0 bytes, at32f403a_407_int.o(i.CAN1_SE_IRQHandler))
<BR>[Address Reference Count : 1]<UL><LI> startup_at32f403a_407.o(RESET)
</UL>
<P><STRONG><a name="[18]"></a>DMA1_Channel1_IRQHandler</STRONG> (Thumb, 30 bytes, Stack size 8 bytes, at32f403a_407_int.o(i.DMA1_Channel1_IRQHandler))
<BR><BR>[Stack]<UL><LI>Max Depth = 224<LI>Call Chain = DMA1_Channel1_IRQHandler &rArr; FocContorl &rArr; getCorrectedElectricalAngle &rArr; _electricalAngle &rArr; Angle_limit &rArr; __hardfp_fmod &rArr; _drem &rArr; _double_epilogue &rArr; _double_round
</UL>
<BR>[Calls]<UL><LI><a href="#[73]">&gt;&gt;</a>&nbsp;&nbsp;&nbsp;dma_flag_get
<LI><a href="#[74]">&gt;&gt;</a>&nbsp;&nbsp;&nbsp;dma_flag_clear
<LI><a href="#[75]">&gt;&gt;</a>&nbsp;&nbsp;&nbsp;FocContorl
</UL>
<BR>[Address Reference Count : 1]<UL><LI> startup_at32f403a_407.o(RESET)
</UL>
<P><STRONG><a name="[19]"></a>DMA1_Channel2_IRQHandler</STRONG> (Thumb, 30 bytes, Stack size 8 bytes, at32f403a_407_int.o(i.DMA1_Channel2_IRQHandler))
<BR><BR>[Stack]<UL><LI>Max Depth = 224<LI>Call Chain = DMA1_Channel2_IRQHandler &rArr; FocContorl &rArr; getCorrectedElectricalAngle &rArr; _electricalAngle &rArr; Angle_limit &rArr; __hardfp_fmod &rArr; _drem &rArr; _double_epilogue &rArr; _double_round
</UL>
<BR>[Calls]<UL><LI><a href="#[73]">&gt;&gt;</a>&nbsp;&nbsp;&nbsp;dma_flag_get
<LI><a href="#[74]">&gt;&gt;</a>&nbsp;&nbsp;&nbsp;dma_flag_clear
<LI><a href="#[75]">&gt;&gt;</a>&nbsp;&nbsp;&nbsp;FocContorl
</UL>
<BR>[Address Reference Count : 1]<UL><LI> startup_at32f403a_407.o(RESET)
</UL>
<P><STRONG><a name="[1a]"></a>DMA1_Channel3_IRQHandler</STRONG> (Thumb, 56 bytes, Stack size 8 bytes, at32f403a_407_int.o(i.DMA1_Channel3_IRQHandler))
<BR><BR>[Stack]<UL><LI>Max Depth = 8<LI>Call Chain = DMA1_Channel3_IRQHandler
</UL>
<BR>[Calls]<UL><LI><a href="#[77]">&gt;&gt;</a>&nbsp;&nbsp;&nbsp;gpio_bits_set
<LI><a href="#[73]">&gt;&gt;</a>&nbsp;&nbsp;&nbsp;dma_flag_get
<LI><a href="#[74]">&gt;&gt;</a>&nbsp;&nbsp;&nbsp;dma_flag_clear
<LI><a href="#[76]">&gt;&gt;</a>&nbsp;&nbsp;&nbsp;dma_channel_enable
</UL>
<BR>[Address Reference Count : 1]<UL><LI> startup_at32f403a_407.o(RESET)
</UL>
<P><STRONG><a name="[1c]"></a>DMA1_Channel5_IRQHandler</STRONG> (Thumb, 56 bytes, Stack size 8 bytes, at32f403a_407_int.o(i.DMA1_Channel5_IRQHandler))
<BR><BR>[Stack]<UL><LI>Max Depth = 8<LI>Call Chain = DMA1_Channel5_IRQHandler
</UL>
<BR>[Calls]<UL><LI><a href="#[77]">&gt;&gt;</a>&nbsp;&nbsp;&nbsp;gpio_bits_set
<LI><a href="#[73]">&gt;&gt;</a>&nbsp;&nbsp;&nbsp;dma_flag_get
<LI><a href="#[74]">&gt;&gt;</a>&nbsp;&nbsp;&nbsp;dma_flag_clear
<LI><a href="#[76]">&gt;&gt;</a>&nbsp;&nbsp;&nbsp;dma_channel_enable
</UL>
<BR>[Address Reference Count : 1]<UL><LI> startup_at32f403a_407.o(RESET)
</UL>
<P><STRONG><a name="[1e]"></a>DMA1_Channel7_IRQHandler</STRONG> (Thumb, 34 bytes, Stack size 8 bytes, at32f403a_407_int.o(i.DMA1_Channel7_IRQHandler))
<BR><BR>[Stack]<UL><LI>Max Depth = 8<LI>Call Chain = DMA1_Channel7_IRQHandler
</UL>
<BR>[Calls]<UL><LI><a href="#[78]">&gt;&gt;</a>&nbsp;&nbsp;&nbsp;dma_interrupt_flag_get
<LI><a href="#[74]">&gt;&gt;</a>&nbsp;&nbsp;&nbsp;dma_flag_clear
<LI><a href="#[76]">&gt;&gt;</a>&nbsp;&nbsp;&nbsp;dma_channel_enable
</UL>
<BR>[Address Reference Count : 1]<UL><LI> startup_at32f403a_407.o(RESET)
</UL>
<P><STRONG><a name="[a]"></a>DebugMon_Handler</STRONG> (Thumb, 2 bytes, Stack size 0 bytes, at32f403a_407_int.o(i.DebugMon_Handler))
<BR>[Address Reference Count : 1]<UL><LI> startup_at32f403a_407.o(RESET)
</UL>
<P><STRONG><a name="[75]"></a>FocContorl</STRONG> (Thumb, 268 bytes, Stack size 16 bytes, foc.o(i.FocContorl))
<BR><BR>[Stack]<UL><LI>Max Depth = 216<LI>Call Chain = FocContorl &rArr; getCorrectedElectricalAngle &rArr; _electricalAngle &rArr; Angle_limit &rArr; __hardfp_fmod &rArr; _drem &rArr; _double_epilogue &rArr; _double_round
</UL>
<BR>[Calls]<UL><LI><a href="#[7e]">&gt;&gt;</a>&nbsp;&nbsp;&nbsp;SVpwm
<LI><a href="#[7c]">&gt;&gt;</a>&nbsp;&nbsp;&nbsp;PI_Compute
<LI><a href="#[7f]">&gt;&gt;</a>&nbsp;&nbsp;&nbsp;setSVpwm
<LI><a href="#[7b]">&gt;&gt;</a>&nbsp;&nbsp;&nbsp;park_transform
<LI><a href="#[7d]">&gt;&gt;</a>&nbsp;&nbsp;&nbsp;inv_park_transform
<LI><a href="#[79]">&gt;&gt;</a>&nbsp;&nbsp;&nbsp;getCorrectedElectricalAngle
<LI><a href="#[7a]">&gt;&gt;</a>&nbsp;&nbsp;&nbsp;clarke_transform
</UL>
<BR>[Called By]<UL><LI><a href="#[19]">&gt;&gt;</a>&nbsp;&nbsp;&nbsp;DMA1_Channel2_IRQHandler
<LI><a href="#[18]">&gt;&gt;</a>&nbsp;&nbsp;&nbsp;DMA1_Channel1_IRQHandler
</UL>

<P><STRONG><a name="[5]"></a>HardFault_Handler</STRONG> (Thumb, 4 bytes, Stack size 0 bytes, at32f403a_407_int.o(i.HardFault_Handler))
<BR>[Address Reference Count : 1]<UL><LI> startup_at32f403a_407.o(RESET)
</UL>
<P><STRONG><a name="[80]"></a>M1_adc_tigger</STRONG> (Thumb, 38 bytes, Stack size 8 bytes, foc.o(i.M1_adc_tigger))
<BR><BR>[Stack]<UL><LI>Max Depth = 8<LI>Call Chain = M1_adc_tigger
</UL>
<BR>[Calls]<UL><LI><a href="#[81]">&gt;&gt;</a>&nbsp;&nbsp;&nbsp;tmr_channel_value_set
</UL>
<BR>[Called By]<UL><LI><a href="#[5a]">&gt;&gt;</a>&nbsp;&nbsp;&nbsp;main
</UL>

<P><STRONG><a name="[82]"></a>M2_adc_tigger</STRONG> (Thumb, 38 bytes, Stack size 8 bytes, foc.o(i.M2_adc_tigger))
<BR><BR>[Stack]<UL><LI>Max Depth = 8<LI>Call Chain = M2_adc_tigger
</UL>
<BR>[Calls]<UL><LI><a href="#[81]">&gt;&gt;</a>&nbsp;&nbsp;&nbsp;tmr_channel_value_set
</UL>
<BR>[Called By]<UL><LI><a href="#[5a]">&gt;&gt;</a>&nbsp;&nbsp;&nbsp;main
</UL>

<P><STRONG><a name="[0]"></a>MT6701_GetAngle</STRONG> (Thumb, 110 bytes, Stack size 16 bytes, mt6701.o(i.MT6701_GetAngle))
<BR><BR>[Stack]<UL><LI>Max Depth = 24<LI>Call Chain = MT6701_GetAngle &rArr; MT6701_StartRead
</UL>
<BR>[Calls]<UL><LI><a href="#[83]">&gt;&gt;</a>&nbsp;&nbsp;&nbsp;MT6701_StartRead
</UL>
<BR>[Address Reference Count : 1]<UL><LI> foc.o(.data)
</UL>
<P><STRONG><a name="[83]"></a>MT6701_StartRead</STRONG> (Thumb, 56 bytes, Stack size 8 bytes, mt6701.o(i.MT6701_StartRead))
<BR><BR>[Stack]<UL><LI>Max Depth = 8<LI>Call Chain = MT6701_StartRead
</UL>
<BR>[Calls]<UL><LI><a href="#[84]">&gt;&gt;</a>&nbsp;&nbsp;&nbsp;gpio_bits_reset
<LI><a href="#[76]">&gt;&gt;</a>&nbsp;&nbsp;&nbsp;dma_channel_enable
<LI><a href="#[85]">&gt;&gt;</a>&nbsp;&nbsp;&nbsp;spi_i2s_flag_get
<LI><a href="#[86]">&gt;&gt;</a>&nbsp;&nbsp;&nbsp;spi_i2s_data_transmit
</UL>
<BR>[Called By]<UL><LI><a href="#[0]">&gt;&gt;</a>&nbsp;&nbsp;&nbsp;MT6701_GetAngle
</UL>

<P><STRONG><a name="[6]"></a>MemManage_Handler</STRONG> (Thumb, 4 bytes, Stack size 0 bytes, at32f403a_407_int.o(i.MemManage_Handler))
<BR>[Address Reference Count : 1]<UL><LI> startup_at32f403a_407.o(RESET)
</UL>
<P><STRONG><a name="[4]"></a>NMI_Handler</STRONG> (Thumb, 2 bytes, Stack size 0 bytes, at32f403a_407_int.o(i.NMI_Handler))
<BR>[Address Reference Count : 1]<UL><LI> startup_at32f403a_407.o(RESET)
</UL>
<P><STRONG><a name="[7c]"></a>PI_Compute</STRONG> (Thumb, 186 bytes, Stack size 0 bytes, pid.o(i.PI_Compute))
<BR><BR>[Called By]<UL><LI><a href="#[75]">&gt;&gt;</a>&nbsp;&nbsp;&nbsp;FocContorl
</UL>

<P><STRONG><a name="[b]"></a>PendSV_Handler</STRONG> (Thumb, 2 bytes, Stack size 0 bytes, at32f403a_407_int.o(i.PendSV_Handler))
<BR>[Address Reference Count : 1]<UL><LI> startup_at32f403a_407.o(RESET)
</UL>
<P><STRONG><a name="[87]"></a>Product_Overview</STRONG> (Thumb, 136 bytes, Stack size 8 bytes, log.o(i.Product_Overview))
<BR><BR>[Stack]<UL><LI>Max Depth = 32<LI>Call Chain = Product_Overview &rArr; __2printf
</UL>
<BR>[Calls]<UL><LI><a href="#[88]">&gt;&gt;</a>&nbsp;&nbsp;&nbsp;__2printf
</UL>
<BR>[Called By]<UL><LI><a href="#[5a]">&gt;&gt;</a>&nbsp;&nbsp;&nbsp;main
</UL>

<P><STRONG><a name="[9]"></a>SVC_Handler</STRONG> (Thumb, 2 bytes, Stack size 0 bytes, at32f403a_407_int.o(i.SVC_Handler))
<BR>[Address Reference Count : 1]<UL><LI> startup_at32f403a_407.o(RESET)
</UL>
<P><STRONG><a name="[7e]"></a>SVpwm</STRONG> (Thumb, 1316 bytes, Stack size 0 bytes, svpwm.o(i.SVpwm))
<BR><BR>[Called By]<UL><LI><a href="#[75]">&gt;&gt;</a>&nbsp;&nbsp;&nbsp;FocContorl
</UL>

<P><STRONG><a name="[c]"></a>SysTick_Handler</STRONG> (Thumb, 2 bytes, Stack size 0 bytes, at32f403a_407_int.o(i.SysTick_Handler))
<BR>[Address Reference Count : 1]<UL><LI> startup_at32f403a_407.o(RESET)
</UL>
<P><STRONG><a name="[5b]"></a>SystemInit</STRONG> (Thumb, 100 bytes, Stack size 0 bytes, system_at32f403a_407.o(i.SystemInit))
<BR>[Address Reference Count : 1]<UL><LI> startup_at32f403a_407.o(.text)
</UL>
<P><STRONG><a name="[3f]"></a>TMR5_GLOBAL_IRQHandler</STRONG> (Thumb, 44 bytes, Stack size 8 bytes, at32f403a_407_int.o(i.TMR5_GLOBAL_IRQHandler))
<BR><BR>[Stack]<UL><LI>Max Depth = 8<LI>Call Chain = TMR5_GLOBAL_IRQHandler
</UL>
<BR>[Calls]<UL><LI><a href="#[8a]">&gt;&gt;</a>&nbsp;&nbsp;&nbsp;tmr_flag_clear
<LI><a href="#[89]">&gt;&gt;</a>&nbsp;&nbsp;&nbsp;at32_led_toggle
</UL>
<BR>[Address Reference Count : 1]<UL><LI> startup_at32f403a_407.o(RESET)
</UL>
<P><STRONG><a name="[8b]"></a>USART1_SendFloatArray</STRONG> (Thumb, 86 bytes, Stack size 16 bytes, usart_1.o(i.USART1_SendFloatArray))
<BR><BR>[Stack]<UL><LI>Max Depth = 16<LI>Call Chain = USART1_SendFloatArray
</UL>
<BR>[Calls]<UL><LI><a href="#[76]">&gt;&gt;</a>&nbsp;&nbsp;&nbsp;dma_channel_enable
</UL>
<BR>[Called By]<UL><LI><a href="#[5a]">&gt;&gt;</a>&nbsp;&nbsp;&nbsp;main
</UL>

<P><STRONG><a name="[21]"></a>USBFS_L_CAN1_RX0_IRQHandler</STRONG> (Thumb, 48 bytes, Stack size 24 bytes, at32f403a_407_int.o(i.USBFS_L_CAN1_RX0_IRQHandler))
<BR><BR>[Stack]<UL><LI>Max Depth = 48<LI>Call Chain = USBFS_L_CAN1_RX0_IRQHandler &rArr; __2printf
</UL>
<BR>[Calls]<UL><LI><a href="#[8d]">&gt;&gt;</a>&nbsp;&nbsp;&nbsp;can_message_receive
<LI><a href="#[8c]">&gt;&gt;</a>&nbsp;&nbsp;&nbsp;can_flag_get
<LI><a href="#[88]">&gt;&gt;</a>&nbsp;&nbsp;&nbsp;__2printf
</UL>
<BR>[Address Reference Count : 1]<UL><LI> startup_at32f403a_407.o(RESET)
</UL>
<P><STRONG><a name="[8]"></a>UsageFault_Handler</STRONG> (Thumb, 4 bytes, Stack size 0 bytes, at32f403a_407_int.o(i.UsageFault_Handler))
<BR>[Address Reference Count : 1]<UL><LI> startup_at32f403a_407.o(RESET)
</UL>
<P><STRONG><a name="[8e]"></a>__0printf</STRONG> (Thumb, 22 bytes, Stack size 24 bytes, printfa.o(i.__0printf), UNUSED)
<BR><BR>[Calls]<UL><LI><a href="#[8f]">&gt;&gt;</a>&nbsp;&nbsp;&nbsp;_printf_core
</UL>

<P><STRONG><a name="[118]"></a>__1printf</STRONG> (Thumb, 0 bytes, Stack size 24 bytes, printfa.o(i.__0printf), UNUSED)

<P><STRONG><a name="[88]"></a>__2printf</STRONG> (Thumb, 0 bytes, Stack size 24 bytes, printfa.o(i.__0printf))
<BR><BR>[Stack]<UL><LI>Max Depth = 24<LI>Call Chain = __2printf
</UL>
<BR>[Called By]<UL><LI><a href="#[21]">&gt;&gt;</a>&nbsp;&nbsp;&nbsp;USBFS_L_CAN1_RX0_IRQHandler
<LI><a href="#[a2]">&gt;&gt;</a>&nbsp;&nbsp;&nbsp;first_get
<LI><a href="#[98]">&gt;&gt;</a>&nbsp;&nbsp;&nbsp;angle_init
<LI><a href="#[87]">&gt;&gt;</a>&nbsp;&nbsp;&nbsp;Product_Overview
</UL>

<P><STRONG><a name="[119]"></a>__c89printf</STRONG> (Thumb, 0 bytes, Stack size 24 bytes, printfa.o(i.__0printf), UNUSED)

<P><STRONG><a name="[11a]"></a>printf</STRONG> (Thumb, 0 bytes, Stack size 24 bytes, printfa.o(i.__0printf), UNUSED)

<P><STRONG><a name="[a5]"></a>__hardfp_fabs</STRONG> (Thumb, 20 bytes, Stack size 8 bytes, fabs.o(i.__hardfp_fabs))
<BR><BR>[Stack]<UL><LI>Max Depth = 8<LI>Call Chain = __hardfp_fabs
</UL>
<BR>[Called By]<UL><LI><a href="#[c5]">&gt;&gt;</a>&nbsp;&nbsp;&nbsp;strong_drag_Angle
<LI><a href="#[79]">&gt;&gt;</a>&nbsp;&nbsp;&nbsp;getCorrectedElectricalAngle
</UL>

<P><STRONG><a name="[72]"></a>__hardfp_fmod</STRONG> (Thumb, 254 bytes, Stack size 48 bytes, fmod.o(i.__hardfp_fmod))
<BR><BR>[Stack]<UL><LI>Max Depth = 136<LI>Call Chain = __hardfp_fmod &rArr; _drem &rArr; _double_epilogue &rArr; _double_round
</UL>
<BR>[Calls]<UL><LI><a href="#[90]">&gt;&gt;</a>&nbsp;&nbsp;&nbsp;__set_errno
<LI><a href="#[91]">&gt;&gt;</a>&nbsp;&nbsp;&nbsp;__mathlib_dbl_invalid
<LI><a href="#[6d]">&gt;&gt;</a>&nbsp;&nbsp;&nbsp;_drem
<LI><a href="#[6a]">&gt;&gt;</a>&nbsp;&nbsp;&nbsp;__aeabi_drsub
</UL>
<BR>[Called By]<UL><LI><a href="#[70]">&gt;&gt;</a>&nbsp;&nbsp;&nbsp;Angle_limit
</UL>

<P><STRONG><a name="[91]"></a>__mathlib_dbl_invalid</STRONG> (Thumb, 24 bytes, Stack size 8 bytes, dunder.o(i.__mathlib_dbl_invalid))
<BR><BR>[Stack]<UL><LI>Max Depth = 48<LI>Call Chain = __mathlib_dbl_invalid &rArr; __aeabi_ddiv &rArr; _double_round
</UL>
<BR>[Calls]<UL><LI><a href="#[6c]">&gt;&gt;</a>&nbsp;&nbsp;&nbsp;__aeabi_ddiv
</UL>
<BR>[Called By]<UL><LI><a href="#[72]">&gt;&gt;</a>&nbsp;&nbsp;&nbsp;__hardfp_fmod
</UL>

<P><STRONG><a name="[11b]"></a>__scatterload_copy</STRONG> (Thumb, 14 bytes, Stack size unknown bytes, handlers.o(i.__scatterload_copy), UNUSED)

<P><STRONG><a name="[11c]"></a>__scatterload_null</STRONG> (Thumb, 2 bytes, Stack size unknown bytes, handlers.o(i.__scatterload_null), UNUSED)

<P><STRONG><a name="[11d]"></a>__scatterload_zeroinit</STRONG> (Thumb, 14 bytes, Stack size unknown bytes, handlers.o(i.__scatterload_zeroinit), UNUSED)

<P><STRONG><a name="[90]"></a>__set_errno</STRONG> (Thumb, 6 bytes, Stack size 0 bytes, errno.o(i.__set_errno))
<BR><BR>[Called By]<UL><LI><a href="#[72]">&gt;&gt;</a>&nbsp;&nbsp;&nbsp;__hardfp_fmod
</UL>

<P><STRONG><a name="[ce]"></a>adc_base_config</STRONG> (Thumb, 44 bytes, Stack size 0 bytes, at32f403a_407_adc.o(i.adc_base_config))
<BR><BR>[Called By]<UL><LI><a href="#[bb]">&gt;&gt;</a>&nbsp;&nbsp;&nbsp;wk_adc3_init
<LI><a href="#[ba]">&gt;&gt;</a>&nbsp;&nbsp;&nbsp;wk_adc1_init
</UL>

<P><STRONG><a name="[cd]"></a>adc_base_default_para_init</STRONG> (Thumb, 14 bytes, Stack size 0 bytes, at32f403a_407_adc.o(i.adc_base_default_para_init))
<BR><BR>[Called By]<UL><LI><a href="#[bb]">&gt;&gt;</a>&nbsp;&nbsp;&nbsp;wk_adc3_init
<LI><a href="#[ba]">&gt;&gt;</a>&nbsp;&nbsp;&nbsp;wk_adc1_init
</UL>

<P><STRONG><a name="[d4]"></a>adc_calibration_init</STRONG> (Thumb, 12 bytes, Stack size 0 bytes, at32f403a_407_adc.o(i.adc_calibration_init))
<BR><BR>[Called By]<UL><LI><a href="#[bb]">&gt;&gt;</a>&nbsp;&nbsp;&nbsp;wk_adc3_init
<LI><a href="#[ba]">&gt;&gt;</a>&nbsp;&nbsp;&nbsp;wk_adc1_init
</UL>

<P><STRONG><a name="[d5]"></a>adc_calibration_init_status_get</STRONG> (Thumb, 18 bytes, Stack size 0 bytes, at32f403a_407_adc.o(i.adc_calibration_init_status_get))
<BR><BR>[Called By]<UL><LI><a href="#[bb]">&gt;&gt;</a>&nbsp;&nbsp;&nbsp;wk_adc3_init
<LI><a href="#[ba]">&gt;&gt;</a>&nbsp;&nbsp;&nbsp;wk_adc1_init
</UL>

<P><STRONG><a name="[d6]"></a>adc_calibration_start</STRONG> (Thumb, 12 bytes, Stack size 0 bytes, at32f403a_407_adc.o(i.adc_calibration_start))
<BR><BR>[Called By]<UL><LI><a href="#[bb]">&gt;&gt;</a>&nbsp;&nbsp;&nbsp;wk_adc3_init
<LI><a href="#[ba]">&gt;&gt;</a>&nbsp;&nbsp;&nbsp;wk_adc1_init
</UL>

<P><STRONG><a name="[d7]"></a>adc_calibration_status_get</STRONG> (Thumb, 18 bytes, Stack size 0 bytes, at32f403a_407_adc.o(i.adc_calibration_status_get))
<BR><BR>[Called By]<UL><LI><a href="#[bb]">&gt;&gt;</a>&nbsp;&nbsp;&nbsp;wk_adc3_init
<LI><a href="#[ba]">&gt;&gt;</a>&nbsp;&nbsp;&nbsp;wk_adc1_init
</UL>

<P><STRONG><a name="[cc]"></a>adc_combine_mode_select</STRONG> (Thumb, 14 bytes, Stack size 0 bytes, at32f403a_407_adc.o(i.adc_combine_mode_select))
<BR><BR>[Called By]<UL><LI><a href="#[ba]">&gt;&gt;</a>&nbsp;&nbsp;&nbsp;wk_adc1_init
</UL>

<P><STRONG><a name="[d2]"></a>adc_dma_mode_enable</STRONG> (Thumb, 10 bytes, Stack size 0 bytes, at32f403a_407_adc.o(i.adc_dma_mode_enable))
<BR><BR>[Called By]<UL><LI><a href="#[bb]">&gt;&gt;</a>&nbsp;&nbsp;&nbsp;wk_adc3_init
<LI><a href="#[ba]">&gt;&gt;</a>&nbsp;&nbsp;&nbsp;wk_adc1_init
</UL>

<P><STRONG><a name="[d3]"></a>adc_enable</STRONG> (Thumb, 10 bytes, Stack size 0 bytes, at32f403a_407_adc.o(i.adc_enable))
<BR><BR>[Called By]<UL><LI><a href="#[bb]">&gt;&gt;</a>&nbsp;&nbsp;&nbsp;wk_adc3_init
<LI><a href="#[ba]">&gt;&gt;</a>&nbsp;&nbsp;&nbsp;wk_adc1_init
</UL>

<P><STRONG><a name="[cf]"></a>adc_ordinary_channel_set</STRONG> (Thumb, 168 bytes, Stack size 16 bytes, at32f403a_407_adc.o(i.adc_ordinary_channel_set))
<BR><BR>[Stack]<UL><LI>Max Depth = 16<LI>Call Chain = adc_ordinary_channel_set
</UL>
<BR>[Called By]<UL><LI><a href="#[bb]">&gt;&gt;</a>&nbsp;&nbsp;&nbsp;wk_adc3_init
<LI><a href="#[ba]">&gt;&gt;</a>&nbsp;&nbsp;&nbsp;wk_adc1_init
</UL>

<P><STRONG><a name="[d0]"></a>adc_ordinary_conversion_trigger_set</STRONG> (Thumb, 52 bytes, Stack size 0 bytes, at32f403a_407_adc.o(i.adc_ordinary_conversion_trigger_set))
<BR><BR>[Called By]<UL><LI><a href="#[bb]">&gt;&gt;</a>&nbsp;&nbsp;&nbsp;wk_adc3_init
<LI><a href="#[ba]">&gt;&gt;</a>&nbsp;&nbsp;&nbsp;wk_adc1_init
</UL>

<P><STRONG><a name="[d1]"></a>adc_ordinary_part_mode_enable</STRONG> (Thumb, 10 bytes, Stack size 0 bytes, at32f403a_407_adc.o(i.adc_ordinary_part_mode_enable))
<BR><BR>[Called By]<UL><LI><a href="#[bb]">&gt;&gt;</a>&nbsp;&nbsp;&nbsp;wk_adc3_init
<LI><a href="#[ba]">&gt;&gt;</a>&nbsp;&nbsp;&nbsp;wk_adc1_init
</UL>

<P><STRONG><a name="[98]"></a>angle_init</STRONG> (Thumb, 204 bytes, Stack size 48 bytes, foc.o(i.angle_init))
<BR><BR>[Stack]<UL><LI>Max Depth = 248<LI>Call Chain = angle_init &rArr; strong_drag &rArr; strong_drag_Angle &rArr; Angle_limit &rArr; __hardfp_fmod &rArr; _drem &rArr; _double_epilogue &rArr; _double_round
</UL>
<BR>[Calls]<UL><LI><a href="#[9a]">&gt;&gt;</a>&nbsp;&nbsp;&nbsp;delay_ms
<LI><a href="#[71]">&gt;&gt;</a>&nbsp;&nbsp;&nbsp;__aeabi_f2d
<LI><a href="#[99]">&gt;&gt;</a>&nbsp;&nbsp;&nbsp;strong_drag
<LI><a href="#[79]">&gt;&gt;</a>&nbsp;&nbsp;&nbsp;getCorrectedElectricalAngle
<LI><a href="#[92]">&gt;&gt;</a>&nbsp;&nbsp;&nbsp;_electricalAngle
<LI><a href="#[88]">&gt;&gt;</a>&nbsp;&nbsp;&nbsp;__2printf
</UL>
<BR>[Called By]<UL><LI><a href="#[5a]">&gt;&gt;</a>&nbsp;&nbsp;&nbsp;main
</UL>

<P><STRONG><a name="[89]"></a>at32_led_toggle</STRONG> (Thumb, 42 bytes, Stack size 0 bytes, led.o(i.at32_led_toggle))
<BR><BR>[Called By]<UL><LI><a href="#[3f]">&gt;&gt;</a>&nbsp;&nbsp;&nbsp;TMR5_GLOBAL_IRQHandler
</UL>

<P><STRONG><a name="[d9]"></a>can_base_init</STRONG> (Thumb, 188 bytes, Stack size 12 bytes, at32f403a_407_can.o(i.can_base_init))
<BR><BR>[Stack]<UL><LI>Max Depth = 12<LI>Call Chain = can_base_init
</UL>
<BR>[Called By]<UL><LI><a href="#[bf]">&gt;&gt;</a>&nbsp;&nbsp;&nbsp;wk_can1_init
</UL>

<P><STRONG><a name="[da]"></a>can_baudrate_set</STRONG> (Thumb, 146 bytes, Stack size 12 bytes, at32f403a_407_can.o(i.can_baudrate_set))
<BR><BR>[Stack]<UL><LI>Max Depth = 12<LI>Call Chain = can_baudrate_set
</UL>
<BR>[Called By]<UL><LI><a href="#[bf]">&gt;&gt;</a>&nbsp;&nbsp;&nbsp;wk_can1_init
</UL>

<P><STRONG><a name="[d8]"></a>can_default_para_init</STRONG> (Thumb, 18 bytes, Stack size 0 bytes, at32f403a_407_can.o(i.can_default_para_init))
<BR><BR>[Called By]<UL><LI><a href="#[bf]">&gt;&gt;</a>&nbsp;&nbsp;&nbsp;wk_can1_init
</UL>

<P><STRONG><a name="[db]"></a>can_filter_init</STRONG> (Thumb, 356 bytes, Stack size 12 bytes, at32f403a_407_can.o(i.can_filter_init))
<BR><BR>[Stack]<UL><LI>Max Depth = 12<LI>Call Chain = can_filter_init
</UL>
<BR>[Called By]<UL><LI><a href="#[bf]">&gt;&gt;</a>&nbsp;&nbsp;&nbsp;wk_can1_init
</UL>

<P><STRONG><a name="[8c]"></a>can_flag_get</STRONG> (Thumb, 240 bytes, Stack size 0 bytes, at32f403a_407_can.o(i.can_flag_get))
<BR><BR>[Called By]<UL><LI><a href="#[21]">&gt;&gt;</a>&nbsp;&nbsp;&nbsp;USBFS_L_CAN1_RX0_IRQHandler
</UL>

<P><STRONG><a name="[dc]"></a>can_interrupt_enable</STRONG> (Thumb, 18 bytes, Stack size 0 bytes, at32f403a_407_can.o(i.can_interrupt_enable))
<BR><BR>[Called By]<UL><LI><a href="#[bf]">&gt;&gt;</a>&nbsp;&nbsp;&nbsp;wk_can1_init
</UL>

<P><STRONG><a name="[8d]"></a>can_message_receive</STRONG> (Thumb, 240 bytes, Stack size 12 bytes, at32f403a_407_can.o(i.can_message_receive))
<BR><BR>[Stack]<UL><LI>Max Depth = 12<LI>Call Chain = can_message_receive
</UL>
<BR>[Calls]<UL><LI><a href="#[9b]">&gt;&gt;</a>&nbsp;&nbsp;&nbsp;can_receive_fifo_release
</UL>
<BR>[Called By]<UL><LI><a href="#[21]">&gt;&gt;</a>&nbsp;&nbsp;&nbsp;USBFS_L_CAN1_RX0_IRQHandler
</UL>

<P><STRONG><a name="[9b]"></a>can_receive_fifo_release</STRONG> (Thumb, 26 bytes, Stack size 0 bytes, at32f403a_407_can.o(i.can_receive_fifo_release))
<BR><BR>[Called By]<UL><LI><a href="#[8d]">&gt;&gt;</a>&nbsp;&nbsp;&nbsp;can_message_receive
</UL>

<P><STRONG><a name="[cb]"></a>crm_adc_clock_div_set</STRONG> (Thumb, 28 bytes, Stack size 0 bytes, at32f403a_407_crm.o(i.crm_adc_clock_div_set))
<BR><BR>[Called By]<UL><LI><a href="#[bb]">&gt;&gt;</a>&nbsp;&nbsp;&nbsp;wk_adc3_init
<LI><a href="#[ba]">&gt;&gt;</a>&nbsp;&nbsp;&nbsp;wk_adc1_init
</UL>

<P><STRONG><a name="[f2]"></a>crm_ahb_div_set</STRONG> (Thumb, 14 bytes, Stack size 0 bytes, at32f403a_407_crm.o(i.crm_ahb_div_set))
<BR><BR>[Called By]<UL><LI><a href="#[a9]">&gt;&gt;</a>&nbsp;&nbsp;&nbsp;wk_system_clock_config
</UL>

<P><STRONG><a name="[f4]"></a>crm_apb1_div_set</STRONG> (Thumb, 14 bytes, Stack size 0 bytes, at32f403a_407_crm.o(i.crm_apb1_div_set))
<BR><BR>[Called By]<UL><LI><a href="#[a9]">&gt;&gt;</a>&nbsp;&nbsp;&nbsp;wk_system_clock_config
</UL>

<P><STRONG><a name="[f3]"></a>crm_apb2_div_set</STRONG> (Thumb, 14 bytes, Stack size 0 bytes, at32f403a_407_crm.o(i.crm_apb2_div_set))
<BR><BR>[Called By]<UL><LI><a href="#[a9]">&gt;&gt;</a>&nbsp;&nbsp;&nbsp;wk_system_clock_config
</UL>

<P><STRONG><a name="[f5]"></a>crm_auto_step_mode_enable</STRONG> (Thumb, 34 bytes, Stack size 0 bytes, at32f403a_407_crm.o(i.crm_auto_step_mode_enable))
<BR><BR>[Called By]<UL><LI><a href="#[a9]">&gt;&gt;</a>&nbsp;&nbsp;&nbsp;wk_system_clock_config
</UL>

<P><STRONG><a name="[f0]"></a>crm_clock_source_enable</STRONG> (Thumb, 90 bytes, Stack size 0 bytes, at32f403a_407_crm.o(i.crm_clock_source_enable))
<BR><BR>[Called By]<UL><LI><a href="#[a9]">&gt;&gt;</a>&nbsp;&nbsp;&nbsp;wk_system_clock_config
</UL>

<P><STRONG><a name="[9c]"></a>crm_clocks_freq_get</STRONG> (Thumb, 268 bytes, Stack size 24 bytes, at32f403a_407_crm.o(i.crm_clocks_freq_get))
<BR><BR>[Stack]<UL><LI>Max Depth = 24<LI>Call Chain = crm_clocks_freq_get
</UL>
<BR>[Calls]<UL><LI><a href="#[9d]">&gt;&gt;</a>&nbsp;&nbsp;&nbsp;crm_sysclk_switch_status_get
</UL>
<BR>[Called By]<UL><LI><a href="#[c8]">&gt;&gt;</a>&nbsp;&nbsp;&nbsp;usart_init
<LI><a href="#[ad]">&gt;&gt;</a>&nbsp;&nbsp;&nbsp;wk_timebase_init
</UL>

<P><STRONG><a name="[9f]"></a>crm_flag_get</STRONG> (Thumb, 42 bytes, Stack size 8 bytes, at32f403a_407_crm.o(i.crm_flag_get))
<BR><BR>[Stack]<UL><LI>Max Depth = 8<LI>Call Chain = crm_flag_get
</UL>
<BR>[Called By]<UL><LI><a href="#[9e]">&gt;&gt;</a>&nbsp;&nbsp;&nbsp;crm_hext_stable_wait
<LI><a href="#[a9]">&gt;&gt;</a>&nbsp;&nbsp;&nbsp;wk_system_clock_config
</UL>

<P><STRONG><a name="[9e]"></a>crm_hext_stable_wait</STRONG> (Thumb, 46 bytes, Stack size 12 bytes, at32f403a_407_crm.o(i.crm_hext_stable_wait))
<BR><BR>[Stack]<UL><LI>Max Depth = 20<LI>Call Chain = crm_hext_stable_wait &rArr; crm_flag_get
</UL>
<BR>[Calls]<UL><LI><a href="#[9f]">&gt;&gt;</a>&nbsp;&nbsp;&nbsp;crm_flag_get
</UL>
<BR>[Called By]<UL><LI><a href="#[a9]">&gt;&gt;</a>&nbsp;&nbsp;&nbsp;wk_system_clock_config
</UL>

<P><STRONG><a name="[e7]"></a>crm_periph_clock_enable</STRONG> (Thumb, 62 bytes, Stack size 8 bytes, at32f403a_407_crm.o(i.crm_periph_clock_enable))
<BR><BR>[Stack]<UL><LI>Max Depth = 8<LI>Call Chain = crm_periph_clock_enable
</UL>
<BR>[Called By]<UL><LI><a href="#[aa]">&gt;&gt;</a>&nbsp;&nbsp;&nbsp;wk_periph_clock_config
</UL>

<P><STRONG><a name="[f1]"></a>crm_pll_config</STRONG> (Thumb, 118 bytes, Stack size 8 bytes, at32f403a_407_crm.o(i.crm_pll_config))
<BR><BR>[Stack]<UL><LI>Max Depth = 8<LI>Call Chain = crm_pll_config
</UL>
<BR>[Called By]<UL><LI><a href="#[a9]">&gt;&gt;</a>&nbsp;&nbsp;&nbsp;wk_system_clock_config
</UL>

<P><STRONG><a name="[ef]"></a>crm_reset</STRONG> (Thumb, 80 bytes, Stack size 0 bytes, at32f403a_407_crm.o(i.crm_reset))
<BR><BR>[Called By]<UL><LI><a href="#[a9]">&gt;&gt;</a>&nbsp;&nbsp;&nbsp;wk_system_clock_config
</UL>

<P><STRONG><a name="[f6]"></a>crm_sysclk_switch</STRONG> (Thumb, 54 bytes, Stack size 0 bytes, at32f403a_407_crm.o(i.crm_sysclk_switch))
<BR><BR>[Called By]<UL><LI><a href="#[a9]">&gt;&gt;</a>&nbsp;&nbsp;&nbsp;wk_system_clock_config
</UL>

<P><STRONG><a name="[9d]"></a>crm_sysclk_switch_status_get</STRONG> (Thumb, 10 bytes, Stack size 0 bytes, at32f403a_407_crm.o(i.crm_sysclk_switch_status_get))
<BR><BR>[Called By]<UL><LI><a href="#[9c]">&gt;&gt;</a>&nbsp;&nbsp;&nbsp;crm_clocks_freq_get
<LI><a href="#[c7]">&gt;&gt;</a>&nbsp;&nbsp;&nbsp;system_core_clock_update
<LI><a href="#[a9]">&gt;&gt;</a>&nbsp;&nbsp;&nbsp;wk_system_clock_config
</UL>

<P><STRONG><a name="[a0]"></a>delay_init</STRONG> (Thumb, 38 bytes, Stack size 8 bytes, delay.o(i.delay_init))
<BR><BR>[Stack]<UL><LI>Max Depth = 8<LI>Call Chain = delay_init
</UL>
<BR>[Calls]<UL><LI><a href="#[a1]">&gt;&gt;</a>&nbsp;&nbsp;&nbsp;systick_clock_source_config
</UL>
<BR>[Called By]<UL><LI><a href="#[5a]">&gt;&gt;</a>&nbsp;&nbsp;&nbsp;main
</UL>

<P><STRONG><a name="[9a]"></a>delay_ms</STRONG> (Thumb, 110 bytes, Stack size 0 bytes, delay.o(i.delay_ms))
<BR><BR>[Called By]<UL><LI><a href="#[98]">&gt;&gt;</a>&nbsp;&nbsp;&nbsp;angle_init
<LI><a href="#[5a]">&gt;&gt;</a>&nbsp;&nbsp;&nbsp;main
</UL>

<P><STRONG><a name="[76]"></a>dma_channel_enable</STRONG> (Thumb, 10 bytes, Stack size 0 bytes, at32f403a_407_dma.o(i.dma_channel_enable))
<BR><BR>[Called By]<UL><LI><a href="#[1e]">&gt;&gt;</a>&nbsp;&nbsp;&nbsp;DMA1_Channel7_IRQHandler
<LI><a href="#[1c]">&gt;&gt;</a>&nbsp;&nbsp;&nbsp;DMA1_Channel5_IRQHandler
<LI><a href="#[1a]">&gt;&gt;</a>&nbsp;&nbsp;&nbsp;DMA1_Channel3_IRQHandler
<LI><a href="#[8b]">&gt;&gt;</a>&nbsp;&nbsp;&nbsp;USART1_SendFloatArray
<LI><a href="#[5a]">&gt;&gt;</a>&nbsp;&nbsp;&nbsp;main
<LI><a href="#[83]">&gt;&gt;</a>&nbsp;&nbsp;&nbsp;MT6701_StartRead
</UL>

<P><STRONG><a name="[df]"></a>dma_default_para_init</STRONG> (Thumb, 24 bytes, Stack size 0 bytes, at32f403a_407_dma.o(i.dma_default_para_init))
<BR><BR>[Called By]<UL><LI><a href="#[b5]">&gt;&gt;</a>&nbsp;&nbsp;&nbsp;wk_dma1_channel7_init
<LI><a href="#[b4]">&gt;&gt;</a>&nbsp;&nbsp;&nbsp;wk_dma1_channel6_init
<LI><a href="#[b3]">&gt;&gt;</a>&nbsp;&nbsp;&nbsp;wk_dma1_channel5_init
<LI><a href="#[b2]">&gt;&gt;</a>&nbsp;&nbsp;&nbsp;wk_dma1_channel4_init
<LI><a href="#[b1]">&gt;&gt;</a>&nbsp;&nbsp;&nbsp;wk_dma1_channel3_init
<LI><a href="#[b0]">&gt;&gt;</a>&nbsp;&nbsp;&nbsp;wk_dma1_channel2_init
<LI><a href="#[ae]">&gt;&gt;</a>&nbsp;&nbsp;&nbsp;wk_dma1_channel1_init
</UL>

<P><STRONG><a name="[74]"></a>dma_flag_clear</STRONG> (Thumb, 22 bytes, Stack size 0 bytes, at32f403a_407_dma.o(i.dma_flag_clear))
<BR><BR>[Called By]<UL><LI><a href="#[1e]">&gt;&gt;</a>&nbsp;&nbsp;&nbsp;DMA1_Channel7_IRQHandler
<LI><a href="#[1c]">&gt;&gt;</a>&nbsp;&nbsp;&nbsp;DMA1_Channel5_IRQHandler
<LI><a href="#[1a]">&gt;&gt;</a>&nbsp;&nbsp;&nbsp;DMA1_Channel3_IRQHandler
<LI><a href="#[19]">&gt;&gt;</a>&nbsp;&nbsp;&nbsp;DMA1_Channel2_IRQHandler
<LI><a href="#[18]">&gt;&gt;</a>&nbsp;&nbsp;&nbsp;DMA1_Channel1_IRQHandler
</UL>

<P><STRONG><a name="[73]"></a>dma_flag_get</STRONG> (Thumb, 36 bytes, Stack size 0 bytes, at32f403a_407_dma.o(i.dma_flag_get))
<BR><BR>[Called By]<UL><LI><a href="#[1c]">&gt;&gt;</a>&nbsp;&nbsp;&nbsp;DMA1_Channel5_IRQHandler
<LI><a href="#[1a]">&gt;&gt;</a>&nbsp;&nbsp;&nbsp;DMA1_Channel3_IRQHandler
<LI><a href="#[19]">&gt;&gt;</a>&nbsp;&nbsp;&nbsp;DMA1_Channel2_IRQHandler
<LI><a href="#[18]">&gt;&gt;</a>&nbsp;&nbsp;&nbsp;DMA1_Channel1_IRQHandler
</UL>

<P><STRONG><a name="[e1]"></a>dma_flexible_config</STRONG> (Thumb, 152 bytes, Stack size 0 bytes, at32f403a_407_dma.o(i.dma_flexible_config))
<BR><BR>[Called By]<UL><LI><a href="#[b5]">&gt;&gt;</a>&nbsp;&nbsp;&nbsp;wk_dma1_channel7_init
<LI><a href="#[b4]">&gt;&gt;</a>&nbsp;&nbsp;&nbsp;wk_dma1_channel6_init
<LI><a href="#[b3]">&gt;&gt;</a>&nbsp;&nbsp;&nbsp;wk_dma1_channel5_init
<LI><a href="#[b2]">&gt;&gt;</a>&nbsp;&nbsp;&nbsp;wk_dma1_channel4_init
<LI><a href="#[b1]">&gt;&gt;</a>&nbsp;&nbsp;&nbsp;wk_dma1_channel3_init
<LI><a href="#[b0]">&gt;&gt;</a>&nbsp;&nbsp;&nbsp;wk_dma1_channel2_init
<LI><a href="#[ae]">&gt;&gt;</a>&nbsp;&nbsp;&nbsp;wk_dma1_channel1_init
</UL>

<P><STRONG><a name="[e0]"></a>dma_init</STRONG> (Thumb, 92 bytes, Stack size 0 bytes, at32f403a_407_dma.o(i.dma_init))
<BR><BR>[Called By]<UL><LI><a href="#[b5]">&gt;&gt;</a>&nbsp;&nbsp;&nbsp;wk_dma1_channel7_init
<LI><a href="#[b4]">&gt;&gt;</a>&nbsp;&nbsp;&nbsp;wk_dma1_channel6_init
<LI><a href="#[b3]">&gt;&gt;</a>&nbsp;&nbsp;&nbsp;wk_dma1_channel5_init
<LI><a href="#[b2]">&gt;&gt;</a>&nbsp;&nbsp;&nbsp;wk_dma1_channel4_init
<LI><a href="#[b1]">&gt;&gt;</a>&nbsp;&nbsp;&nbsp;wk_dma1_channel3_init
<LI><a href="#[b0]">&gt;&gt;</a>&nbsp;&nbsp;&nbsp;wk_dma1_channel2_init
<LI><a href="#[ae]">&gt;&gt;</a>&nbsp;&nbsp;&nbsp;wk_dma1_channel1_init
</UL>

<P><STRONG><a name="[c1]"></a>dma_interrupt_enable</STRONG> (Thumb, 18 bytes, Stack size 0 bytes, at32f403a_407_dma.o(i.dma_interrupt_enable))
<BR><BR>[Called By]<UL><LI><a href="#[5a]">&gt;&gt;</a>&nbsp;&nbsp;&nbsp;main
</UL>

<P><STRONG><a name="[78]"></a>dma_interrupt_flag_get</STRONG> (Thumb, 36 bytes, Stack size 0 bytes, at32f403a_407_dma.o(i.dma_interrupt_flag_get))
<BR><BR>[Called By]<UL><LI><a href="#[1e]">&gt;&gt;</a>&nbsp;&nbsp;&nbsp;DMA1_Channel7_IRQHandler
</UL>

<P><STRONG><a name="[de]"></a>dma_reset</STRONG> (Thumb, 102 bytes, Stack size 0 bytes, at32f403a_407_dma.o(i.dma_reset))
<BR><BR>[Called By]<UL><LI><a href="#[b5]">&gt;&gt;</a>&nbsp;&nbsp;&nbsp;wk_dma1_channel7_init
<LI><a href="#[b4]">&gt;&gt;</a>&nbsp;&nbsp;&nbsp;wk_dma1_channel6_init
<LI><a href="#[b3]">&gt;&gt;</a>&nbsp;&nbsp;&nbsp;wk_dma1_channel5_init
<LI><a href="#[b2]">&gt;&gt;</a>&nbsp;&nbsp;&nbsp;wk_dma1_channel4_init
<LI><a href="#[b1]">&gt;&gt;</a>&nbsp;&nbsp;&nbsp;wk_dma1_channel3_init
<LI><a href="#[b0]">&gt;&gt;</a>&nbsp;&nbsp;&nbsp;wk_dma1_channel2_init
<LI><a href="#[ae]">&gt;&gt;</a>&nbsp;&nbsp;&nbsp;wk_dma1_channel1_init
</UL>

<P><STRONG><a name="[a2]"></a>first_get</STRONG> (Thumb, 100 bytes, Stack size 8 bytes, foc.o(i.first_get))
<BR><BR>[Stack]<UL><LI>Max Depth = 32<LI>Call Chain = first_get &rArr; __2printf
</UL>
<BR>[Calls]<UL><LI><a href="#[88]">&gt;&gt;</a>&nbsp;&nbsp;&nbsp;__2printf
</UL>
<BR>[Called By]<UL><LI><a href="#[5a]">&gt;&gt;</a>&nbsp;&nbsp;&nbsp;main
</UL>

<P><STRONG><a name="[5d]"></a>fputc</STRONG> (Thumb, 46 bytes, Stack size 16 bytes, usart_1.o(i.fputc))
<BR><BR>[Stack]<UL><LI>Max Depth = 16<LI>Call Chain = fputc
</UL>
<BR>[Calls]<UL><LI><a href="#[a3]">&gt;&gt;</a>&nbsp;&nbsp;&nbsp;usart_flag_get
<LI><a href="#[a4]">&gt;&gt;</a>&nbsp;&nbsp;&nbsp;usart_data_transmit
</UL>
<BR>[Address Reference Count : 1]<UL><LI> printfa.o(i.__0printf)
</UL>
<P><STRONG><a name="[84]"></a>gpio_bits_reset</STRONG> (Thumb, 4 bytes, Stack size 0 bytes, at32f403a_407_gpio.o(i.gpio_bits_reset))
<BR><BR>[Called By]<UL><LI><a href="#[c0]">&gt;&gt;</a>&nbsp;&nbsp;&nbsp;wk_gpio_config
<LI><a href="#[83]">&gt;&gt;</a>&nbsp;&nbsp;&nbsp;MT6701_StartRead
</UL>

<P><STRONG><a name="[77]"></a>gpio_bits_set</STRONG> (Thumb, 4 bytes, Stack size 0 bytes, at32f403a_407_gpio.o(i.gpio_bits_set))
<BR><BR>[Called By]<UL><LI><a href="#[1c]">&gt;&gt;</a>&nbsp;&nbsp;&nbsp;DMA1_Channel5_IRQHandler
<LI><a href="#[1a]">&gt;&gt;</a>&nbsp;&nbsp;&nbsp;DMA1_Channel3_IRQHandler
</UL>

<P><STRONG><a name="[c9]"></a>gpio_default_para_init</STRONG> (Thumb, 22 bytes, Stack size 0 bytes, at32f403a_407_gpio.o(i.gpio_default_para_init))
<BR><BR>[Called By]<UL><LI><a href="#[b7]">&gt;&gt;</a>&nbsp;&nbsp;&nbsp;wk_usart3_init
<LI><a href="#[b6]">&gt;&gt;</a>&nbsp;&nbsp;&nbsp;wk_usart1_init
<LI><a href="#[bd]">&gt;&gt;</a>&nbsp;&nbsp;&nbsp;wk_tmr4_init
<LI><a href="#[bc]">&gt;&gt;</a>&nbsp;&nbsp;&nbsp;wk_tmr2_init
<LI><a href="#[b9]">&gt;&gt;</a>&nbsp;&nbsp;&nbsp;wk_spi2_init
<LI><a href="#[b8]">&gt;&gt;</a>&nbsp;&nbsp;&nbsp;wk_spi1_init
<LI><a href="#[c0]">&gt;&gt;</a>&nbsp;&nbsp;&nbsp;wk_gpio_config
<LI><a href="#[bf]">&gt;&gt;</a>&nbsp;&nbsp;&nbsp;wk_can1_init
<LI><a href="#[bb]">&gt;&gt;</a>&nbsp;&nbsp;&nbsp;wk_adc3_init
<LI><a href="#[ba]">&gt;&gt;</a>&nbsp;&nbsp;&nbsp;wk_adc1_init
</UL>

<P><STRONG><a name="[ca]"></a>gpio_init</STRONG> (Thumb, 168 bytes, Stack size 20 bytes, at32f403a_407_gpio.o(i.gpio_init))
<BR><BR>[Stack]<UL><LI>Max Depth = 20<LI>Call Chain = gpio_init
</UL>
<BR>[Called By]<UL><LI><a href="#[b7]">&gt;&gt;</a>&nbsp;&nbsp;&nbsp;wk_usart3_init
<LI><a href="#[b6]">&gt;&gt;</a>&nbsp;&nbsp;&nbsp;wk_usart1_init
<LI><a href="#[bd]">&gt;&gt;</a>&nbsp;&nbsp;&nbsp;wk_tmr4_init
<LI><a href="#[bc]">&gt;&gt;</a>&nbsp;&nbsp;&nbsp;wk_tmr2_init
<LI><a href="#[b9]">&gt;&gt;</a>&nbsp;&nbsp;&nbsp;wk_spi2_init
<LI><a href="#[b8]">&gt;&gt;</a>&nbsp;&nbsp;&nbsp;wk_spi1_init
<LI><a href="#[c0]">&gt;&gt;</a>&nbsp;&nbsp;&nbsp;wk_gpio_config
<LI><a href="#[bf]">&gt;&gt;</a>&nbsp;&nbsp;&nbsp;wk_can1_init
<LI><a href="#[bb]">&gt;&gt;</a>&nbsp;&nbsp;&nbsp;wk_adc3_init
<LI><a href="#[ba]">&gt;&gt;</a>&nbsp;&nbsp;&nbsp;wk_adc1_init
</UL>

<P><STRONG><a name="[dd]"></a>gpio_pin_remap_config</STRONG> (Thumb, 70 bytes, Stack size 20 bytes, at32f403a_407_gpio.o(i.gpio_pin_remap_config))
<BR><BR>[Stack]<UL><LI>Max Depth = 20<LI>Call Chain = gpio_pin_remap_config
</UL>
<BR>[Called By]<UL><LI><a href="#[bc]">&gt;&gt;</a>&nbsp;&nbsp;&nbsp;wk_tmr2_init
<LI><a href="#[ab]">&gt;&gt;</a>&nbsp;&nbsp;&nbsp;wk_debug_config
</UL>

<P><STRONG><a name="[5a]"></a>main</STRONG> (Thumb, 430 bytes, Stack size 16 bytes, main.o(i.main))
<BR><BR>[Stack]<UL><LI>Max Depth = 264<LI>Call Chain = main &rArr; angle_init &rArr; strong_drag &rArr; strong_drag_Angle &rArr; Angle_limit &rArr; __hardfp_fmod &rArr; _drem &rArr; _double_epilogue &rArr; _double_round
</UL>
<BR>[Calls]<UL><LI><a href="#[b7]">&gt;&gt;</a>&nbsp;&nbsp;&nbsp;wk_usart3_init
<LI><a href="#[b6]">&gt;&gt;</a>&nbsp;&nbsp;&nbsp;wk_usart1_init
<LI><a href="#[be]">&gt;&gt;</a>&nbsp;&nbsp;&nbsp;wk_tmr5_init
<LI><a href="#[bd]">&gt;&gt;</a>&nbsp;&nbsp;&nbsp;wk_tmr4_init
<LI><a href="#[bc]">&gt;&gt;</a>&nbsp;&nbsp;&nbsp;wk_tmr2_init
<LI><a href="#[ad]">&gt;&gt;</a>&nbsp;&nbsp;&nbsp;wk_timebase_init
<LI><a href="#[a9]">&gt;&gt;</a>&nbsp;&nbsp;&nbsp;wk_system_clock_config
<LI><a href="#[b9]">&gt;&gt;</a>&nbsp;&nbsp;&nbsp;wk_spi2_init
<LI><a href="#[b8]">&gt;&gt;</a>&nbsp;&nbsp;&nbsp;wk_spi1_init
<LI><a href="#[aa]">&gt;&gt;</a>&nbsp;&nbsp;&nbsp;wk_periph_clock_config
<LI><a href="#[ac]">&gt;&gt;</a>&nbsp;&nbsp;&nbsp;wk_nvic_config
<LI><a href="#[c0]">&gt;&gt;</a>&nbsp;&nbsp;&nbsp;wk_gpio_config
<LI><a href="#[af]">&gt;&gt;</a>&nbsp;&nbsp;&nbsp;wk_dma_channel_config
<LI><a href="#[b5]">&gt;&gt;</a>&nbsp;&nbsp;&nbsp;wk_dma1_channel7_init
<LI><a href="#[b4]">&gt;&gt;</a>&nbsp;&nbsp;&nbsp;wk_dma1_channel6_init
<LI><a href="#[b3]">&gt;&gt;</a>&nbsp;&nbsp;&nbsp;wk_dma1_channel5_init
<LI><a href="#[b2]">&gt;&gt;</a>&nbsp;&nbsp;&nbsp;wk_dma1_channel4_init
<LI><a href="#[b1]">&gt;&gt;</a>&nbsp;&nbsp;&nbsp;wk_dma1_channel3_init
<LI><a href="#[b0]">&gt;&gt;</a>&nbsp;&nbsp;&nbsp;wk_dma1_channel2_init
<LI><a href="#[ae]">&gt;&gt;</a>&nbsp;&nbsp;&nbsp;wk_dma1_channel1_init
<LI><a href="#[ab]">&gt;&gt;</a>&nbsp;&nbsp;&nbsp;wk_debug_config
<LI><a href="#[bf]">&gt;&gt;</a>&nbsp;&nbsp;&nbsp;wk_can1_init
<LI><a href="#[bb]">&gt;&gt;</a>&nbsp;&nbsp;&nbsp;wk_adc3_init
<LI><a href="#[ba]">&gt;&gt;</a>&nbsp;&nbsp;&nbsp;wk_adc1_init
<LI><a href="#[c2]">&gt;&gt;</a>&nbsp;&nbsp;&nbsp;tmr_interrupt_enable
<LI><a href="#[a2]">&gt;&gt;</a>&nbsp;&nbsp;&nbsp;first_get
<LI><a href="#[c1]">&gt;&gt;</a>&nbsp;&nbsp;&nbsp;dma_interrupt_enable
<LI><a href="#[76]">&gt;&gt;</a>&nbsp;&nbsp;&nbsp;dma_channel_enable
<LI><a href="#[9a]">&gt;&gt;</a>&nbsp;&nbsp;&nbsp;delay_ms
<LI><a href="#[a0]">&gt;&gt;</a>&nbsp;&nbsp;&nbsp;delay_init
<LI><a href="#[98]">&gt;&gt;</a>&nbsp;&nbsp;&nbsp;angle_init
<LI><a href="#[8b]">&gt;&gt;</a>&nbsp;&nbsp;&nbsp;USART1_SendFloatArray
<LI><a href="#[87]">&gt;&gt;</a>&nbsp;&nbsp;&nbsp;Product_Overview
<LI><a href="#[82]">&gt;&gt;</a>&nbsp;&nbsp;&nbsp;M2_adc_tigger
<LI><a href="#[80]">&gt;&gt;</a>&nbsp;&nbsp;&nbsp;M1_adc_tigger
</UL>
<BR>[Address Reference Count : 1]<UL><LI> entry9a.o(.ARM.Collect$$$$0000000B)
</UL>
<P><STRONG><a name="[e6]"></a>nvic_irq_enable</STRONG> (Thumb, 190 bytes, Stack size 32 bytes, at32f403a_407_misc.o(i.nvic_irq_enable))
<BR><BR>[Stack]<UL><LI>Max Depth = 32<LI>Call Chain = nvic_irq_enable
</UL>
<BR>[Called By]<UL><LI><a href="#[ac]">&gt;&gt;</a>&nbsp;&nbsp;&nbsp;wk_nvic_config
</UL>

<P><STRONG><a name="[e2]"></a>nvic_priority_group_config</STRONG> (Thumb, 32 bytes, Stack size 0 bytes, at32f403a_407_misc.o(i.nvic_priority_group_config))
<BR><BR>[Called By]<UL><LI><a href="#[ac]">&gt;&gt;</a>&nbsp;&nbsp;&nbsp;wk_nvic_config
</UL>

<P><STRONG><a name="[eb]"></a>spi_crc_enable</STRONG> (Thumb, 10 bytes, Stack size 0 bytes, at32f403a_407_spi.o(i.spi_crc_enable))
<BR><BR>[Called By]<UL><LI><a href="#[b9]">&gt;&gt;</a>&nbsp;&nbsp;&nbsp;wk_spi2_init
<LI><a href="#[b8]">&gt;&gt;</a>&nbsp;&nbsp;&nbsp;wk_spi1_init
</UL>

<P><STRONG><a name="[ea]"></a>spi_crc_polynomial_set</STRONG> (Thumb, 10 bytes, Stack size 0 bytes, at32f403a_407_spi.o(i.spi_crc_polynomial_set))
<BR><BR>[Called By]<UL><LI><a href="#[b9]">&gt;&gt;</a>&nbsp;&nbsp;&nbsp;wk_spi2_init
<LI><a href="#[b8]">&gt;&gt;</a>&nbsp;&nbsp;&nbsp;wk_spi1_init
</UL>

<P><STRONG><a name="[e8]"></a>spi_default_para_init</STRONG> (Thumb, 22 bytes, Stack size 0 bytes, at32f403a_407_spi.o(i.spi_default_para_init))
<BR><BR>[Called By]<UL><LI><a href="#[b9]">&gt;&gt;</a>&nbsp;&nbsp;&nbsp;wk_spi2_init
<LI><a href="#[b8]">&gt;&gt;</a>&nbsp;&nbsp;&nbsp;wk_spi1_init
</UL>

<P><STRONG><a name="[ee]"></a>spi_enable</STRONG> (Thumb, 10 bytes, Stack size 0 bytes, at32f403a_407_spi.o(i.spi_enable))
<BR><BR>[Called By]<UL><LI><a href="#[b9]">&gt;&gt;</a>&nbsp;&nbsp;&nbsp;wk_spi2_init
<LI><a href="#[b8]">&gt;&gt;</a>&nbsp;&nbsp;&nbsp;wk_spi1_init
</UL>

<P><STRONG><a name="[86]"></a>spi_i2s_data_transmit</STRONG> (Thumb, 4 bytes, Stack size 0 bytes, at32f403a_407_spi.o(i.spi_i2s_data_transmit))
<BR><BR>[Called By]<UL><LI><a href="#[83]">&gt;&gt;</a>&nbsp;&nbsp;&nbsp;MT6701_StartRead
</UL>

<P><STRONG><a name="[ed]"></a>spi_i2s_dma_receiver_enable</STRONG> (Thumb, 10 bytes, Stack size 0 bytes, at32f403a_407_spi.o(i.spi_i2s_dma_receiver_enable))
<BR><BR>[Called By]<UL><LI><a href="#[b9]">&gt;&gt;</a>&nbsp;&nbsp;&nbsp;wk_spi2_init
<LI><a href="#[b8]">&gt;&gt;</a>&nbsp;&nbsp;&nbsp;wk_spi1_init
</UL>

<P><STRONG><a name="[ec]"></a>spi_i2s_dma_transmitter_enable</STRONG> (Thumb, 10 bytes, Stack size 0 bytes, at32f403a_407_spi.o(i.spi_i2s_dma_transmitter_enable))
<BR><BR>[Called By]<UL><LI><a href="#[b9]">&gt;&gt;</a>&nbsp;&nbsp;&nbsp;wk_spi2_init
<LI><a href="#[b8]">&gt;&gt;</a>&nbsp;&nbsp;&nbsp;wk_spi1_init
</UL>

<P><STRONG><a name="[85]"></a>spi_i2s_flag_get</STRONG> (Thumb, 16 bytes, Stack size 0 bytes, at32f403a_407_spi.o(i.spi_i2s_flag_get))
<BR><BR>[Called By]<UL><LI><a href="#[83]">&gt;&gt;</a>&nbsp;&nbsp;&nbsp;MT6701_StartRead
</UL>

<P><STRONG><a name="[e9]"></a>spi_init</STRONG> (Thumb, 292 bytes, Stack size 0 bytes, at32f403a_407_spi.o(i.spi_init))
<BR><BR>[Called By]<UL><LI><a href="#[b9]">&gt;&gt;</a>&nbsp;&nbsp;&nbsp;wk_spi2_init
<LI><a href="#[b8]">&gt;&gt;</a>&nbsp;&nbsp;&nbsp;wk_spi1_init
</UL>

<P><STRONG><a name="[c7]"></a>system_core_clock_update</STRONG> (Thumb, 222 bytes, Stack size 32 bytes, system_at32f403a_407.o(i.system_core_clock_update))
<BR><BR>[Stack]<UL><LI>Max Depth = 32<LI>Call Chain = system_core_clock_update
</UL>
<BR>[Calls]<UL><LI><a href="#[9d]">&gt;&gt;</a>&nbsp;&nbsp;&nbsp;crm_sysclk_switch_status_get
</UL>
<BR>[Called By]<UL><LI><a href="#[a9]">&gt;&gt;</a>&nbsp;&nbsp;&nbsp;wk_system_clock_config
</UL>

<P><STRONG><a name="[a1]"></a>systick_clock_source_config</STRONG> (Thumb, 40 bytes, Stack size 0 bytes, at32f403a_407_misc.o(i.systick_clock_source_config))
<BR><BR>[Called By]<UL><LI><a href="#[ad]">&gt;&gt;</a>&nbsp;&nbsp;&nbsp;wk_timebase_init
<LI><a href="#[a0]">&gt;&gt;</a>&nbsp;&nbsp;&nbsp;delay_init
</UL>

<P><STRONG><a name="[f7]"></a>tmr_base_init</STRONG> (Thumb, 16 bytes, Stack size 0 bytes, at32f403a_407_tmr.o(i.tmr_base_init))
<BR><BR>[Called By]<UL><LI><a href="#[be]">&gt;&gt;</a>&nbsp;&nbsp;&nbsp;wk_tmr5_init
<LI><a href="#[bd]">&gt;&gt;</a>&nbsp;&nbsp;&nbsp;wk_tmr4_init
<LI><a href="#[bc]">&gt;&gt;</a>&nbsp;&nbsp;&nbsp;wk_tmr2_init
</UL>

<P><STRONG><a name="[81]"></a>tmr_channel_value_set</STRONG> (Thumb, 40 bytes, Stack size 0 bytes, at32f403a_407_tmr.o(i.tmr_channel_value_set))
<BR><BR>[Called By]<UL><LI><a href="#[bd]">&gt;&gt;</a>&nbsp;&nbsp;&nbsp;wk_tmr4_init
<LI><a href="#[bc]">&gt;&gt;</a>&nbsp;&nbsp;&nbsp;wk_tmr2_init
<LI><a href="#[82]">&gt;&gt;</a>&nbsp;&nbsp;&nbsp;M2_adc_tigger
<LI><a href="#[80]">&gt;&gt;</a>&nbsp;&nbsp;&nbsp;M1_adc_tigger
<LI><a href="#[2]">&gt;&gt;</a>&nbsp;&nbsp;&nbsp;setpwm2_channel
<LI><a href="#[1]">&gt;&gt;</a>&nbsp;&nbsp;&nbsp;setpwm1_channel
</UL>

<P><STRONG><a name="[f9]"></a>tmr_clock_source_div_set</STRONG> (Thumb, 10 bytes, Stack size 0 bytes, at32f403a_407_tmr.o(i.tmr_clock_source_div_set))
<BR><BR>[Called By]<UL><LI><a href="#[be]">&gt;&gt;</a>&nbsp;&nbsp;&nbsp;wk_tmr5_init
<LI><a href="#[bd]">&gt;&gt;</a>&nbsp;&nbsp;&nbsp;wk_tmr4_init
<LI><a href="#[bc]">&gt;&gt;</a>&nbsp;&nbsp;&nbsp;wk_tmr2_init
</UL>

<P><STRONG><a name="[f8]"></a>tmr_cnt_dir_set</STRONG> (Thumb, 10 bytes, Stack size 0 bytes, at32f403a_407_tmr.o(i.tmr_cnt_dir_set))
<BR><BR>[Called By]<UL><LI><a href="#[be]">&gt;&gt;</a>&nbsp;&nbsp;&nbsp;wk_tmr5_init
<LI><a href="#[bd]">&gt;&gt;</a>&nbsp;&nbsp;&nbsp;wk_tmr4_init
<LI><a href="#[bc]">&gt;&gt;</a>&nbsp;&nbsp;&nbsp;wk_tmr2_init
</UL>

<P><STRONG><a name="[100]"></a>tmr_counter_enable</STRONG> (Thumb, 10 bytes, Stack size 0 bytes, at32f403a_407_tmr.o(i.tmr_counter_enable))
<BR><BR>[Called By]<UL><LI><a href="#[be]">&gt;&gt;</a>&nbsp;&nbsp;&nbsp;wk_tmr5_init
<LI><a href="#[bd]">&gt;&gt;</a>&nbsp;&nbsp;&nbsp;wk_tmr4_init
<LI><a href="#[bc]">&gt;&gt;</a>&nbsp;&nbsp;&nbsp;wk_tmr2_init
</UL>

<P><STRONG><a name="[8a]"></a>tmr_flag_clear</STRONG> (Thumb, 6 bytes, Stack size 0 bytes, at32f403a_407_tmr.o(i.tmr_flag_clear))
<BR><BR>[Called By]<UL><LI><a href="#[3f]">&gt;&gt;</a>&nbsp;&nbsp;&nbsp;TMR5_GLOBAL_IRQHandler
</UL>

[...]
</UL>

<P><STRONG><a name="[c0]"></a>wk_gpio_config</STRONG> (Thumb, 106 bytes, Stack size 16 bytes, wk_gpio.o(i.wk_gpio_config))
<BR><BR>[Stack]<UL><LI>Max Depth = 36<LI>Call Chain = wk_gpio_config &rArr; gpio_init
</UL>
<BR>[Calls]<UL><LI><a href="#[ca]">&gt;&gt;</a>&nbsp;&nbsp;&nbsp;gpio_init
<LI><a href="#[c9]">&gt;&gt;</a>&nbsp;&nbsp;&nbsp;gpio_default_para_init
<LI><a href="#[84]">&gt;&gt;</a>&nbsp;&nbsp;&nbsp;gpio_bits_reset
</UL>
<BR>[Called By]<UL><LI><a href="#[5a]">&gt;&gt;</a>&nbsp;&nbsp;&nbsp;main
</UL>

<P><STRONG><a name="[ac]"></a>wk_nvic_config</STRONG> (Thumb, 272 bytes, Stack size 16 bytes, at32f403a_407_wk_config.o(i.wk_nvic_config))
<BR><BR>[Stack]<UL><LI>Max Depth = 48<LI>Call Chain = wk_nvic_config &rArr; nvic_irq_enable
</UL>
<BR>[Calls]<UL><LI><a href="#[e2]">&gt;&gt;</a>&nbsp;&nbsp;&nbsp;nvic_priority_group_config
<LI><a href="#[e6]">&gt;&gt;</a>&nbsp;&nbsp;&nbsp;nvic_irq_enable
<LI><a href="#[e5]">&gt;&gt;</a>&nbsp;&nbsp;&nbsp;__NVIC_SetPriority
<LI><a href="#[e3]">&gt;&gt;</a>&nbsp;&nbsp;&nbsp;__NVIC_GetPriorityGrouping
<LI><a href="#[e4]">&gt;&gt;</a>&nbsp;&nbsp;&nbsp;NVIC_EncodePriority
</UL>
<BR>[Called By]<UL><LI><a href="#[5a]">&gt;&gt;</a>&nbsp;&nbsp;&nbsp;main
</UL>

<P><STRONG><a name="[aa]"></a>wk_periph_clock_config</STRONG> (Thumb, 150 bytes, Stack size 8 bytes, at32f403a_407_wk_config.o(i.wk_periph_clock_config))
<BR><BR>[Stack]<UL><LI>Max Depth = 16<LI>Call Chain = wk_periph_clock_config &rArr; crm_periph_clock_enable
</UL>
<BR>[Calls]<UL><LI><a href="#[e7]">&gt;&gt;</a>&nbsp;&nbsp;&nbsp;crm_periph_clock_enable
</UL>
<BR>[Called By]<UL><LI><a href="#[5a]">&gt;&gt;</a>&nbsp;&nbsp;&nbsp;main
</UL>

<P><STRONG><a name="[b8]"></a>wk_spi1_init</STRONG> (Thumb, 214 bytes, Stack size 24 bytes, wk_spi.o(i.wk_spi1_init))
<BR><BR>[Stack]<UL><LI>Max Depth = 44<LI>Call Chain = wk_spi1_init &rArr; gpio_init
</UL>
<BR>[Calls]<UL><LI><a href="#[e9]">&gt;&gt;</a>&nbsp;&nbsp;&nbsp;spi_init
<LI><a href="#[ec]">&gt;&gt;</a>&nbsp;&nbsp;&nbsp;spi_i2s_dma_transmitter_enable
<LI><a href="#[ed]">&gt;&gt;</a>&nbsp;&nbsp;&nbsp;spi_i2s_dma_receiver_enable
<LI><a href="#[ee]">&gt;&gt;</a>&nbsp;&nbsp;&nbsp;spi_enable
<LI><a href="#[e8]">&gt;&gt;</a>&nbsp;&nbsp;&nbsp;spi_default_para_init
<LI><a href="#[ea]">&gt;&gt;</a>&nbsp;&nbsp;&nbsp;spi_crc_polynomial_set
<LI><a href="#[eb]">&gt;&gt;</a>&nbsp;&nbsp;&nbsp;spi_crc_enable
<LI><a href="#[ca]">&gt;&gt;</a>&nbsp;&nbsp;&nbsp;gpio_init
<LI><a href="#[c9]">&gt;&gt;</a>&nbsp;&nbsp;&nbsp;gpio_default_para_init
</UL>
<BR>[Called By]<UL><LI><a href="#[5a]">&gt;&gt;</a>&nbsp;&nbsp;&nbsp;main
</UL>

<P><STRONG><a name="[b9]"></a>wk_spi2_init</STRONG> (Thumb, 216 bytes, Stack size 24 bytes, wk_spi.o(i.wk_spi2_init))
<BR><BR>[Stack]<UL><LI>Max Depth = 44<LI>Call Chain = wk_spi2_init &rArr; gpio_init
</UL>
<BR>[Calls]<UL><LI><a href="#[e9]">&gt;&gt;</a>&nbsp;&nbsp;&nbsp;spi_init
<LI><a href="#[ec]">&gt;&gt;</a>&nbsp;&nbsp;&nbsp;spi_i2s_dma_transmitter_enable
<LI><a href="#[ed]">&gt;&gt;</a>&nbsp;&nbsp;&nbsp;spi_i2s_dma_receiver_enable
<LI><a href="#[ee]">&gt;&gt;</a>&nbsp;&nbsp;&nbsp;spi_enable
<LI><a href="#[e8]">&gt;&gt;</a>&nbsp;&nbsp;&nbsp;spi_default_para_init
<LI><a href="#[ea]">&gt;&gt;</a>&nbsp;&nbsp;&nbsp;spi_crc_polynomial_set
<LI><a href="#[eb]">&gt;&gt;</a>&nbsp;&nbsp;&nbsp;spi_crc_enable
<LI><a href="#[ca]">&gt;&gt;</a>&nbsp;&nbsp;&nbsp;gpio_init
<LI><a href="#[c9]">&gt;&gt;</a>&nbsp;&nbsp;&nbsp;gpio_default_para_init
</UL>
<BR>[Called By]<UL><LI><a href="#[5a]">&gt;&gt;</a>&nbsp;&nbsp;&nbsp;main
</UL>

<P><STRONG><a name="[a9]"></a>wk_system_clock_config</STRONG> (Thumb, 146 bytes, Stack size 8 bytes, at32f403a_407_wk_config.o(i.wk_system_clock_config))
<BR><BR>[Stack]<UL><LI>Max Depth = 40<LI>Call Chain = wk_system_clock_config &rArr; system_core_clock_update
</UL>
<BR>[Calls]<UL><LI><a href="#[c7]">&gt;&gt;</a>&nbsp;&nbsp;&nbsp;system_core_clock_update
<LI><a href="#[9d]">&gt;&gt;</a>&nbsp;&nbsp;&nbsp;crm_sysclk_switch_status_get
<LI><a href="#[f6]">&gt;&gt;</a>&nbsp;&nbsp;&nbsp;crm_sysclk_switch
<LI><a href="#[ef]">&gt;&gt;</a>&nbsp;&nbsp;&nbsp;crm_reset
<LI><a href="#[f1]">&gt;&gt;</a>&nbsp;&nbsp;&nbsp;crm_pll_config
<LI><a href="#[9e]">&gt;&gt;</a>&nbsp;&nbsp;&nbsp;crm_hext_stable_wait
<LI><a href="#[9f]">&gt;&gt;</a>&nbsp;&nbsp;&nbsp;crm_flag_get
<LI><a href="#[f0]">&gt;&gt;</a>&nbsp;&nbsp;&nbsp;crm_clock_source_enable
<LI><a href="#[f5]">&gt;&gt;</a>&nbsp;&nbsp;&nbsp;crm_auto_step_mode_enable
<LI><a href="#[f3]">&gt;&gt;</a>&nbsp;&nbsp;&nbsp;crm_apb2_div_set
<LI><a href="#[f4]">&gt;&gt;</a>&nbsp;&nbsp;&nbsp;crm_apb1_div_set
<LI><a href="#[f2]">&gt;&gt;</a>&nbsp;&nbsp;&nbsp;crm_ahb_div_set
</UL>
<BR>[Called By]<UL><LI><a href="#[5a]">&gt;&gt;</a>&nbsp;&nbsp;&nbsp;main
</UL>

<P><STRONG><a name="[ad]"></a>wk_timebase_init</STRONG> (Thumb, 58 bytes, Stack size 32 bytes, wk_system.o(i.wk_timebase_init))
<BR><BR>[Stack]<UL><LI>Max Depth = 56<LI>Call Chain = wk_timebase_init &rArr; crm_clocks_freq_get
</UL>
<BR>[Calls]<UL><LI><a href="#[a1]">&gt;&gt;</a>&nbsp;&nbsp;&nbsp;systick_clock_source_config
<LI><a href="#[9c]">&gt;&gt;</a>&nbsp;&nbsp;&nbsp;crm_clocks_freq_get
</UL>
<BR>[Called By]<UL><LI><a href="#[5a]">&gt;&gt;</a>&nbsp;&nbsp;&nbsp;main
</UL>

<P><STRONG><a name="[bc]"></a>wk_tmr2_init</STRONG> (Thumb, 542 bytes, Stack size 24 bytes, wk_tmr.o(i.wk_tmr2_init))
<BR><BR>[Stack]<UL><LI>Max Depth = 48<LI>Call Chain = wk_tmr2_init &rArr; tmr_output_channel_config
</UL>
<BR>[Calls]<UL><LI><a href="#[fb]">&gt;&gt;</a>&nbsp;&nbsp;&nbsp;tmr_sub_sync_mode_set
<LI><a href="#[fc]">&gt;&gt;</a>&nbsp;&nbsp;&nbsp;tmr_primary_mode_select
<LI><a href="#[fa]">&gt;&gt;</a>&nbsp;&nbsp;&nbsp;tmr_period_buffer_enable
<LI><a href="#[ff]">&gt;&gt;</a>&nbsp;&nbsp;&nbsp;tmr_output_channel_immediately_set
<LI><a href="#[fd]">&gt;&gt;</a>&nbsp;&nbsp;&nbsp;tmr_output_channel_config
<LI><a href="#[fe]">&gt;&gt;</a>&nbsp;&nbsp;&nbsp;tmr_output_channel_buffer_enable
<LI><a href="#[100]">&gt;&gt;</a>&nbsp;&nbsp;&nbsp;tmr_counter_enable
<LI><a href="#[f8]">&gt;&gt;</a>&nbsp;&nbsp;&nbsp;tmr_cnt_dir_set
<LI><a href="#[f9]">&gt;&gt;</a>&nbsp;&nbsp;&nbsp;tmr_clock_source_div_set
<LI><a href="#[81]">&gt;&gt;</a>&nbsp;&nbsp;&nbsp;tmr_channel_value_set
<LI><a href="#[f7]">&gt;&gt;</a>&nbsp;&nbsp;&nbsp;tmr_base_init
<LI><a href="#[ca]">&gt;&gt;</a>&nbsp;&nbsp;&nbsp;gpio_init
<LI><a href="#[c9]">&gt;&gt;</a>&nbsp;&nbsp;&nbsp;gpio_default_para_init
<LI><a href="#[dd]">&gt;&gt;</a>&nbsp;&nbsp;&nbsp;gpio_pin_remap_config
</UL>
<BR>[Called By]<UL><LI><a href="#[5a]">&gt;&gt;</a>&nbsp;&nbsp;&nbsp;main
</UL>

<P><STRONG><a name="[bd]"></a>wk_tmr4_init</STRONG> (Thumb, 514 bytes, Stack size 24 bytes, wk_tmr.o(i.wk_tmr4_init))
<BR><BR>[Stack]<UL><LI>Max Depth = 48<LI>Call Chain = wk_tmr4_init &rArr; tmr_output_channel_config
</UL>
<BR>[Calls]<UL><LI><a href="#[fb]">&gt;&gt;</a>&nbsp;&nbsp;&nbsp;tmr_sub_sync_mode_set
<LI><a href="#[fc]">&gt;&gt;</a>&nbsp;&nbsp;&nbsp;tmr_primary_mode_select
<LI><a href="#[fa]">&gt;&gt;</a>&nbsp;&nbsp;&nbsp;tmr_period_buffer_enable
<LI><a href="#[ff]">&gt;&gt;</a>&nbsp;&nbsp;&nbsp;tmr_output_channel_immediately_set
<LI><a href="#[fd]">&gt;&gt;</a>&nbsp;&nbsp;&nbsp;tmr_output_channel_config
<LI><a href="#[fe]">&gt;&gt;</a>&nbsp;&nbsp;&nbsp;tmr_output_channel_buffer_enable
<LI><a href="#[100]">&gt;&gt;</a>&nbsp;&nbsp;&nbsp;tmr_counter_enable
<LI><a href="#[f8]">&gt;&gt;</a>&nbsp;&nbsp;&nbsp;tmr_cnt_dir_set
<LI><a href="#[f9]">&gt;&gt;</a>&nbsp;&nbsp;&nbsp;tmr_clock_source_div_set
<LI><a href="#[81]">&gt;&gt;</a>&nbsp;&nbsp;&nbsp;tmr_channel_value_set
<LI><a href="#[f7]">&gt;&gt;</a>&nbsp;&nbsp;&nbsp;tmr_base_init
<LI><a href="#[ca]">&gt;&gt;</a>&nbsp;&nbsp;&nbsp;gpio_init
<LI><a href="#[c9]">&gt;&gt;</a>&nbsp;&nbsp;&nbsp;gpio_default_para_init
</UL>
<BR>[Called By]<UL><LI><a href="#[5a]">&gt;&gt;</a>&nbsp;&nbsp;&nbsp;main
</UL>

<P><STRONG><a name="[be]"></a>wk_tmr5_init</STRONG> (Thumb, 64 bytes, Stack size 8 bytes, wk_tmr.o(i.wk_tmr5_init))
<BR><BR>[Stack]<UL><LI>Max Depth = 8<LI>Call Chain = wk_tmr5_init
</UL>
<BR>[Calls]<UL><LI><a href="#[fb]">&gt;&gt;</a>&nbsp;&nbsp;&nbsp;tmr_sub_sync_mode_set
<LI><a href="#[fc]">&gt;&gt;</a>&nbsp;&nbsp;&nbsp;tmr_primary_mode_select
<LI><a href="#[fa]">&gt;&gt;</a>&nbsp;&nbsp;&nbsp;tmr_period_buffer_enable
<LI><a href="#[100]">&gt;&gt;</a>&nbsp;&nbsp;&nbsp;tmr_counter_enable
<LI><a href="#[f8]">&gt;&gt;</a>&nbsp;&nbsp;&nbsp;tmr_cnt_dir_set
<LI><a href="#[f9]">&gt;&gt;</a>&nbsp;&nbsp;&nbsp;tmr_clock_source_div_set
<LI><a href="#[f7]">&gt;&gt;</a>&nbsp;&nbsp;&nbsp;tmr_base_init
</UL>
<BR>[Called By]<UL><LI><a href="#[5a]">&gt;&gt;</a>&nbsp;&nbsp;&nbsp;main
</UL>

<P><STRONG><a name="[b6]"></a>wk_usart1_init</STRONG> (Thumb, 142 bytes, Stack size 16 bytes, wk_usart.o(i.wk_usart1_init))
<BR><BR>[Stack]<UL><LI>Max Depth = 88<LI>Call Chain = wk_usart1_init &rArr; usart_init &rArr; crm_clocks_freq_get
</UL>
<BR>[Calls]<UL><LI><a href="#[101]">&gt;&gt;</a>&nbsp;&nbsp;&nbsp;usart_transmitter_enable
<LI><a href="#[102]">&gt;&gt;</a>&nbsp;&nbsp;&nbsp;usart_receiver_enable
<LI><a href="#[103]">&gt;&gt;</a>&nbsp;&nbsp;&nbsp;usart_parity_selection_config
<LI><a href="#[c8]">&gt;&gt;</a>&nbsp;&nbsp;&nbsp;usart_init
<LI><a href="#[105]">&gt;&gt;</a>&nbsp;&nbsp;&nbsp;usart_hardware_flow_control_set
<LI><a href="#[106]">&gt;&gt;</a>&nbsp;&nbsp;&nbsp;usart_enable
<LI><a href="#[104]">&gt;&gt;</a>&nbsp;&nbsp;&nbsp;usart_dma_transmitter_enable
<LI><a href="#[ca]">&gt;&gt;</a>&nbsp;&nbsp;&nbsp;gpio_init
<LI><a href="#[c9]">&gt;&gt;</a>&nbsp;&nbsp;&nbsp;gpio_default_para_init
</UL>
<BR>[Called By]<UL><LI><a href="#[5a]">&gt;&gt;</a>&nbsp;&nbsp;&nbsp;main
</UL>

<P><STRONG><a name="[b7]"></a>wk_usart3_init</STRONG> (Thumb, 136 bytes, Stack size 16 bytes, wk_usart.o(i.wk_usart3_init))
<BR><BR>[Stack]<UL><LI>Max Depth = 88<LI>Call Chain = wk_usart3_init &rArr; usart_init &rArr; crm_clocks_freq_get
</UL>
<BR>[Calls]<UL><LI><a href="#[101]">&gt;&gt;</a>&nbsp;&nbsp;&nbsp;usart_transmitter_enable
<LI><a href="#[102]">&gt;&gt;</a>&nbsp;&nbsp;&nbsp;usart_receiver_enable
<LI><a href="#[103]">&gt;&gt;</a>&nbsp;&nbsp;&nbsp;usart_parity_selection_config
<LI><a href="#[c8]">&gt;&gt;</a>&nbsp;&nbsp;&nbsp;usart_init
<LI><a href="#[105]">&gt;&gt;</a>&nbsp;&nbsp;&nbsp;usart_hardware_flow_control_set
<LI><a href="#[106]">&gt;&gt;</a>&nbsp;&nbsp;&nbsp;usart_enable
<LI><a href="#[ca]">&gt;&gt;</a>&nbsp;&nbsp;&nbsp;gpio_init
<LI><a href="#[c9]">&gt;&gt;</a>&nbsp;&nbsp;&nbsp;gpio_default_para_init
</UL>
<BR>[Called By]<UL><LI><a href="#[5a]">&gt;&gt;</a>&nbsp;&nbsp;&nbsp;main
</UL>
<P>
<H3>
Local Symbols
</H3>
<P><STRONG><a name="[e4]"></a>NVIC_EncodePriority</STRONG> (Thumb, 64 bytes, Stack size 20 bytes, at32f403a_407_wk_config.o(i.NVIC_EncodePriority))
<BR><BR>[Stack]<UL><LI>Max Depth = 20<LI>Call Chain = NVIC_EncodePriority
</UL>
<BR>[Called By]<UL><LI><a href="#[ac]">&gt;&gt;</a>&nbsp;&nbsp;&nbsp;wk_nvic_config
</UL>

<P><STRONG><a name="[e3]"></a>__NVIC_GetPriorityGrouping</STRONG> (Thumb, 10 bytes, Stack size 0 bytes, at32f403a_407_wk_config.o(i.__NVIC_GetPriorityGrouping))
<BR><BR>[Called By]<UL><LI><a href="#[ac]">&gt;&gt;</a>&nbsp;&nbsp;&nbsp;wk_nvic_config
</UL>

<P><STRONG><a name="[e5]"></a>__NVIC_SetPriority</STRONG> (Thumb, 32 bytes, Stack size 8 bytes, at32f403a_407_wk_config.o(i.__NVIC_SetPriority))
<BR><BR>[Stack]<UL><LI>Max Depth = 8<LI>Call Chain = __NVIC_SetPriority
</UL>
<BR>[Called By]<UL><LI><a href="#[ac]">&gt;&gt;</a>&nbsp;&nbsp;&nbsp;wk_nvic_config
</UL>

<P><STRONG><a name="[70]"></a>Angle_limit</STRONG> (Thumb, 88 bytes, Stack size 32 bytes, foc.o(i.Angle_limit))
<BR><BR>[Stack]<UL><LI>Max Depth = 168<LI>Call Chain = Angle_limit &rArr; __hardfp_fmod &rArr; _drem &rArr; _double_epilogue &rArr; _double_round
</UL>
<BR>[Calls]<UL><LI><a href="#[71]">&gt;&gt;</a>&nbsp;&nbsp;&nbsp;__aeabi_f2d
<LI><a href="#[60]">&gt;&gt;</a>&nbsp;&nbsp;&nbsp;__aeabi_d2f
<LI><a href="#[72]">&gt;&gt;</a>&nbsp;&nbsp;&nbsp;__hardfp_fmod
</UL>
<BR>[Called By]<UL><LI><a href="#[c5]">&gt;&gt;</a>&nbsp;&nbsp;&nbsp;strong_drag_Angle
<LI><a href="#[79]">&gt;&gt;</a>&nbsp;&nbsp;&nbsp;getCorrectedElectricalAngle
<LI><a href="#[92]">&gt;&gt;</a>&nbsp;&nbsp;&nbsp;_electricalAngle
</UL>

<P><STRONG><a name="[92]"></a>_electricalAngle</STRONG> (Thumb, 64 bytes, Stack size 8 bytes, foc.o(i._electricalAngle))
<BR><BR>[Stack]<UL><LI>Max Depth = 176<LI>Call Chain = _electricalAngle &rArr; Angle_limit &rArr; __hardfp_fmod &rArr; _drem &rArr; _double_epilogue &rArr; _double_round
</UL>
<BR>[Calls]<UL><LI><a href="#[70]">&gt;&gt;</a>&nbsp;&nbsp;&nbsp;Angle_limit
</UL>
<BR>[Called By]<UL><LI><a href="#[98]">&gt;&gt;</a>&nbsp;&nbsp;&nbsp;angle_init
<LI><a href="#[79]">&gt;&gt;</a>&nbsp;&nbsp;&nbsp;getCorrectedElectricalAngle
</UL>

<P><STRONG><a name="[7a]"></a>clarke_transform</STRONG> (Thumb, 62 bytes, Stack size 0 bytes, foc.o(i.clarke_transform))
<BR><BR>[Called By]<UL><LI><a href="#[75]">&gt;&gt;</a>&nbsp;&nbsp;&nbsp;FocContorl
</UL>

<P><STRONG><a name="[a8]"></a>fast_cos</STRONG> (Thumb, 164 bytes, Stack size 0 bytes, foc.o(i.fast_cos))
<BR><BR>[Called By]<UL><LI><a href="#[7b]">&gt;&gt;</a>&nbsp;&nbsp;&nbsp;park_transform
<LI><a href="#[7d]">&gt;&gt;</a>&nbsp;&nbsp;&nbsp;inv_park_transform
</UL>

<P><STRONG><a name="[a7]"></a>fast_sin</STRONG> (Thumb, 168 bytes, Stack size 0 bytes, foc.o(i.fast_sin))
<BR><BR>[Called By]<UL><LI><a href="#[7b]">&gt;&gt;</a>&nbsp;&nbsp;&nbsp;park_transform
<LI><a href="#[7d]">&gt;&gt;</a>&nbsp;&nbsp;&nbsp;inv_park_transform
</UL>

<P><STRONG><a name="[79]"></a>getCorrectedElectricalAngle</STRONG> (Thumb, 116 bytes, Stack size 24 bytes, foc.o(i.getCorrectedElectricalAngle))
<BR><BR>[Stack]<UL><LI>Max Depth = 200<LI>Call Chain = getCorrectedElectricalAngle &rArr; _electricalAngle &rArr; Angle_limit &rArr; __hardfp_fmod &rArr; _drem &rArr; _double_epilogue &rArr; _double_round
</UL>
<BR>[Calls]<UL><LI><a href="#[71]">&gt;&gt;</a>&nbsp;&nbsp;&nbsp;__aeabi_f2d
<LI><a href="#[a6]">&gt;&gt;</a>&nbsp;&nbsp;&nbsp;__aeabi_cdcmple
<LI><a href="#[92]">&gt;&gt;</a>&nbsp;&nbsp;&nbsp;_electricalAngle
<LI><a href="#[70]">&gt;&gt;</a>&nbsp;&nbsp;&nbsp;Angle_limit
<LI><a href="#[a5]">&gt;&gt;</a>&nbsp;&nbsp;&nbsp;__hardfp_fabs
</UL>
<BR>[Called By]<UL><LI><a href="#[75]">&gt;&gt;</a>&nbsp;&nbsp;&nbsp;FocContorl
<LI><a href="#[98]">&gt;&gt;</a>&nbsp;&nbsp;&nbsp;angle_init
</UL>

<P><STRONG><a name="[c6]"></a>inv_clarke_transform</STRONG> (Thumb, 90 bytes, Stack size 0 bytes, foc.o(i.inv_clarke_transform))
<BR><BR>[Called By]<UL><LI><a href="#[99]">&gt;&gt;</a>&nbsp;&nbsp;&nbsp;strong_drag
</UL>

<P><STRONG><a name="[7d]"></a>inv_park_transform</STRONG> (Thumb, 106 bytes, Stack size 16 bytes, foc.o(i.inv_park_transform))
<BR><BR>[Stack]<UL><LI>Max Depth = 16<LI>Call Chain = inv_park_transform
</UL>
<BR>[Calls]<UL><LI><a href="#[a7]">&gt;&gt;</a>&nbsp;&nbsp;&nbsp;fast_sin
<LI><a href="#[a8]">&gt;&gt;</a>&nbsp;&nbsp;&nbsp;fast_cos
</UL>
<BR>[Called By]<UL><LI><a href="#[75]">&gt;&gt;</a>&nbsp;&nbsp;&nbsp;FocContorl
<LI><a href="#[99]">&gt;&gt;</a>&nbsp;&nbsp;&nbsp;strong_drag
</UL>

<P><STRONG><a name="[c4]"></a>limit</STRONG> (Thumb, 42 bytes, Stack size 0 bytes, foc.o(i.limit))
<BR><BR>[Called By]<UL><LI><a href="#[c3]">&gt;&gt;</a>&nbsp;&nbsp;&nbsp;setpwm
</UL>

<P><STRONG><a name="[7b]"></a>park_transform</STRONG> (Thumb, 106 bytes, Stack size 16 bytes, foc.o(i.park_transform))
<BR><BR>[Stack]<UL><LI>Max Depth = 16<LI>Call Chain = park_transform
</UL>
<BR>[Calls]<UL><LI><a href="#[a7]">&gt;&gt;</a>&nbsp;&nbsp;&nbsp;fast_sin
<LI><a href="#[a8]">&gt;&gt;</a>&nbsp;&nbsp;&nbsp;fast_cos
</UL>
<BR>[Called By]<UL><LI><a href="#[75]">&gt;&gt;</a>&nbsp;&nbsp;&nbsp;FocContorl
</UL>

<P><STRONG><a name="[7f]"></a>setSVpwm</STRONG> (Thumb, 36 bytes, Stack size 16 bytes, foc.o(i.setSVpwm))
<BR><BR>[Stack]<UL><LI>Max Depth = 16<LI>Call Chain = setSVpwm
</UL>
<BR>[Called By]<UL><LI><a href="#[75]">&gt;&gt;</a>&nbsp;&nbsp;&nbsp;FocContorl
</UL>

<P><STRONG><a name="[c3]"></a>setpwm</STRONG> (Thumb, 210 bytes, Stack size 24 bytes, foc.o(i.setpwm))
<BR><BR>[Stack]<UL><LI>Max Depth = 24<LI>Call Chain = setpwm
</UL>
<BR>[Calls]<UL><LI><a href="#[c4]">&gt;&gt;</a>&nbsp;&nbsp;&nbsp;limit
</UL>
<BR>[Called By]<UL><LI><a href="#[99]">&gt;&gt;</a>&nbsp;&nbsp;&nbsp;strong_drag
</UL>

<P><STRONG><a name="[1]"></a>setpwm1_channel</STRONG> (Thumb, 120 bytes, Stack size 24 bytes, foc.o(i.setpwm1_channel))
<BR><BR>[Stack]<UL><LI>Max Depth = 24<LI>Call Chain = setpwm1_channel
</UL>
<BR>[Calls]<UL><LI><a href="#[81]">&gt;&gt;</a>&nbsp;&nbsp;&nbsp;tmr_channel_value_set
</UL>
<BR>[Address Reference Count : 1]<UL><LI> foc.o(.data)
</UL>
<P><STRONG><a name="[2]"></a>setpwm2_channel</STRONG> (Thumb, 124 bytes, Stack size 24 bytes, foc.o(i.setpwm2_channel))
<BR><BR>[Stack]<UL><LI>Max Depth = 24<LI>Call Chain = setpwm2_channel
</UL>
<BR>[Calls]<UL><LI><a href="#[81]">&gt;&gt;</a>&nbsp;&nbsp;&nbsp;tmr_channel_value_set
</UL>
<BR>[Address Reference Count : 1]<UL><LI> foc.o(.data)
</UL>
<P><STRONG><a name="[99]"></a>strong_drag</STRONG> (Thumb, 46 bytes, Stack size 8 bytes, foc.o(i.strong_drag))
<BR><BR>[Stack]<UL><LI>Max Depth = 200<LI>Call Chain = strong_drag &rArr; strong_drag_Angle &rArr; Angle_limit &rArr; __hardfp_fmod &rArr; _drem &rArr; _double_epilogue &rArr; _double_round
</UL>
<BR>[Calls]<UL><LI><a href="#[c5]">&gt;&gt;</a>&nbsp;&nbsp;&nbsp;strong_drag_Angle
<LI><a href="#[c3]">&gt;&gt;</a>&nbsp;&nbsp;&nbsp;setpwm
<LI><a href="#[7d]">&gt;&gt;</a>&nbsp;&nbsp;&nbsp;inv_park_transform
<LI><a href="#[c6]">&gt;&gt;</a>&nbsp;&nbsp;&nbsp;inv_clarke_transform
</UL>
<BR>[Called By]<UL><LI><a href="#[98]">&gt;&gt;</a>&nbsp;&nbsp;&nbsp;angle_init
</UL>

<P><STRONG><a name="[c5]"></a>strong_drag_Angle</STRONG> (Thumb, 142 bytes, Stack size 24 bytes, foc.o(i.strong_drag_Angle))
<BR><BR>[Stack]<UL><LI>Max Depth = 192<LI>Call Chain = strong_drag_Angle &rArr; Angle_limit &rArr; __hardfp_fmod &rArr; _drem &rArr; _double_epilogue &rArr; _double_round
</UL>
<BR>[Calls]<UL><LI><a href="#[71]">&gt;&gt;</a>&nbsp;&nbsp;&nbsp;__aeabi_f2d
<LI><a href="#[a6]">&gt;&gt;</a>&nbsp;&nbsp;&nbsp;__aeabi_cdcmple
<LI><a href="#[70]">&gt;&gt;</a>&nbsp;&nbsp;&nbsp;Angle_limit
<LI><a href="#[a5]">&gt;&gt;</a>&nbsp;&nbsp;&nbsp;__hardfp_fabs
</UL>
<BR>[Called By]<UL><LI><a href="#[99]">&gt;&gt;</a>&nbsp;&nbsp;&nbsp;strong_drag
</UL>

<P><STRONG><a name="[93]"></a>_fp_digits</STRONG> (Thumb, 366 bytes, Stack size 64 bytes, printfa.o(i._fp_digits), UNUSED)
<BR><BR>[Calls]<UL><LI><a href="#[62]">&gt;&gt;</a>&nbsp;&nbsp;&nbsp;__aeabi_uldivmod
<LI><a href="#[6b]">&gt;&gt;</a>&nbsp;&nbsp;&nbsp;__aeabi_dmul
<LI><a href="#[6c]">&gt;&gt;</a>&nbsp;&nbsp;&nbsp;__aeabi_ddiv
<LI><a href="#[65]">&gt;&gt;</a>&nbsp;&nbsp;&nbsp;__aeabi_dadd
<LI><a href="#[6e]">&gt;&gt;</a>&nbsp;&nbsp;&nbsp;__aeabi_d2ulz
<LI><a href="#[94]">&gt;&gt;</a>&nbsp;&nbsp;&nbsp;__aeabi_cdrcmple
</UL>
<BR>[Called By]<UL><LI><a href="#[8f]">&gt;&gt;</a>&nbsp;&nbsp;&nbsp;_printf_core
</UL>

<P><STRONG><a name="[8f]"></a>_printf_core</STRONG> (Thumb, 1704 bytes, Stack size 136 bytes, printfa.o(i._printf_core), UNUSED)
<BR><BR>[Calls]<UL><LI><a href="#[62]">&gt;&gt;</a>&nbsp;&nbsp;&nbsp;__aeabi_uldivmod
<LI><a href="#[97]">&gt;&gt;</a>&nbsp;&nbsp;&nbsp;__aeabi_uidivmod
<LI><a href="#[95]">&gt;&gt;</a>&nbsp;&nbsp;&nbsp;_printf_pre_padding
<LI><a href="#[96]">&gt;&gt;</a>&nbsp;&nbsp;&nbsp;_printf_post_padding
<LI><a href="#[93]">&gt;&gt;</a>&nbsp;&nbsp;&nbsp;_fp_digits
</UL>
<BR>[Called By]<UL><LI><a href="#[8e]">&gt;&gt;</a>&nbsp;&nbsp;&nbsp;__0printf
</UL>

<P><STRONG><a name="[96]"></a>_printf_post_padding</STRONG> (Thumb, 36 bytes, Stack size 24 bytes, printfa.o(i._printf_post_padding), UNUSED)
<BR><BR>[Called By]<UL><LI><a href="#[8f]">&gt;&gt;</a>&nbsp;&nbsp;&nbsp;_printf_core
</UL>

<P><STRONG><a name="[95]"></a>_printf_pre_padding</STRONG> (Thumb, 46 bytes, Stack size 24 bytes, printfa.o(i._printf_pre_padding), UNUSED)
<BR><BR>[Called By]<UL><LI><a href="#[8f]">&gt;&gt;</a>&nbsp;&nbsp;&nbsp;_printf_core
</UL>
<P>
<H3>
Undefined Global Symbols
</H3><HR></body></html>
