<html>
<body>
<pre>
<h1>µVision Build Log</h1>
<h2>Tool Versions:</h2>
IDE-Version: ¦ÌVision V5.39.0.0
Copyright (C) 2023 ARM Ltd and ARM Germany GmbH. All rights reserved.
License Information: 11 11, 11, LIC=65ISZ-J4DIT-564Q2-9TCFG-AMN3X-J39U5
 
Tool Versions:
Toolchain:       MDK-ARM Plus  Version: 5.39.0.0
Toolchain Path:  D:\downloads\MDK\keil5\ARM\ARMCC\Bin
C Compiler:      Armcc.exe V5.06 update 7 (build 960)
Assembler:       Armasm.exe V5.06 update 7 (build 960)
Linker/Locator:  ArmLink.exe V5.06 update 7 (build 960)
Library Manager: ArmAr.exe V5.06 update 7 (build 960)
Hex Converter:   FromElf.exe V5.06 update 7 (build 960)
CPU DLL:         SARMCM3.DLL V5.39.0.0
Dialog DLL:      DCM.DLL V1.17.5.0
Target DLL:      STLink\ST-LINKIII-KEIL_SWO.dll V3.2.0.0
Dialog DLL:      TCM.DLL V1.56.4.0
 
<h2>Project:</h2>
E:\»úÆ÷ÈË\FOCÇý¶¯°å\FOC_Software\project\MDK_V5\AT32F403ACGT7_WorkBench.uvprojx
Project File Date:  03/20/2025

<h2>Output:</h2>
*** Using Compiler 'V5.06 update 7 (build 960)', folder: 'D:\downloads\MDK\keil5\ARM\ARMCC\Bin'
Build target 'AT32F403ACGT7_WorkBench'
compiling main.c...
compiling FOC.c...
..\bsp\FOC.c(240): warning:  #1035-D: single-precision operand implicitly converted to double-precision
  	tmr_channel_value_set(TMR4, TMR_SELECT_CHANNEL_3, pwm_a * ALL_Duty * 0.9);
..\bsp\FOC.c(241): warning:  #1035-D: single-precision operand implicitly converted to double-precision
      tmr_channel_value_set(TMR4, TMR_SELECT_CHANNEL_2, pwm_b * ALL_Duty * 0.9);
..\bsp\FOC.c(242): warning:  #1035-D: single-precision operand implicitly converted to double-precision
      tmr_channel_value_set(TMR4, TMR_SELECT_CHANNEL_1, pwm_c * ALL_Duty * 0.9);
..\bsp\FOC.c(248): warning:  #1035-D: single-precision operand implicitly converted to double-precision
  	tmr_channel_value_set(TMR2, TMR_SELECT_CHANNEL_4, pwm_a * ALL_Duty * 0.9);
..\bsp\FOC.c(249): warning:  #1035-D: single-precision operand implicitly converted to double-precision
      tmr_channel_value_set(TMR2, TMR_SELECT_CHANNEL_2, pwm_b * ALL_Duty * 0.9);
..\bsp\FOC.c(250): warning:  #1035-D: single-precision operand implicitly converted to double-precision
      tmr_channel_value_set(TMR2, TMR_SELECT_CHANNEL_1, pwm_c * ALL_Duty * 0.9);
..\bsp\FOC.c: 6 warnings, 0 errors
linking...
Program Size: Code=17176 RO-data=1276 RW-data=292 ZI-data=1028  
FromELF: creating hex file...
".\objects\AT32F403ACGT7_WorkBench.axf" - 0 Error(s), 6 Warning(s).

<h2>Software Packages used:</h2>

Package Vendor: ArteryTek
                
                ArteryTek::AT32F403A_407_DFP@2.1.9
                ArteryTek AT32F403A_407 Series Device Support,Drivers

<h2>Collection of Component include folders:</h2>
  D:/downloads/MDK/keil5/pack/ArteryTek/AT32F403A_407_DFP/2.1.9/Device/Include

<h2>Collection of Component Files used:</h2>
Build Time Elapsed:  00:00:01
</pre>
</body>
</html>
