Component: ARM Compiler 5.06 update 7 (build 960) Tool: armlink [4d3601]

==============================================================================

Section Cross References

    main.o(i.main) refers to at32f403a_407_wk_config.o(i.wk_system_clock_config) for wk_system_clock_config
    main.o(i.main) refers to at32f403a_407_wk_config.o(i.wk_periph_clock_config) for wk_periph_clock_config
    main.o(i.main) refers to wk_debug.o(i.wk_debug_config) for wk_debug_config
    main.o(i.main) refers to at32f403a_407_wk_config.o(i.wk_nvic_config) for wk_nvic_config
    main.o(i.main) refers to wk_system.o(i.wk_timebase_init) for wk_timebase_init
    main.o(i.main) refers to wk_dma.o(i.wk_dma1_channel1_init) for wk_dma1_channel1_init
    main.o(i.main) refers to wk_dma.o(i.wk_dma_channel_config) for wk_dma_channel_config
    main.o(i.main) refers to at32f403a_407_dma.o(i.dma_channel_enable) for dma_channel_enable
    main.o(i.main) refers to wk_dma.o(i.wk_dma1_channel2_init) for wk_dma1_channel2_init
    main.o(i.main) refers to wk_dma.o(i.wk_dma1_channel3_init) for wk_dma1_channel3_init
    main.o(i.main) refers to wk_dma.o(i.wk_dma1_channel4_init) for wk_dma1_channel4_init
    main.o(i.main) refers to wk_usart.o(i.wk_usart1_init) for wk_usart1_init
    main.o(i.main) refers to wk_usart.o(i.wk_usart3_init) for wk_usart3_init
    main.o(i.main) refers to wk_spi.o(i.wk_spi1_init) for wk_spi1_init
    main.o(i.main) refers to wk_spi.o(i.wk_spi2_init) for wk_spi2_init
    main.o(i.main) refers to wk_adc.o(i.wk_adc1_init) for wk_adc1_init
    main.o(i.main) refers to wk_adc.o(i.wk_adc3_init) for wk_adc3_init
    main.o(i.main) refers to wk_tmr.o(i.wk_tmr2_init) for wk_tmr2_init
    main.o(i.main) refers to wk_tmr.o(i.wk_tmr4_init) for wk_tmr4_init
    main.o(i.main) refers to wk_tmr.o(i.wk_tmr5_init) for wk_tmr5_init
    main.o(i.main) refers to wk_can.o(i.wk_can1_init) for wk_can1_init
    main.o(i.main) refers to wk_gpio.o(i.wk_gpio_config) for wk_gpio_config
    main.o(i.main) refers to delay.o(i.delay_init) for delay_init
    main.o(i.main) refers to log.o(i.Product_Overview) for Product_Overview
    main.o(i.main) refers to foc.o(i.M1_adc_tigger) for M1_adc_tigger
    main.o(i.main) refers to foc.o(i.M2_adc_tigger) for M2_adc_tigger
    main.o(i.main) refers to delay.o(i.delay_ms) for delay_ms
    main.o(i.main) refers to foc.o(i.first_get) for first_get
    main.o(i.main) refers to at32f403a_407_dma.o(i.dma_interrupt_enable) for dma_interrupt_enable
    main.o(i.main) refers to foc.o(i.angle_init) for angle_init
    main.o(i.main) refers to at32f403a_407_tmr.o(i.tmr_interrupt_enable) for tmr_interrupt_enable
    main.o(i.main) refers to foc.o(i.FocContorl) for FocContorl
    main.o(i.main) refers to foc.o(.data) for Motor2_AD_Value
    main.o(i.main) refers to mt6701.o(.data) for mt6701_rx_buf
    at32f403a_407_wk_config.o(i.wk_nvic_config) refers to at32f403a_407_misc.o(i.nvic_priority_group_config) for nvic_priority_group_config
    at32f403a_407_wk_config.o(i.wk_nvic_config) refers to at32f403a_407_wk_config.o(i.__NVIC_GetPriorityGrouping) for __NVIC_GetPriorityGrouping
    at32f403a_407_wk_config.o(i.wk_nvic_config) refers to at32f403a_407_wk_config.o(i.NVIC_EncodePriority) for NVIC_EncodePriority
    at32f403a_407_wk_config.o(i.wk_nvic_config) refers to at32f403a_407_wk_config.o(i.__NVIC_SetPriority) for __NVIC_SetPriority
    at32f403a_407_wk_config.o(i.wk_nvic_config) refers to at32f403a_407_misc.o(i.nvic_irq_enable) for nvic_irq_enable
    at32f403a_407_wk_config.o(i.wk_periph_clock_config) refers to at32f403a_407_crm.o(i.crm_periph_clock_enable) for crm_periph_clock_enable
    at32f403a_407_wk_config.o(i.wk_system_clock_config) refers to at32f403a_407_crm.o(i.crm_reset) for crm_reset
    at32f403a_407_wk_config.o(i.wk_system_clock_config) refers to at32f403a_407_crm.o(i.crm_clock_source_enable) for crm_clock_source_enable
    at32f403a_407_wk_config.o(i.wk_system_clock_config) refers to at32f403a_407_crm.o(i.crm_flag_get) for crm_flag_get
    at32f403a_407_wk_config.o(i.wk_system_clock_config) refers to at32f403a_407_crm.o(i.crm_hext_stable_wait) for crm_hext_stable_wait
    at32f403a_407_wk_config.o(i.wk_system_clock_config) refers to at32f403a_407_crm.o(i.crm_pll_config) for crm_pll_config
    at32f403a_407_wk_config.o(i.wk_system_clock_config) refers to at32f403a_407_crm.o(i.crm_ahb_div_set) for crm_ahb_div_set
    at32f403a_407_wk_config.o(i.wk_system_clock_config) refers to at32f403a_407_crm.o(i.crm_apb2_div_set) for crm_apb2_div_set
    at32f403a_407_wk_config.o(i.wk_system_clock_config) refers to at32f403a_407_crm.o(i.crm_apb1_div_set) for crm_apb1_div_set
    at32f403a_407_wk_config.o(i.wk_system_clock_config) refers to at32f403a_407_crm.o(i.crm_auto_step_mode_enable) for crm_auto_step_mode_enable
    at32f403a_407_wk_config.o(i.wk_system_clock_config) refers to at32f403a_407_crm.o(i.crm_sysclk_switch) for crm_sysclk_switch
[...]
    ..\\bsp\\delay.c                         0x00000000   Number         0  delay.o ABSOLUTE
    ..\\bsp\\filter.c                        0x00000000   Number         0  filter.o ABSOLUTE
    ..\\bsp\\led.c                           0x00000000   Number         0  led.o ABSOLUTE
    ..\\bsp\\mt6701.c                        0x00000000   Number         0  mt6701.o ABSOLUTE
    ..\\bsp\\usart_1.c                       0x00000000   Number         0  usart_1.o ABSOLUTE
    ..\\src\\at32f403a_407_int.c             0x00000000   Number         0  at32f403a_407_int.o ABSOLUTE
    ..\\src\\at32f403a_407_wk_config.c       0x00000000   Number         0  at32f403a_407_wk_config.o ABSOLUTE
    ..\\src\\main.c                          0x00000000   Number         0  main.o ABSOLUTE
    ..\\src\\wk_adc.c                        0x00000000   Number         0  wk_adc.o ABSOLUTE
    ..\\src\\wk_can.c                        0x00000000   Number         0  wk_can.o ABSOLUTE
    ..\\src\\wk_debug.c                      0x00000000   Number         0  wk_debug.o ABSOLUTE
    ..\\src\\wk_dma.c                        0x00000000   Number         0  wk_dma.o ABSOLUTE
    ..\\src\\wk_gpio.c                       0x00000000   Number         0  wk_gpio.o ABSOLUTE
    ..\\src\\wk_spi.c                        0x00000000   Number         0  wk_spi.o ABSOLUTE
    ..\\src\\wk_system.c                     0x00000000   Number         0  wk_system.o ABSOLUTE
    ..\\src\\wk_tmr.c                        0x00000000   Number         0  wk_tmr.o ABSOLUTE
    ..\\src\\wk_usart.c                      0x00000000   Number         0  wk_usart.o ABSOLUTE
    ..\bsp\FOC.c                             0x00000000   Number         0  foc.o ABSOLUTE
    ..\bsp\LOG.c                             0x00000000   Number         0  log.o ABSOLUTE
    ..\bsp\PID.c                             0x00000000   Number         0  pid.o ABSOLUTE
    ..\bsp\delay.c                           0x00000000   Number         0  delay.o ABSOLUTE
    ..\bsp\filter.c                          0x00000000   Number         0  filter.o ABSOLUTE
    ..\bsp\led.c                             0x00000000   Number         0  led.o ABSOLUTE
    ..\bsp\mt6701.c                          0x00000000   Number         0  mt6701.o ABSOLUTE
    ..\bsp\usart_1.c                         0x00000000   Number         0  usart_1.o ABSOLUTE
    ..\src\at32f403a_407_int.c               0x00000000   Number         0  at32f403a_407_int.o ABSOLUTE
    ..\src\at32f403a_407_wk_config.c         0x00000000   Number         0  at32f403a_407_wk_config.o ABSOLUTE
    ..\src\main.c                            0x00000000   Number         0  main.o ABSOLUTE
    ..\src\wk_adc.c                          0x00000000   Number         0  wk_adc.o ABSOLUTE
    ..\src\wk_can.c                          0x00000000   Number         0  wk_can.o ABSOLUTE
    ..\src\wk_debug.c                        0x00000000   Number         0  wk_debug.o ABSOLUTE
    ..\src\wk_dma.c                          0x00000000   Number         0  wk_dma.o ABSOLUTE
    ..\src\wk_gpio.c                         0x00000000   Number         0  wk_gpio.o ABSOLUTE
    ..\src\wk_spi.c                          0x00000000   Number         0  wk_spi.o ABSOLUTE
    ..\src\wk_system.c                       0x00000000   Number         0  wk_system.o ABSOLUTE
    ..\src\wk_tmr.c                          0x00000000   Number         0  wk_tmr.o ABSOLUTE
    ..\src\wk_usart.c                        0x00000000   Number         0  wk_usart.o ABSOLUTE
    cdcmple.s                                0x00000000   Number         0  cdcmple.o ABSOLUTE
    cdrcmple.s                               0x00000000   Number         0  cdrcmple.o ABSOLUTE
    dc.s                                     0x00000000   Number         0  dc.o ABSOLUTE
    handlers.s                               0x00000000   Number         0  handlers.o ABSOLUTE
    init.s                                   0x00000000   Number         0  init.o ABSOLUTE
    startup_at32f403a_407.s                  0x00000000   Number         0  startup_at32f403a_407.o ABSOLUTE
    RESET                                    0x08000000   Section      388  startup_at32f403a_407.o(RESET)
    .ARM.Collect$$$$00000000                 0x08000184   Section        0  entry.o(.ARM.Collect$$$$00000000)
    .ARM.Collect$$$$00000001                 0x08000184   Section        4  entry2.o(.ARM.Collect$$$$00000001)
    .ARM.Collect$$$$00000004                 0x08000188   Section        4  entry5.o(.ARM.Collect$$$$00000004)
    .ARM.Collect$$$$00000008                 0x0800018c   Section        0  entry7b.o(.ARM.Collect$$$$00000008)
    .ARM.Collect$$$$0000000A                 0x0800018c   Section        0  entry8b.o(.ARM.Collect$$$$0000000A)
    .ARM.Collect$$$$0000000B                 0x0800018c   Section        8  entry9a.o(.ARM.Collect$$$$0000000B)
    .ARM.Collect$$$$0000000E                 0x08000194   Section        4  entry12b.o(.ARM.Collect$$$$0000000E)
    .ARM.Collect$$$$0000000F                 0x08000198   Section        0  entry10a.o(.ARM.Collect$$$$0000000F)
    .ARM.Collect$$$$00000011                 0x08000198   Section        0  entry11a.o(.ARM.Collect$$$$00000011)
    .ARM.Collect$$$$00002712                 0x08000198   Section        4  entry2.o(.ARM.Collect$$$$00002712)
    __lit__00000000                          0x08000198   Data           4  entry2.o(.ARM.Collect$$$$00002712)
    .text                                    0x0800019c   Section       36  startup_at32f403a_407.o(.text)
    $v0                                      0x0800019c   Number         0  startup_at32f403a_407.o(.text)
    .text                                    0x080001c0   Section        0  dmul.o(.text)
    .text                                    0x080002a4   Section        0  dflti.o(.text)
    .text                                    0x080002c6   Section        0  dfixui.o(.text)
    .text                                    0x080002f8   Section        0  f2d.o(.text)
    .text                                    0x08000320   Section       48  cdcmple.o(.text)
    .text                                    0x08000350   Section        0  d2f.o(.text)
    .text                                    0x08000388   Section        0  uidiv.o(.text)
    .text                                    0x080003b4   Section        0  uldiv.o(.text)
    .text                                    0x08000416   Section        0  llushr.o(.text)
    .text                                    0x08000436   Section        0  iusefp.o(.text)
    .text                                    0x08000436   Section        0  fepilogue.o(.text)
    .text                                    0x080004a4   Section        0  depilogue.o(.text)
    .text                                    0x0800055e   Section        0  dadd.o(.text)
    .text                                    0x080006ac   Section        0  ddiv.o(.text)
    .text                                    0x0800078a   Section        0  drem.o(.text)
    .text                                    0x08000810   Section        0  dfixul.o(.text)
    .text                                    0x08000840   Section       48  cdrcmple.o(.text)
    .text                                    0x08000870   Section       36  init.o(.text)
    .text                                    0x08000894   Section        0  llshl.o(.text)
    .text                                    0x080008b2   Section        0  llsshr.o(.text)
    .text                                    0x080008d6   Section        0  __dczerorl2.o(.text)
    i.Angle_limit                            0x0800092c   Section        0  foc.o(i.Angle_limit)
    Angle_limit                              0x0800092d   Thumb Code    88  foc.o(i.Angle_limit)
    i.BusFault_Handler                       0x08000990   Section        0  at32f403a_407_int.o(i.BusFault_Handler)
    i.DMA1_Channel3_IRQHandler               0x08000994   Section        0  at32f403a_407_int.o(i.DMA1_Channel3_IRQHandler)
    i.DebugMon_Handler                       0x080009d8   Section        0  at32f403a_407_int.o(i.DebugMon_Handler)
    i.FocContorl                             0x080009dc   Section        0  foc.o(i.FocContorl)
    i.HardFault_Handler                      0x08000ad8   Section        0  at32f403a_407_int.o(i.HardFault_Handler)
    i.M1_adc_tigger                          0x08000adc   Section        0  foc.o(i.M1_adc_tigger)
    i.M2_adc_tigger                          0x08000b20   Section        0  foc.o(i.M2_adc_tigger)
    i.MT6701_GetAngle                        0x08000b60   Section        0  mt6701.o(i.MT6701_GetAngle)
    i.MT6701_StartRead                       0x08000bf0   Section        0  mt6701.o(i.MT6701_StartRead)
    i.MemManage_Handler                      0x08000c3c   Section        0  at32f403a_407_int.o(i.MemManage_Handler)
    i.NMI_Handler                            0x08000c40   Section        0  at32f403a_407_int.o(i.NMI_Handler)
    i.NVIC_EncodePriority                    0x08000c42   Section        0  at32f403a_407_wk_config.o(i.NVIC_EncodePriority)
    NVIC_EncodePriority                      0x08000c43   Thumb Code    64  at32f403a_407_wk_config.o(i.NVIC_EncodePriority)
    i.PI_Compute                             0x08000c82   Section        0  pid.o(i.PI_Compute)
    i.PendSV_Handler                         0x08000d3c   Section        0  at32f403a_407_int.o(i.PendSV_Handler)
    i.Product_Overview                       0x08000d40   Section        0  log.o(i.Product_Overview)
    i.SVC_Handler                            0x08000ef8   Section        0  at32f403a_407_int.o(i.SVC_Handler)
    i.SysTick_Handler                        0x08000efa   Section        0  at32f403a_407_int.o(i.SysTick_Handler)
    i.SystemInit                             0x08000efc   Section        0  system_at32f403a_407.o(i.SystemInit)
    i.TMR5_GLOBAL_IRQHandler                 0x08000f6c   Section        0  at32f403a_407_int.o(i.TMR5_GLOBAL_IRQHandler)
    i.UsageFault_Handler                     0x08000fa0   Section        0  at32f403a_407_int.o(i.UsageFault_Handler)
    i.__0printf                              0x08000fa4   Section        0  printfa.o(i.__0printf)
    i.__NVIC_GetPriorityGrouping             0x08000fc4   Section        0  at32f403a_407_wk_config.o(i.__NVIC_GetPriorityGrouping)
    __NVIC_GetPriorityGrouping               0x08000fc5   Thumb Code    10  at32f403a_407_wk_config.o(i.__NVIC_GetPriorityGrouping)
    i.__NVIC_SetPriority                     0x08000fd4   Section        0  at32f403a_407_wk_config.o(i.__NVIC_SetPriority)
    __NVIC_SetPriority                       0x08000fd5   Thumb Code    32  at32f403a_407_wk_config.o(i.__NVIC_SetPriority)
    i.__hardfp_fabs                          0x08000ffc   Section        0  fabs.o(i.__hardfp_fabs)
    i.__hardfp_fmod                          0x08001010   Section        0  fmod.o(i.__hardfp_fmod)
    i.__mathlib_dbl_invalid                  0x08001118   Section        0  dunder.o(i.__mathlib_dbl_invalid)
    i.__scatterload_copy                     0x08001138   Section       14  handlers.o(i.__scatterload_copy)
    i.__scatterload_null                     0x08001146   Section        2  handlers.o(i.__scatterload_null)
    i.__scatterload_zeroinit                 0x08001148   Section       14  handlers.o(i.__scatterload_zeroinit)
    i.__set_errno                            0x08001158   Section        0  errno.o(i.__set_errno)
    i._electricalAngle                       0x08001164   Section        0  foc.o(i._electricalAngle)
    _electricalAngle                         0x08001165   Thumb Code    38  foc.o(i._electricalAngle)
    i._fp_digits                             0x0800118c   Section        0  printfa.o(i._fp_digits)
    _fp_digits                               0x0800118d   Thumb Code   366  printfa.o(i._fp_digits)
    i._printf_core                           0x08001310   Section        0  printfa.o(i._printf_core)
    _printf_core                             0x08001311   Thumb Code  1704  printfa.o(i._printf_core)
    i._printf_post_padding                   0x080019c4   Section        0  printfa.o(i._printf_post_padding)
    _printf_post_padding                     0x080019c5   Thumb Code    36  printfa.o(i._printf_post_padding)
    i._printf_pre_padding                    0x080019e8   Section        0  printfa.o(i._printf_pre_padding)
    _printf_pre_padding                      0x080019e9   Thumb Code    46  printfa.o(i._printf_pre_padding)
    i.adc_base_config                        0x08001a16   Section        0  at32f403a_407_adc.o(i.adc_base_config)
    i.adc_base_default_para_init             0x08001a42   Section        0  at32f403a_407_adc.o(i.adc_base_default_para_init)
    i.adc_calibration_init                   0x08001a50   Section        0  at32f403a_407_adc.o(i.adc_calibration_init)
    i.adc_calibration_init_status_get        0x08001a5c   Section        0  at32f403a_407_adc.o(i.adc_calibration_init_status_get)
    i.adc_calibration_start                  0x08001a6e   Section        0  at32f403a_407_adc.o(i.adc_calibration_start)
    i.adc_calibration_status_get             0x08001a7a   Section        0  at32f403a_407_adc.o(i.adc_calibration_status_get)
    i.adc_combine_mode_select                0x08001a8c   Section        0  at32f403a_407_adc.o(i.adc_combine_mode_select)
    i.adc_dma_mode_enable                    0x08001aa0   Section        0  at32f403a_407_adc.o(i.adc_dma_mode_enable)
    i.adc_enable                             0x08001aaa   Section        0  at32f403a_407_adc.o(i.adc_enable)
    i.adc_ordinary_channel_set               0x08001ab4   Section        0  at32f403a_407_adc.o(i.adc_ordinary_channel_set)
    i.adc_ordinary_conversion_trigger_set    0x08001b5c   Section        0  at32f403a_407_adc.o(i.adc_ordinary_conversion_trigger_set)
    i.adc_ordinary_part_mode_enable          0x08001b90   Section        0  at32f403a_407_adc.o(i.adc_ordinary_part_mode_enable)
    i.angle_init                             0x08001b9c   Section        0  foc.o(i.angle_init)
    i.at32_led_toggle                        0x08001cd4   Section        0  led.o(i.at32_led_toggle)
    i.can_base_init                          0x08001d08   Section        0  at32f403a_407_can.o(i.can_base_init)
    i.can_baudrate_set                       0x08001dc4   Section        0  at32f403a_407_can.o(i.can_baudrate_set)
    i.can_default_para_init                  0x08001e56   Section        0  at32f403a_407_can.o(i.can_default_para_init)
    i.can_filter_init                        0x08001e68   Section        0  at32f403a_407_can.o(i.can_filter_init)
    i.clarke_transform                       0x08001fcc   Section        0  foc.o(i.clarke_transform)
    clarke_transform                         0x08001fcd   Thumb Code    62  foc.o(i.clarke_transform)
    i.crm_adc_clock_div_set                  0x08002010   Section        0  at32f403a_407_crm.o(i.crm_adc_clock_div_set)
    i.crm_ahb_div_set                        0x08002030   Section        0  at32f403a_407_crm.o(i.crm_ahb_div_set)
    i.crm_apb1_div_set                       0x08002044   Section        0  at32f403a_407_crm.o(i.crm_apb1_div_set)
    i.crm_apb2_div_set                       0x08002058   Section        0  at32f403a_407_crm.o(i.crm_apb2_div_set)
    i.crm_auto_step_mode_enable              0x0800206c   Section        0  at32f403a_407_crm.o(i.crm_auto_step_mode_enable)
    i.crm_clock_source_enable                0x08002094   Section        0  at32f403a_407_crm.o(i.crm_clock_source_enable)
    i.crm_clocks_freq_get                    0x080020f4   Section        0  at32f403a_407_crm.o(i.crm_clocks_freq_get)
    i.crm_flag_get                           0x08002220   Section        0  at32f403a_407_crm.o(i.crm_flag_get)
    i.crm_hext_stable_wait                   0x08002250   Section        0  at32f403a_407_crm.o(i.crm_hext_stable_wait)
    i.crm_periph_clock_enable                0x08002280   Section        0  at32f403a_407_crm.o(i.crm_periph_clock_enable)
    i.crm_pll_config                         0x080022c4   Section        0  at32f403a_407_crm.o(i.crm_pll_config)
    i.crm_reset                              0x08002340   Section        0  at32f403a_407_crm.o(i.crm_reset)
    i.crm_sysclk_switch                      0x08002398   Section        0  at32f403a_407_crm.o(i.crm_sysclk_switch)
    i.crm_sysclk_switch_status_get           0x080023d4   Section        0  at32f403a_407_crm.o(i.crm_sysclk_switch_status_get)
    i.delay_init                             0x080023e4   Section        0  delay.o(i.delay_init)
    i.delay_ms                               0x0800241c   Section        0  delay.o(i.delay_ms)
    i.dma_channel_enable                     0x08002490   Section        0  at32f403a_407_dma.o(i.dma_channel_enable)
    i.dma_default_para_init                  0x0800249a   Section        0  at32f403a_407_dma.o(i.dma_default_para_init)
    i.dma_flag_clear                         0x080024b4   Section        0  at32f403a_407_dma.o(i.dma_flag_clear)
    i.dma_flag_get                           0x080024d4   Section        0  at32f403a_407_dma.o(i.dma_flag_get)
    i.dma_flexible_config                    0x08002500   Section        0  at32f403a_407_dma.o(i.dma_flexible_config)
    i.dma_init                               0x08002598   Section        0  at32f403a_407_dma.o(i.dma_init)
    i.dma_interrupt_enable                   0x080025f4   Section        0  at32f403a_407_dma.o(i.dma_interrupt_enable)
    i.dma_reset                              0x08002608   Section        0  at32f403a_407_dma.o(i.dma_reset)
    i.fast_cos                               0x08002678   Section        0  foc.o(i.fast_cos)
    fast_cos                                 0x08002679   Thumb Code   164  foc.o(i.fast_cos)
    i.fast_sin                               0x0800273c   Section        0  foc.o(i.fast_sin)
    fast_sin                                 0x0800273d   Thumb Code   168  foc.o(i.fast_sin)
    i.first_get                              0x08002804   Section        0  foc.o(i.first_get)
    i.fputc                                  0x08002874   Section        0  usart_1.o(i.fputc)
    i.getCorrectedElectricalAngle            0x080028a8   Section        0  foc.o(i.getCorrectedElectricalAngle)
    getCorrectedElectricalAngle              0x080028a9   Thumb Code   116  foc.o(i.getCorrectedElectricalAngle)
    i.gpio_bits_reset                        0x0800292c   Section        0  at32f403a_407_gpio.o(i.gpio_bits_reset)
    i.gpio_bits_set                          0x08002930   Section        0  at32f403a_407_gpio.o(i.gpio_bits_set)
    i.gpio_default_para_init                 0x08002934   Section        0  at32f403a_407_gpio.o(i.gpio_default_para_init)
    i.gpio_init                              0x0800294a   Section        0  at32f403a_407_gpio.o(i.gpio_init)
    i.gpio_pin_remap_config                  0x080029f4   Section        0  at32f403a_407_gpio.o(i.gpio_pin_remap_config)
    i.inv_clarke_transform                   0x08002a40   Section        0  foc.o(i.inv_clarke_transform)
    inv_clarke_transform                     0x08002a41   Thumb Code    90  foc.o(i.inv_clarke_transform)
    i.inv_park_transform                     0x08002aa4   Section        0  foc.o(i.inv_park_transform)
    inv_park_transform                       0x08002aa5   Thumb Code   106  foc.o(i.inv_park_transform)
    i.limit                                  0x08002b0e   Section        0  foc.o(i.limit)
    limit                                    0x08002b0f   Thumb Code    42  foc.o(i.limit)
    i.main                                   0x08002b38   Section        0  main.o(i.main)
    i.nvic_irq_enable                        0x08002c68   Section        0  at32f403a_407_misc.o(i.nvic_irq_enable)
    i.nvic_priority_group_config             0x08002d30   Section        0  at32f403a_407_misc.o(i.nvic_priority_group_config)
    i.park_transform                         0x08002d58   Section        0  foc.o(i.park_transform)
    park_transform                           0x08002d59   Thumb Code   106  foc.o(i.park_transform)
    i.setpwm                                 0x08002dc4   Section        0  foc.o(i.setpwm)
    setpwm                                   0x08002dc5   Thumb Code   210  foc.o(i.setpwm)
    i.setpwm1_channel                        0x08002e9c   Section        0  foc.o(i.setpwm1_channel)
    setpwm1_channel                          0x08002e9d   Thumb Code   186  foc.o(i.setpwm1_channel)
    i.setpwm2_channel                        0x08002f68   Section        0  foc.o(i.setpwm2_channel)
    setpwm2_channel                          0x08002f69   Thumb Code   190  foc.o(i.setpwm2_channel)
    i.spi_crc_enable                         0x08003034   Section        0  at32f403a_407_spi.o(i.spi_crc_enable)
    i.spi_crc_polynomial_set                 0x0800303e   Section        0  at32f403a_407_spi.o(i.spi_crc_polynomial_set)
    i.spi_default_para_init                  0x08003048   Section        0  at32f403a_407_spi.o(i.spi_default_para_init)
    i.spi_enable                             0x0800305e   Section        0  at32f403a_407_spi.o(i.spi_enable)
    i.spi_i2s_data_transmit                  0x08003068   Section        0  at32f403a_407_spi.o(i.spi_i2s_data_transmit)
    i.spi_i2s_dma_receiver_enable            0x0800306c   Section        0  at32f403a_407_spi.o(i.spi_i2s_dma_receiver_enable)
    i.spi_i2s_dma_transmitter_enable         0x08003076   Section        0  at32f403a_407_spi.o(i.spi_i2s_dma_transmitter_enable)
    i.spi_i2s_flag_get                       0x08003080   Section        0  at32f403a_407_spi.o(i.spi_i2s_flag_get)
    i.spi_init                               0x08003090   Section        0  at32f403a_407_spi.o(i.spi_init)
    i.strong_drag                            0x080031b4   Section        0  foc.o(i.strong_drag)
    strong_drag                              0x080031b5   Thumb Code    46  foc.o(i.strong_drag)
    i.strong_drag_Angle                      0x080031e8   Section        0  foc.o(i.strong_drag_Angle)
    strong_drag_Angle                        0x080031e9   Thumb Code   142  foc.o(i.strong_drag_Angle)
    i.system_core_clock_update               0x08003288   Section        0  system_at32f403a_407.o(i.system_core_clock_update)
    i.systick_clock_source_config            0x08003380   Section        0  at32f403a_407_misc.o(i.systick_clock_source_config)
    i.tmr_base_init                          0x080033a8   Section        0  at32f403a_407_tmr.o(i.tmr_base_init)
    i.tmr_channel_value_set                  0x080033b8   Section        0  at32f403a_407_tmr.o(i.tmr_channel_value_set)
    i.tmr_clock_source_div_set               0x080033e0   Section        0  at32f403a_407_tmr.o(i.tmr_clock_source_div_set)
    i.tmr_cnt_dir_set                        0x080033ea   Section        0  at32f403a_407_tmr.o(i.tmr_cnt_dir_set)
    i.tmr_counter_enable                     0x080033f4   Section        0  at32f403a_407_tmr.o(i.tmr_counter_enable)
    i.tmr_flag_clear                         0x080033fe   Section        0  at32f403a_407_tmr.o(i.tmr_flag_clear)
    i.tmr_interrupt_enable                   0x08003404   Section        0  at32f403a_407_tmr.o(i.tmr_interrupt_enable)
    i.tmr_output_channel_buffer_enable       0x0800341a   Section        0  at32f403a_407_tmr.o(i.tmr_output_channel_buffer_enable)
    i.tmr_output_channel_config              0x0800345c   Section        0  at32f403a_407_tmr.o(i.tmr_output_channel_config)
    i.tmr_output_channel_immediately_set     0x080035fc   Section        0  at32f403a_407_tmr.o(i.tmr_output_channel_immediately_set)
    i.tmr_period_buffer_enable               0x0800363e   Section        0  at32f403a_407_tmr.o(i.tmr_period_buffer_enable)
    i.tmr_primary_mode_select                0x08003648   Section        0  at32f403a_407_tmr.o(i.tmr_primary_mode_select)
    i.tmr_sub_sync_mode_set                  0x08003652   Section        0  at32f403a_407_tmr.o(i.tmr_sub_sync_mode_set)
    i.usart_data_transmit                    0x0800365c   Section        0  at32f403a_407_usart.o(i.usart_data_transmit)
    i.usart_enable                           0x08003664   Section        0  at32f403a_407_usart.o(i.usart_enable)
    i.usart_flag_get                         0x0800366e   Section        0  at32f403a_407_usart.o(i.usart_flag_get)
    i.usart_hardware_flow_control_set        0x0800367e   Section        0  at32f403a_407_usart.o(i.usart_hardware_flow_control_set)
    i.usart_init                             0x080036e4   Section        0  at32f403a_407_usart.o(i.usart_init)
    i.usart_parity_selection_config          0x08003764   Section        0  at32f403a_407_usart.o(i.usart_parity_selection_config)
    i.usart_receiver_enable                  0x080037b0   Section        0  at32f403a_407_usart.o(i.usart_receiver_enable)
    i.usart_transmitter_enable               0x080037ba   Section        0  at32f403a_407_usart.o(i.usart_transmitter_enable)
    i.wk_adc1_init                           0x080037c4   Section        0  wk_adc.o(i.wk_adc1_init)
    i.wk_adc3_init                           0x08003888   Section        0  wk_adc.o(i.wk_adc3_init)
    i.wk_can1_init                           0x08003948   Section        0  wk_can.o(i.wk_can1_init)
    i.wk_debug_config                        0x08003a28   Section        0  wk_debug.o(i.wk_debug_config)
    i.wk_dma1_channel1_init                  0x08003a38   Section        0  wk_dma.o(i.wk_dma1_channel1_init)
    i.wk_dma1_channel2_init                  0x08003a8c   Section        0  wk_dma.o(i.wk_dma1_channel2_init)
    i.wk_dma1_channel3_init                  0x08003ae0   Section        0  wk_dma.o(i.wk_dma1_channel3_init)
    i.wk_dma1_channel4_init                  0x08003b34   Section        0  wk_dma.o(i.wk_dma1_channel4_init)
    i.wk_dma_channel_config                  0x08003b88   Section        0  wk_dma.o(i.wk_dma_channel_config)
    i.wk_gpio_config                         0x08003b90   Section        0  wk_gpio.o(i.wk_gpio_config)
    i.wk_nvic_config                         0x08003c04   Section        0  at32f403a_407_wk_config.o(i.wk_nvic_config)
    i.wk_periph_clock_config                 0x08003cd8   Section        0  at32f403a_407_wk_config.o(i.wk_periph_clock_config)
    i.wk_spi1_init                           0x08003d78   Section        0  wk_spi.o(i.wk_spi1_init)
    i.wk_spi2_init                           0x08003e58   Section        0  wk_spi.o(i.wk_spi2_init)
    i.wk_system_clock_config                 0x08003f28   Section        0  at32f403a_407_wk_config.o(i.wk_system_clock_config)
    i.wk_timebase_init                       0x08003fc0   Section        0  wk_system.o(i.wk_timebase_init)
    i.wk_tmr2_init                           0x08004004   Section        0  wk_tmr.o(i.wk_tmr2_init)
    i.wk_tmr4_init                           0x08004230   Section        0  wk_tmr.o(i.wk_tmr4_init)
    i.wk_tmr5_init                           0x0800443c   Section        0  wk_tmr.o(i.wk_tmr5_init)
    i.wk_usart1_init                         0x08004480   Section        0  wk_usart.o(i.wk_usart1_init)
    i.wk_usart3_init                         0x08004514   Section        0  wk_usart.o(i.wk_usart3_init)
    .constdata                               0x080045a4   Section       40  at32f403a_407_crm.o(.constdata)
    sclk_ahb_div_table                       0x080045a4   Data          16  at32f403a_407_crm.o(.constdata)
    ahb_apb1_div_table                       0x080045b4   Data           8  at32f403a_407_crm.o(.constdata)
    ahb_apb2_div_table                       0x080045bc   Data           8  at32f403a_407_crm.o(.constdata)
    adc_div_table                            0x080045c4   Data           8  at32f403a_407_crm.o(.constdata)
    .constdata                               0x080045cc   Section       16  system_at32f403a_407.o(.constdata)
    sys_ahb_div_table                        0x080045cc   Data          16  system_at32f403a_407.o(.constdata)
    .conststring                             0x080045dc   Section       67  foc.o(.conststring)
    .conststring                             0x08004620   Section      731  log.o(.conststring)
    .data                                    0x20000000   Section        4  at32f403a_407_int.o(.data)
    t                                        0x20000000   Data           4  at32f403a_407_int.o(.data)
    .data                                    0x20000004   Section        4  wk_system.o(.data)
    .data                                    0x20000008   Section        4  system_at32f403a_407.o(.data)
    .data                                    0x2000000c   Section        8  delay.o(.data)
    fac_us                                   0x2000000c   Data           4  delay.o(.data)
    fac_ms                                   0x20000010   Data           4  delay.o(.data)
    .data                                    0x20000014   Section        7  mt6701.o(.data)
    .data                                    0x2000001c   Section      256  foc.o(.data)
    .data                                    0x2000011c   Section        6  led.o(.data)
    .data                                    0x20000124   Section        4  stdout.o(.data)
    .data                                    0x20000128   Section        4  errno.o(.data)
    _errno                                   0x20000128   Data           4  errno.o(.data)
    STACK                                    0x20000130   Section     1024  startup_at32f403a_407.o(STACK)

    Global Symbols

    Symbol Name                              Value     Ov Type        Size  Object(Section)

    BuildAttributes$$THM_ISAv4$E$P$D$K$B$S$7EM$VFPi3$EXTD16$VFPS$VFMA$PE$A:L22UL41UL21$X:L11$S22US41US21$IEEE1$IW$USESV6$~STKCKD$USESV7$~SHL$OTIME$ROPI$IEEEX$EBA8$MICROLIB$REQ8$PRES8$EABIv2 0x00000000   Number         0  anon$$obj.o ABSOLUTE
    __ARM_use_no_argv                        0x00000000   Number         0  main.o ABSOLUTE
    _printf_a                                0x00000000   Number         0  stubs.o ABSOLUTE
    _printf_c                                0x00000000   Number         0  stubs.o ABSOLUTE
    _printf_charcount                        0x00000000   Number         0  stubs.o ABSOLUTE
    _printf_d                                0x00000000   Number         0  stubs.o ABSOLUTE
    _printf_e                                0x00000000   Number         0  stubs.o ABSOLUTE
    _printf_f                                0x00000000   Number         0  stubs.o ABSOLUTE
    _printf_flags                            0x00000000   Number         0  stubs.o ABSOLUTE
    _printf_fp_dec                           0x00000000   Number         0  stubs.o ABSOLUTE
    _printf_fp_hex                           0x00000000   Number         0  stubs.o ABSOLUTE
    _printf_g                                0x00000000   Number         0  stubs.o ABSOLUTE
    _printf_i                                0x00000000   Number         0  stubs.o ABSOLUTE
    _printf_int_dec                          0x00000000   Number         0  stubs.o ABSOLUTE
    _printf_l                                0x00000000   Number         0  stubs.o ABSOLUTE
    _printf_lc                               0x00000000   Number         0  stubs.o ABSOLUTE
    _printf_ll                               0x00000000   Number         0  stubs.o ABSOLUTE
    _printf_lld                              0x00000000   Number         0  stubs.o ABSOLUTE
    _printf_lli                              0x00000000   Number         0  stubs.o ABSOLUTE
    _printf_llo                              0x00000000   Number         0  stubs.o ABSOLUTE
    _printf_llu                              0x00000000   Number         0  stubs.o ABSOLUTE
    _printf_llx                              0x00000000   Number         0  stubs.o ABSOLUTE
    _printf_longlong_dec                     0x00000000   Number         0  stubs.o ABSOLUTE
    _printf_longlong_hex                     0x00000000   Number         0  stubs.o ABSOLUTE
    _printf_longlong_oct                     0x00000000   Number         0  stubs.o ABSOLUTE
    _printf_ls                               0x00000000   Number         0  stubs.o ABSOLUTE
    _printf_mbtowc                           0x00000000   Number         0  stubs.o ABSOLUTE
    _printf_n                                0x00000000   Number         0  stubs.o ABSOLUTE
    _printf_o                                0x00000000   Number         0  stubs.o ABSOLUTE
    _printf_p                                0x00000000   Number         0  stubs.o ABSOLUTE
    _printf_percent                          0x00000000   Number         0  stubs.o ABSOLUTE
    _printf_pre_padding                      0x00000000   Number         0  stubs.o ABSOLUTE
    _printf_return_value                     0x00000000   Number         0  stubs.o ABSOLUTE
    _printf_s                                0x00000000   Number         0  stubs.o ABSOLUTE
    _printf_sizespec                         0x00000000   Number         0  stubs.o ABSOLUTE
    _printf_str                              0x00000000   Number         0  stubs.o ABSOLUTE
    _printf_truncate_signed                  0x00000000   Number         0  stubs.o ABSOLUTE
    _printf_truncate_unsigned                0x00000000   Number         0  stubs.o ABSOLUTE
    _printf_u                                0x00000000   Number         0  stubs.o ABSOLUTE
    _printf_wc                               0x00000000   Number         0  stubs.o ABSOLUTE
    _printf_wctomb                           0x00000000   Number         0  stubs.o ABSOLUTE
    _printf_widthprec                        0x00000000   Number         0  stubs.o ABSOLUTE
    _printf_x                                0x00000000   Number         0  stubs.o ABSOLUTE
    __arm_fini_                               - Undefined Weak Reference
    __cpp_initialize__aeabi_                  - Undefined Weak Reference
    __cxa_finalize                            - Undefined Weak Reference
    _clock_init                               - Undefined Weak Reference
    _microlib_exit                            - Undefined Weak Reference
    __Vectors_Size                           0x00000184   Number         0  startup_at32f403a_407.o ABSOLUTE
    __Vectors                                0x08000000   Data           4  startup_at32f403a_407.o(RESET)
    __Vectors_End                            0x08000184   Data           0  startup_at32f403a_407.o(RESET)
    __main                                   0x08000185   Thumb Code     0  entry.o(.ARM.Collect$$$$00000000)
    _main_stk                                0x08000185   Thumb Code     0  entry2.o(.ARM.Collect$$$$00000001)
    _main_scatterload                        0x08000189   Thumb Code     0  entry5.o(.ARM.Collect$$$$00000004)
    __main_after_scatterload                 0x0800018d   Thumb Code     0  entry5.o(.ARM.Collect$$$$00000004)
    _main_clock                              0x0800018d   Thumb Code     0  entry7b.o(.ARM.Collect$$$$00000008)
    _main_cpp_init                           0x0800018d   Thumb Code     0  entry8b.o(.ARM.Collect$$$$0000000A)
    _main_init                               0x0800018d   Thumb Code     0  entry9a.o(.ARM.Collect$$$$0000000B)
    __rt_lib_shutdown_fini                   0x08000195   Thumb Code     0  entry12b.o(.ARM.Collect$$$$0000000E)
    __rt_final_cpp                           0x08000199   Thumb Code     0  entry10a.o(.ARM.Collect$$$$0000000F)
    __rt_final_exit                          0x08000199   Thumb Code     0  entry11a.o(.ARM.Collect$$$$00000011)
    Reset_Handler                            0x0800019d   Thumb Code     8  startup_at32f403a_407.o(.text)
    ACC_IRQHandler                           0x080001b7   Thumb Code     0  startup_at32f403a_407.o(.text)
    ADC1_2_IRQHandler                        0x080001b7   Thumb Code     0  startup_at32f403a_407.o(.text)
    ADC3_IRQHandler                          0x080001b7   Thumb Code     0  startup_at32f403a_407.o(.text)
    CAN1_RX1_IRQHandler                      0x080001b7   Thumb Code     0  startup_at32f403a_407.o(.text)
    CAN1_SE_IRQHandler                       0x080001b7   Thumb Code     0  startup_at32f403a_407.o(.text)
    CAN2_RX0_IRQHandler                      0x080001b7   Thumb Code     0  startup_at32f403a_407.o(.text)
    CAN2_RX1_IRQHandler                      0x080001b7   Thumb Code     0  startup_at32f403a_407.o(.text)
    CAN2_SE_IRQHandler                       0x080001b7   Thumb Code     0  startup_at32f403a_407.o(.text)
    CAN2_TX_IRQHandler                       0x080001b7   Thumb Code     0  startup_at32f403a_407.o(.text)
    CRM_IRQHandler                           0x080001b7   Thumb Code     0  startup_at32f403a_407.o(.text)
    DMA1_Channel1_IRQHandler                 0x080001b7   Thumb Code     0  startup_at32f403a_407.o(.text)
    DMA1_Channel2_IRQHandler                 0x080001b7   Thumb Code     0  startup_at32f403a_407.o(.text)
    DMA1_Channel4_IRQHandler                 0x080001b7   Thumb Code     0  startup_at32f403a_407.o(.text)
    DMA1_Channel5_IRQHandler                 0x080001b7   Thumb Code     0  startup_at32f403a_407.o(.text)
    DMA1_Channel6_IRQHandler                 0x080001b7   Thumb Code     0  startup_at32f403a_407.o(.text)
    DMA1_Channel7_IRQHandler                 0x080001b7   Thumb Code     0  startup_at32f403a_407.o(.text)
    DMA2_Channel1_IRQHandler                 0x080001b7   Thumb Code     0  startup_at32f403a_407.o(.text)
    DMA2_Channel2_IRQHandler                 0x080001b7   Thumb Code     0  startup_at32f403a_407.o(.text)
    DMA2_Channel3_IRQHandler                 0x080001b7   Thumb Code     0  startup_at32f403a_407.o(.text)
    DMA2_Channel4_5_IRQHandler               0x080001b7   Thumb Code     0  startup_at32f403a_407.o(.text)
    DMA2_Channel6_7_IRQHandler               0x080001b7   Thumb Code     0  startup_at32f403a_407.o(.text)
    EMAC_IRQHandler                          0x080001b7   Thumb Code     0  startup_at32f403a_407.o(.text)
    EMAC_WKUP_IRQHandler                     0x080001b7   Thumb Code     0  startup_at32f403a_407.o(.text)
    EXINT0_IRQHandler                        0x080001b7   Thumb Code     0  startup_at32f403a_407.o(.text)
    EXINT15_10_IRQHandler                    0x080001b7   Thumb Code     0  startup_at32f403a_407.o(.text)
    EXINT1_IRQHandler                        0x080001b7   Thumb Code     0  startup_at32f403a_407.o(.text)
    EXINT2_IRQHandler                        0x080001b7   Thumb Code     0  startup_at32f403a_407.o(.text)
    EXINT3_IRQHandler                        0x080001b7   Thumb Code     0  startup_at32f403a_407.o(.text)
    EXINT4_IRQHandler                        0x080001b7   Thumb Code     0  startup_at32f403a_407.o(.text)
    EXINT9_5_IRQHandler                      0x080001b7   Thumb Code     0  startup_at32f403a_407.o(.text)
    FLASH_IRQHandler                         0x080001b7   Thumb Code     0  startup_at32f403a_407.o(.text)
    I2C1_ERR_IRQHandler                      0x080001b7   Thumb Code     0  startup_at32f403a_407.o(.text)
    I2C1_EVT_IRQHandler                      0x080001b7   Thumb Code     0  startup_at32f403a_407.o(.text)
    I2C2_ERR_IRQHandler                      0x080001b7   Thumb Code     0  startup_at32f403a_407.o(.text)
    I2C2_EVT_IRQHandler                      0x080001b7   Thumb Code     0  startup_at32f403a_407.o(.text)
    I2C3_ERR_IRQHandler                      0x080001b7   Thumb Code     0  startup_at32f403a_407.o(.text)
    I2C3_EVT_IRQHandler                      0x080001b7   Thumb Code     0  startup_at32f403a_407.o(.text)
    PVM_IRQHandler                           0x080001b7   Thumb Code     0  startup_at32f403a_407.o(.text)
    RTCAlarm_IRQHandler                      0x080001b7   Thumb Code     0  startup_at32f403a_407.o(.text)
    RTC_IRQHandler                           0x080001b7   Thumb Code     0  startup_at32f403a_407.o(.text)
    SDIO1_IRQHandler                         0x080001b7   Thumb Code     0  startup_at32f403a_407.o(.text)
    SDIO2_IRQHandler                         0x080001b7   Thumb Code     0  startup_at32f403a_407.o(.text)
    SPI1_IRQHandler                          0x080001b7   Thumb Code     0  startup_at32f403a_407.o(.text)
    SPI2_I2S2EXT_IRQHandler                  0x080001b7   Thumb Code     0  startup_at32f403a_407.o(.text)
    SPI3_I2S3EXT_IRQHandler                  0x080001b7   Thumb Code     0  startup_at32f403a_407.o(.text)
    SPI4_IRQHandler                          0x080001b7   Thumb Code     0  startup_at32f403a_407.o(.text)
    TAMPER_IRQHandler                        0x080001b7   Thumb Code     0  startup_at32f403a_407.o(.text)
    TMR1_BRK_TMR9_IRQHandler                 0x080001b7   Thumb Code     0  startup_at32f403a_407.o(.text)
    TMR1_CH_IRQHandler                       0x080001b7   Thumb Code     0  startup_at32f403a_407.o(.text)
    TMR1_OVF_TMR10_IRQHandler                0x080001b7   Thumb Code     0  startup_at32f403a_407.o(.text)
    TMR1_TRG_HALL_TMR11_IRQHandler           0x080001b7   Thumb Code     0  startup_at32f403a_407.o(.text)
    TMR2_GLOBAL_IRQHandler                   0x080001b7   Thumb Code     0  startup_at32f403a_407.o(.text)
    TMR3_GLOBAL_IRQHandler                   0x080001b7   Thumb Code     0  startup_at32f403a_407.o(.text)
    TMR4_GLOBAL_IRQHandler                   0x080001b7   Thumb Code     0  startup_at32f403a_407.o(.text)
    TMR6_GLOBAL_IRQHandler                   0x080001b7   Thumb Code     0  startup_at32f403a_407.o(.text)
    TMR7_GLOBAL_IRQHandler                   0x080001b7   Thumb Code     0  startup_at32f403a_407.o(.text)
    TMR8_BRK_TMR12_IRQHandler                0x080001b7   Thumb Code     0  startup_at32f403a_407.o(.text)
    TMR8_CH_IRQHandler                       0x080001b7   Thumb Code     0  startup_at32f403a_407.o(.text)
    TMR8_OVF_TMR13_IRQHandler                0x080001b7   Thumb Code     0  startup_at32f403a_407.o(.text)
    TMR8_TRG_HALL_TMR14_IRQHandler           0x080001b7   Thumb Code     0  startup_at32f403a_407.o(.text)
    UART4_IRQHandler                         0x080001b7   Thumb Code     0  startup_at32f403a_407.o(.text)
    UART5_IRQHandler                         0x080001b7   Thumb Code     0  startup_at32f403a_407.o(.text)
    UART7_IRQHandler                         0x080001b7   Thumb Code     0  startup_at32f403a_407.o(.text)
    UART8_IRQHandler                         0x080001b7   Thumb Code     0  startup_at32f403a_407.o(.text)
    USART1_IRQHandler                        0x080001b7   Thumb Code     0  startup_at32f403a_407.o(.text)
    USART2_IRQHandler                        0x080001b7   Thumb Code     0  startup_at32f403a_407.o(.text)
    USART3_IRQHandler                        0x080001b7   Thumb Code     0  startup_at32f403a_407.o(.text)
    USART6_IRQHandler                        0x080001b7   Thumb Code     0  startup_at32f403a_407.o(.text)
    USBFSWakeUp_IRQHandler                   0x080001b7   Thumb Code     0  startup_at32f403a_407.o(.text)
    USBFS_H_CAN1_TX_IRQHandler               0x080001b7   Thumb Code     0  startup_at32f403a_407.o(.text)
    USBFS_L_CAN1_RX0_IRQHandler              0x080001b7   Thumb Code     0  startup_at32f403a_407.o(.text)
    USBFS_MAPH_IRQHandler                    0x080001b7   Thumb Code     0  startup_at32f403a_407.o(.text)
    USBFS_MAPL_IRQHandler                    0x080001b7   Thumb Code     0  startup_at32f403a_407.o(.text)
    WWDT_IRQHandler                          0x080001b7   Thumb Code     0  startup_at32f403a_407.o(.text)
    XMC_IRQHandler                           0x080001b7   Thumb Code     0  startup_at32f403a_407.o(.text)
    __aeabi_dmul                             0x080001c1   Thumb Code   228  dmul.o(.text)
    __aeabi_i2d                              0x080002a5   Thumb Code    34  dflti.o(.text)
    __aeabi_d2uiz                            0x080002c7   Thumb Code    50  dfixui.o(.text)
    __aeabi_f2d                              0x080002f9   Thumb Code    38  f2d.o(.text)
    __aeabi_cdcmpeq                          0x08000321   Thumb Code     0  cdcmple.o(.text)
    __aeabi_cdcmple                          0x08000321   Thumb Code    48  cdcmple.o(.text)
    __aeabi_d2f                              0x08000351   Thumb Code    56  d2f.o(.text)
    __aeabi_uidiv                            0x08000389   Thumb Code     0  uidiv.o(.text)
    __aeabi_uidivmod                         0x08000389   Thumb Code    44  uidiv.o(.text)
    __aeabi_uldivmod                         0x080003b5   Thumb Code    98  uldiv.o(.text)
    __aeabi_llsr                             0x08000417   Thumb Code    32  llushr.o(.text)
    _ll_ushift_r                             0x08000417   Thumb Code     0  llushr.o(.text)
    __I$use$fp                               0x08000437   Thumb Code     0  iusefp.o(.text)
    _float_round                             0x08000437   Thumb Code    18  fepilogue.o(.text)
    _float_epilogue                          0x08000449   Thumb Code    92  fepilogue.o(.text)
    _double_round                            0x080004a5   Thumb Code    30  depilogue.o(.text)
    _double_epilogue                         0x080004c3   Thumb Code   156  depilogue.o(.text)
    __aeabi_dadd                             0x0800055f   Thumb Code   322  dadd.o(.text)
    __aeabi_dsub                             0x080006a1   Thumb Code     6  dadd.o(.text)
    __aeabi_drsub                            0x080006a7   Thumb Code     6  dadd.o(.text)
    __aeabi_ddiv                             0x080006ad   Thumb Code   222  ddiv.o(.text)
    _drem                                    0x0800078b   Thumb Code   134  drem.o(.text)
    __aeabi_d2ulz                            0x08000811   Thumb Code    48  dfixul.o(.text)
    __aeabi_cdrcmple                         0x08000841   Thumb Code    48  cdrcmple.o(.text)
    __scatterload                            0x08000871   Thumb Code    28  init.o(.text)
    __scatterload_rt2                        0x08000871   Thumb Code     0  init.o(.text)
    __aeabi_llsl                             0x08000895   Thumb Code    30  llshl.o(.text)
    _ll_shift_l                              0x08000895   Thumb Code     0  llshl.o(.text)
    __aeabi_lasr                             0x080008b3   Thumb Code    36  llsshr.o(.text)
    _ll_sshift_r                             0x080008b3   Thumb Code     0  llsshr.o(.text)
    __decompress                             0x080008d7   Thumb Code     0  __dczerorl2.o(.text)
    __decompress1                            0x080008d7   Thumb Code    86  __dczerorl2.o(.text)
    BusFault_Handler                         0x08000991   Thumb Code     4  at32f403a_407_int.o(i.BusFault_Handler)
    DMA1_Channel3_IRQHandler                 0x08000995   Thumb Code    54  at32f403a_407_int.o(i.DMA1_Channel3_IRQHandler)
    DebugMon_Handler                         0x080009d9   Thumb Code     2  at32f403a_407_int.o(i.DebugMon_Handler)
    FocContorl                               0x080009dd   Thumb Code   224  foc.o(i.FocContorl)
    HardFault_Handler                        0x08000ad9   Thumb Code     4  at32f403a_407_int.o(i.HardFault_Handler)
    M1_adc_tigger                            0x08000add   Thumb Code    56  foc.o(i.M1_adc_tigger)
    M2_adc_tigger                            0x08000b21   Thumb Code    56  foc.o(i.M2_adc_tigger)
    MT6701_GetAngle                          0x08000b61   Thumb Code   118  mt6701.o(i.MT6701_GetAngle)
    MT6701_StartRead                         0x08000bf1   Thumb Code    58  mt6701.o(i.MT6701_StartRead)
    MemManage_Handler                        0x08000c3d   Thumb Code     4  at32f403a_407_int.o(i.MemManage_Handler)
    NMI_Handler                              0x08000c41   Thumb Code     2  at32f403a_407_int.o(i.NMI_Handler)
    PI_Compute                               0x08000c83   Thumb Code   186  pid.o(i.PI_Compute)
    PendSV_Handler                           0x08000d3d   Thumb Code     2  at32f403a_407_int.o(i.PendSV_Handler)
    Product_Overview                         0x08000d41   Thumb Code   136  log.o(i.Product_Overview)
    SVC_Handler                              0x08000ef9   Thumb Code     2  at32f403a_407_int.o(i.SVC_Handler)
    SysTick_Handler                          0x08000efb   Thumb Code     2  at32f403a_407_int.o(i.SysTick_Handler)
    SystemInit                               0x08000efd   Thumb Code   100  system_at32f403a_407.o(i.SystemInit)
    TMR5_GLOBAL_IRQHandler                   0x08000f6d   Thumb Code    44  at32f403a_407_int.o(i.TMR5_GLOBAL_IRQHandler)
    UsageFault_Handler                       0x08000fa1   Thumb Code     4  at32f403a_407_int.o(i.UsageFault_Handler)
    __0printf                                0x08000fa5   Thumb Code    22  printfa.o(i.__0printf)
    __1printf                                0x08000fa5   Thumb Code     0  printfa.o(i.__0printf)
    __2printf                                0x08000fa5   Thumb Code     0  printfa.o(i.__0printf)
    __c89printf                              0x08000fa5   Thumb Code     0  printfa.o(i.__0printf)
    printf                                   0x08000fa5   Thumb Code     0  printfa.o(i.__0printf)
    __hardfp_fabs                            0x08000ffd   Thumb Code    20  fabs.o(i.__hardfp_fabs)
    __hardfp_fmod                            0x08001011   Thumb Code   254  fmod.o(i.__hardfp_fmod)
    __mathlib_dbl_invalid                    0x08001119   Thumb Code    24  dunder.o(i.__mathlib_dbl_invalid)
    __scatterload_copy                       0x08001139   Thumb Code    14  handlers.o(i.__scatterload_copy)
    __scatterload_null                       0x08001147   Thumb Code     2  handlers.o(i.__scatterload_null)
    __scatterload_zeroinit                   0x08001149   Thumb Code    14  handlers.o(i.__scatterload_zeroinit)
    __set_errno                              0x08001159   Thumb Code     6  errno.o(i.__set_errno)
    adc_base_config                          0x08001a17   Thumb Code    44  at32f403a_407_adc.o(i.adc_base_config)
    adc_base_default_para_init               0x08001a43   Thumb Code    14  at32f403a_407_adc.o(i.adc_base_default_para_init)
    adc_calibration_init                     0x08001a51   Thumb Code    12  at32f403a_407_adc.o(i.adc_calibration_init)
    adc_calibration_init_status_get          0x08001a5d   Thumb Code    18  at32f403a_407_adc.o(i.adc_calibration_init_status_get)
    adc_calibration_start                    0x08001a6f   Thumb Code    12  at32f403a_407_adc.o(i.adc_calibration_start)
    adc_calibration_status_get               0x08001a7b   Thumb Code    18  at32f403a_407_adc.o(i.adc_calibration_status_get)
    adc_combine_mode_select                  0x08001a8d   Thumb Code    14  at32f403a_407_adc.o(i.adc_combine_mode_select)
    adc_dma_mode_enable                      0x08001aa1   Thumb Code    10  at32f403a_407_adc.o(i.adc_dma_mode_enable)
    adc_enable                               0x08001aab   Thumb Code    10  at32f403a_407_adc.o(i.adc_enable)
    adc_ordinary_channel_set                 0x08001ab5   Thumb Code   168  at32f403a_407_adc.o(i.adc_ordinary_channel_set)
    adc_ordinary_conversion_trigger_set      0x08001b5d   Thumb Code    52  at32f403a_407_adc.o(i.adc_ordinary_conversion_trigger_set)
    adc_ordinary_part_mode_enable            0x08001b91   Thumb Code    10  at32f403a_407_adc.o(i.adc_ordinary_part_mode_enable)
    angle_init                               0x08001b9d   Thumb Code   204  foc.o(i.angle_init)
    at32_led_toggle                          0x08001cd5   Thumb Code    42  led.o(i.at32_led_toggle)
    can_base_init                            0x08001d09   Thumb Code   188  at32f403a_407_can.o(i.can_base_init)
    can_baudrate_set                         0x08001dc5   Thumb Code   146  at32f403a_407_can.o(i.can_baudrate_set)
    can_default_para_init                    0x08001e57   Thumb Code    18  at32f403a_407_can.o(i.can_default_para_init)
    can_filter_init                          0x08001e69   Thumb Code   356  at32f403a_407_can.o(i.can_filter_init)
    crm_adc_clock_div_set                    0x08002011   Thumb Code    28  at32f403a_407_crm.o(i.crm_adc_clock_div_set)
    crm_ahb_div_set                          0x08002031   Thumb Code    14  at32f403a_407_crm.o(i.crm_ahb_div_set)
    crm_apb1_div_set                         0x08002045   Thumb Code    14  at32f403a_407_crm.o(i.crm_apb1_div_set)
    crm_apb2_div_set                         0x08002059   Thumb Code    14  at32f403a_407_crm.o(i.crm_apb2_div_set)
    crm_auto_step_mode_enable                0x0800206d   Thumb Code    34  at32f403a_407_crm.o(i.crm_auto_step_mode_enable)
    crm_clock_source_enable                  0x08002095   Thumb Code    90  at32f403a_407_crm.o(i.crm_clock_source_enable)
    crm_clocks_freq_get                      0x080020f5   Thumb Code   268  at32f403a_407_crm.o(i.crm_clocks_freq_get)
    crm_flag_get                             0x08002221   Thumb Code    42  at32f403a_407_crm.o(i.crm_flag_get)
    crm_hext_stable_wait                     0x08002251   Thumb Code    46  at32f403a_407_crm.o(i.crm_hext_stable_wait)
    crm_periph_clock_enable                  0x08002281   Thumb Code    62  at32f403a_407_crm.o(i.crm_periph_clock_enable)
    crm_pll_config                           0x080022c5   Thumb Code   118  at32f403a_407_crm.o(i.crm_pll_config)
    crm_reset                                0x08002341   Thumb Code    80  at32f403a_407_crm.o(i.crm_reset)
    crm_sysclk_switch                        0x08002399   Thumb Code    54  at32f403a_407_crm.o(i.crm_sysclk_switch)
    crm_sysclk_switch_status_get             0x080023d5   Thumb Code    10  at32f403a_407_crm.o(i.crm_sysclk_switch_status_get)
    delay_init                               0x080023e5   Thumb Code    38  delay.o(i.delay_init)
    delay_ms                                 0x0800241d   Thumb Code   110  delay.o(i.delay_ms)
    dma_channel_enable                       0x08002491   Thumb Code    10  at32f403a_407_dma.o(i.dma_channel_enable)
    dma_default_para_init                    0x0800249b   Thumb Code    24  at32f403a_407_dma.o(i.dma_default_para_init)
    dma_flag_clear                           0x080024b5   Thumb Code    22  at32f403a_407_dma.o(i.dma_flag_clear)
    dma_flag_get                             0x080024d5   Thumb Code    36  at32f403a_407_dma.o(i.dma_flag_get)
    dma_flexible_config                      0x08002501   Thumb Code   152  at32f403a_407_dma.o(i.dma_flexible_config)
    dma_init                                 0x08002599   Thumb Code    92  at32f403a_407_dma.o(i.dma_init)
    dma_interrupt_enable                     0x080025f5   Thumb Code    18  at32f403a_407_dma.o(i.dma_interrupt_enable)
    dma_reset                                0x08002609   Thumb Code   102  at32f403a_407_dma.o(i.dma_reset)
    first_get                                0x08002805   Thumb Code   100  foc.o(i.first_get)
    fputc                                    0x08002875   Thumb Code    46  usart_1.o(i.fputc)
    gpio_bits_reset                          0x0800292d   Thumb Code     4  at32f403a_407_gpio.o(i.gpio_bits_reset)
    gpio_bits_set                            0x08002931   Thumb Code     4  at32f403a_407_gpio.o(i.gpio_bits_set)
    gpio_default_para_init                   0x08002935   Thumb Code    22  at32f403a_407_gpio.o(i.gpio_default_para_init)
    gpio_init                                0x0800294b   Thumb Code   168  at32f403a_407_gpio.o(i.gpio_init)
    gpio_pin_remap_config                    0x080029f5   Thumb Code    70  at32f403a_407_gpio.o(i.gpio_pin_remap_config)
    main                                     0x08002b39   Thumb Code   260  main.o(i.main)
    nvic_irq_enable                          0x08002c69   Thumb Code   190  at32f403a_407_misc.o(i.nvic_irq_enable)
    nvic_priority_group_config               0x08002d31   Thumb Code    32  at32f403a_407_misc.o(i.nvic_priority_group_config)
    spi_crc_enable                           0x08003035   Thumb Code    10  at32f403a_407_spi.o(i.spi_crc_enable)
    spi_crc_polynomial_set                   0x0800303f   Thumb Code    10  at32f403a_407_spi.o(i.spi_crc_polynomial_set)
    spi_default_para_init                    0x08003049   Thumb Code    22  at32f403a_407_spi.o(i.spi_default_para_init)
    spi_enable                               0x0800305f   Thumb Code    10  at32f403a_407_spi.o(i.spi_enable)
    spi_i2s_data_transmit                    0x08003069   Thumb Code     4  at32f403a_407_spi.o(i.spi_i2s_data_transmit)
    spi_i2s_dma_receiver_enable              0x0800306d   Thumb Code    10  at32f403a_407_spi.o(i.spi_i2s_dma_receiver_enable)
    spi_i2s_dma_transmitter_enable           0x08003077   Thumb Code    10  at32f403a_407_spi.o(i.spi_i2s_dma_transmitter_enable)
    spi_i2s_flag_get                         0x08003081   Thumb Code    16  at32f403a_407_spi.o(i.spi_i2s_flag_get)
    spi_init                                 0x08003091   Thumb Code   292  at32f403a_407_spi.o(i.spi_init)
    system_core_clock_update                 0x08003289   Thumb Code   222  system_at32f403a_407.o(i.system_core_clock_update)
    systick_clock_source_config              0x08003381   Thumb Code    40  at32f403a_407_misc.o(i.systick_clock_source_config)
    tmr_base_init                            0x080033a9   Thumb Code    16  at32f403a_407_tmr.o(i.tmr_base_init)
    tmr_channel_value_set                    0x080033b9   Thumb Code    40  at32f403a_407_tmr.o(i.tmr_channel_value_set)
    tmr_clock_source_div_set                 0x080033e1   Thumb Code    10  at32f403a_407_tmr.o(i.tmr_clock_source_div_set)
    tmr_cnt_dir_set                          0x080033eb   Thumb Code    10  at32f403a_407_tmr.o(i.tmr_cnt_dir_set)
    tmr_counter_enable                       0x080033f5   Thumb Code    10  at32f403a_407_tmr.o(i.tmr_counter_enable)
    tmr_flag_clear                           0x080033ff   Thumb Code     6  at32f403a_407_tmr.o(i.tmr_flag_clear)
    tmr_interrupt_enable                     0x08003405   Thumb Code    22  at32f403a_407_tmr.o(i.tmr_interrupt_enable)
    tmr_output_channel_buffer_enable         0x0800341b   Thumb Code    66  at32f403a_407_tmr.o(i.tmr_output_channel_buffer_enable)
    tmr_output_channel_config                0x0800345d   Thumb Code   416  at32f403a_407_tmr.o(i.tmr_output_channel_config)
    tmr_output_channel_immediately_set       0x080035fd   Thumb Code    66  at32f403a_407_tmr.o(i.tmr_output_channel_immediately_set)
    tmr_period_buffer_enable                 0x0800363f   Thumb Code    10  at32f403a_407_tmr.o(i.tmr_period_buffer_enable)
    tmr_primary_mode_select                  0x08003649   Thumb Code    10  at32f403a_407_tmr.o(i.tmr_primary_mode_select)
    tmr_sub_sync_mode_set                    0x08003653   Thumb Code    10  at32f403a_407_tmr.o(i.tmr_sub_sync_mode_set)
    usart_data_transmit                      0x0800365d   Thumb Code     8  at32f403a_407_usart.o(i.usart_data_transmit)
    usart_enable                             0x08003665   Thumb Code    10  at32f403a_407_usart.o(i.usart_enable)
    usart_flag_get                           0x0800366f   Thumb Code    16  at32f403a_407_usart.o(i.usart_flag_get)
    usart_hardware_flow_control_set          0x0800367f   Thumb Code   102  at32f403a_407_usart.o(i.usart_hardware_flow_control_set)
    usart_init                               0x080036e5   Thumb Code   114  at32f403a_407_usart.o(i.usart_init)
    usart_parity_selection_config            0x08003765   Thumb Code    76  at32f403a_407_usart.o(i.usart_parity_selection_config)
    usart_receiver_enable                    0x080037b1   Thumb Code    10  at32f403a_407_usart.o(i.usart_receiver_enable)
    usart_transmitter_enable                 0x080037bb   Thumb Code    10  at32f403a_407_usart.o(i.usart_transmitter_enable)
    wk_adc1_init                             0x080037c5   Thumb Code   188  wk_adc.o(i.wk_adc1_init)
    wk_adc3_init                             0x08003889   Thumb Code   182  wk_adc.o(i.wk_adc3_init)
    wk_can1_init                             0x08003949   Thumb Code   214  wk_can.o(i.wk_can1_init)
    wk_debug_config                          0x08003a29   Thumb Code    12  wk_debug.o(i.wk_debug_config)
    wk_dma1_channel1_init                    0x08003a39   Thumb Code    78  wk_dma.o(i.wk_dma1_channel1_init)
    wk_dma1_channel2_init                    0x08003a8d   Thumb Code    78  wk_dma.o(i.wk_dma1_channel2_init)
    wk_dma1_channel3_init                    0x08003ae1   Thumb Code    78  wk_dma.o(i.wk_dma1_channel3_init)
    wk_dma1_channel4_init                    0x08003b35   Thumb Code    80  wk_dma.o(i.wk_dma1_channel4_init)
    wk_dma_channel_config                    0x08003b89   Thumb Code     8  wk_dma.o(i.wk_dma_channel_config)
    wk_gpio_config                           0x08003b91   Thumb Code   106  wk_gpio.o(i.wk_gpio_config)
    wk_nvic_config                           0x08003c05   Thumb Code   212  at32f403a_407_wk_config.o(i.wk_nvic_config)
    wk_periph_clock_config                   0x08003cd9   Thumb Code   150  at32f403a_407_wk_config.o(i.wk_periph_clock_config)
    wk_spi1_init                             0x08003d79   Thumb Code   214  wk_spi.o(i.wk_spi1_init)
    wk_spi2_init                             0x08003e59   Thumb Code   200  wk_spi.o(i.wk_spi2_init)
    wk_system_clock_config                   0x08003f29   Thumb Code   146  at32f403a_407_wk_config.o(i.wk_system_clock_config)
    wk_timebase_init                         0x08003fc1   Thumb Code    58  wk_system.o(i.wk_timebase_init)
    wk_tmr2_init                             0x08004005   Thumb Code   542  wk_tmr.o(i.wk_tmr2_init)
    wk_tmr4_init                             0x08004231   Thumb Code   514  wk_tmr.o(i.wk_tmr4_init)
    wk_tmr5_init                             0x0800443d   Thumb Code    64  wk_tmr.o(i.wk_tmr5_init)
    wk_usart1_init                           0x08004481   Thumb Code   134  wk_usart.o(i.wk_usart1_init)
    wk_usart3_init                           0x08004515   Thumb Code   136  wk_usart.o(i.wk_usart3_init)
    Region$$Table$$Base                      0x080048fc   Number         0  anon$$obj.o(Region$$Table)
    Region$$Table$$Limit                     0x0800491c   Number         0  anon$$obj.o(Region$$Table)
    ticks_count_us                           0x20000004   Data           4  wk_system.o(.data)
    system_core_clock                        0x20000008   Data           4  system_at32f403a_407.o(.data)
    mt6701_tx_buf                            0x20000014   Data           3  mt6701.o(.data)
    mt6701_rx_buf                            0x20000017   Data           3  mt6701.o(.data)
    mt6701_data_ready                        0x2000001a   Data           1  mt6701.o(.data)
    Motor1_AD_Value                          0x2000001c   Data           4  foc.o(.data)
    Motor2_AD_Value                          0x20000020   Data           4  foc.o(.data)
    pi_Id                                    0x20000024   Data          32  foc.o(.data)
    pi_Iq                                    0x20000044   Data          32  foc.o(.data)
    Motor_1                                  0x20000064   Data          88  foc.o(.data)
    PMotor_1                                 0x200000bc   Data           4  foc.o(.data)
    Motor_2                                  0x200000c0   Data          88  foc.o(.data)
    PMotor_2                                 0x20000118   Data           4  foc.o(.data)
    led_gpio_port                            0x2000011c   Data           4  led.o(.data)
    led_gpio_pin                             0x20000120   Data           2  led.o(.data)
    __stdout                                 0x20000124   Data           4  stdout.o(.data)
    __initial_sp                             0x20000530   Data           0  startup_at32f403a_407.o(STACK)



==============================================================================

Memory Map of the image

  Image Entry point : 0x08000185

  Load Region LR_IROM1 (Base: 0x08000000, Size: 0x00004a48, Max: 0x00100000, ABSOLUTE, COMPRESSED[0x0000495c])

    Execution Region ER_IROM1 (Exec base: 0x08000000, Load base: 0x08000000, Size: 0x0000491c, Max: 0x00100000, ABSOLUTE)

    Exec Addr    Load Addr    Size         Type   Attr      Idx    E Section Name        Object

    0x08000000   0x08000000   0x00000184   Data   RO         2625    RESET               startup_at32f403a_407.o
    0x08000184   0x08000184   0x00000000   Code   RO         3034  * .ARM.Collect$$$$00000000  mc_w.l(entry.o)
    0x08000184   0x08000184   0x00000004   Code   RO         3324    .ARM.Collect$$$$00000001  mc_w.l(entry2.o)
    0x08000188   0x08000188   0x00000004   Code   RO         3327    .ARM.Collect$$$$00000004  mc_w.l(entry5.o)
    0x0800018c   0x0800018c   0x00000000   Code   RO         3329    .ARM.Collect$$$$00000008  mc_w.l(entry7b.o)
    0x0800018c   0x0800018c   0x00000000   Code   RO         3331    .ARM.Collect$$$$0000000A  mc_w.l(entry8b.o)
    0x0800018c   0x0800018c   0x00000008   Code   RO         3332    .ARM.Collect$$$$0000000B  mc_w.l(entry9a.o)
    0x08000194   0x08000194   0x00000004   Code   RO         3339    .ARM.Collect$$$$0000000E  mc_w.l(entry12b.o)
    0x08000198   0x08000198   0x00000000   Code   RO         3334    .ARM.Collect$$$$0000000F  mc_w.l(entry10a.o)
    0x08000198   0x08000198   0x00000000   Code   RO         3336    .ARM.Collect$$$$00000011  mc_w.l(entry11a.o)
    0x08000198   0x08000198   0x00000004   Code   RO         3325    .ARM.Collect$$$$00002712  mc_w.l(entry2.o)
    0x0800019c   0x0800019c   0x00000024   Code   RO         2626    .text               startup_at32f403a_407.o
    0x080001c0   0x080001c0   0x000000e4   Code   RO         3298    .text               mf_w.l(dmul.o)
    0x080002a4   0x080002a4   0x00000022   Code   RO         3300    .text               mf_w.l(dflti.o)
    0x080002c6   0x080002c6   0x00000032   Code   RO         3302    .text               mf_w.l(dfixui.o)
    0x080002f8   0x080002f8   0x00000026   Code   RO         3304    .text               mf_w.l(f2d.o)
    0x0800031e   0x0800031e   0x00000002   PAD
    0x08000320   0x08000320   0x00000030   Code   RO         3306    .text               mf_w.l(cdcmple.o)
    0x08000350   0x08000350   0x00000038   Code   RO         3308    .text               mf_w.l(d2f.o)
    0x08000388   0x08000388   0x0000002c   Code   RO         3341    .text               mc_w.l(uidiv.o)
    0x080003b4   0x080003b4   0x00000062   Code   RO         3343    .text               mc_w.l(uldiv.o)
    0x08000416   0x08000416   0x00000020   Code   RO         3345    .text               mc_w.l(llushr.o)
    0x08000436   0x08000436   0x00000000   Code   RO         3354    .text               mc_w.l(iusefp.o)
    0x08000436   0x08000436   0x0000006e   Code   RO         3355    .text               mf_w.l(fepilogue.o)
    0x080004a4   0x080004a4   0x000000ba   Code   RO         3357    .text               mf_w.l(depilogue.o)
    0x0800055e   0x0800055e   0x0000014e   Code   RO         3359    .text               mf_w.l(dadd.o)
    0x080006ac   0x080006ac   0x000000de   Code   RO         3361    .text               mf_w.l(ddiv.o)
    0x0800078a   0x0800078a   0x00000086   Code   RO         3363    .text               mf_w.l(drem.o)
    0x08000810   0x08000810   0x00000030   Code   RO         3365    .text               mf_w.l(dfixul.o)
    0x08000840   0x08000840   0x00000030   Code   RO         3367    .text               mf_w.l(cdrcmple.o)
    0x08000870   0x08000870   0x00000024   Code   RO         3369    .text               mc_w.l(init.o)
    0x08000894   0x08000894   0x0000001e   Code   RO         3371    .text               mc_w.l(llshl.o)
    0x080008b2   0x080008b2   0x00000024   Code   RO         3373    .text               mc_w.l(llsshr.o)
    0x080008d6   0x080008d6   0x00000056   Code   RO         3383    .text               mc_w.l(__dczerorl2.o)
    0x0800092c   0x0800092c   0x00000064   Code   RO         2777    i.Angle_limit       foc.o
    0x08000990   0x08000990   0x00000004   Code   RO          206    i.BusFault_Handler  at32f403a_407_int.o
    0x08000994   0x08000994   0x00000044   Code   RO          207    i.DMA1_Channel3_IRQHandler  at32f403a_407_int.o
    0x080009d8   0x080009d8   0x00000002   Code   RO          208    i.DebugMon_Handler  at32f403a_407_int.o
    0x080009da   0x080009da   0x00000002   PAD
    0x080009dc   0x080009dc   0x000000fc   Code   RO         2778    i.FocContorl        foc.o
    0x08000ad8   0x08000ad8   0x00000004   Code   RO          209    i.HardFault_Handler  at32f403a_407_int.o
    0x08000adc   0x08000adc   0x00000044   Code   RO         2779    i.M1_adc_tigger     foc.o
    0x08000b20   0x08000b20   0x00000040   Code   RO         2780    i.M2_adc_tigger     foc.o
    0x08000b60   0x08000b60   0x00000090   Code   RO         2741    i.MT6701_GetAngle   mt6701.o
    0x08000bf0   0x08000bf0   0x0000004c   Code   RO         2742    i.MT6701_StartRead  mt6701.o
    0x08000c3c   0x08000c3c   0x00000004   Code   RO          210    i.MemManage_Handler  at32f403a_407_int.o
    0x08000c40   0x08000c40   0x00000002   Code   RO          211    i.NMI_Handler       at32f403a_407_int.o
    0x08000c42   0x08000c42   0x00000040   Code   RO          151    i.NVIC_EncodePriority  at32f403a_407_wk_config.o
    0x08000c82   0x08000c82   0x000000ba   Code   RO         2967    i.PI_Compute        pid.o
    0x08000d3c   0x08000d3c   0x00000002   Code   RO          212    i.PendSV_Handler    at32f403a_407_int.o
    0x08000d3e   0x08000d3e   0x00000002   PAD
    0x08000d40   0x08000d40   0x000001b8   Code   RO         2994    i.Product_Overview  log.o
    0x08000ef8   0x08000ef8   0x00000002   Code   RO          213    i.SVC_Handler       at32f403a_407_int.o
    0x08000efa   0x08000efa   0x00000002   Code   RO          214    i.SysTick_Handler   at32f403a_407_int.o
    0x08000efc   0x08000efc   0x00000070   Code   RO         2633    i.SystemInit        system_at32f403a_407.o
    0x08000f6c   0x08000f6c   0x00000034   Code   RO          215    i.TMR5_GLOBAL_IRQHandler  at32f403a_407_int.o
    0x08000fa0   0x08000fa0   0x00000004   Code   RO          216    i.UsageFault_Handler  at32f403a_407_int.o
    0x08000fa4   0x08000fa4   0x00000020   Code   RO         3270    i.__0printf         mc_w.l(printfa.o)
    0x08000fc4   0x08000fc4   0x00000010   Code   RO          152    i.__NVIC_GetPriorityGrouping  at32f403a_407_wk_config.o
    0x08000fd4   0x08000fd4   0x00000028   Code   RO          153    i.__NVIC_SetPriority  at32f403a_407_wk_config.o
    0x08000ffc   0x08000ffc   0x00000014   Code   RO         3016    i.__hardfp_fabs     m_wm.l(fabs.o)
    0x08001010   0x08001010   0x00000104   Code   RO         3022    i.__hardfp_fmod     m_wm.l(fmod.o)
    0x08001114   0x08001114   0x00000004   PAD
    0x08001118   0x08001118   0x00000020   Code   RO         3313    i.__mathlib_dbl_invalid  m_wm.l(dunder.o)
    0x08001138   0x08001138   0x0000000e   Code   RO         3377    i.__scatterload_copy  mc_w.l(handlers.o)
    0x08001146   0x08001146   0x00000002   Code   RO         3378    i.__scatterload_null  mc_w.l(handlers.o)
    0x08001148   0x08001148   0x0000000e   Code   RO         3379    i.__scatterload_zeroinit  mc_w.l(handlers.o)
    0x08001156   0x08001156   0x00000002   PAD
    0x08001158   0x08001158   0x0000000c   Code   RO         3349    i.__set_errno       mc_w.l(errno.o)
    0x08001164   0x08001164   0x00000026   Code   RO         2781    i._electricalAngle  foc.o
    0x0800118a   0x0800118a   0x00000002   PAD
    0x0800118c   0x0800118c   0x00000184   Code   RO         3277    i._fp_digits        mc_w.l(printfa.o)
    0x08001310   0x08001310   0x000006b4   Code   RO         3278    i._printf_core      mc_w.l(printfa.o)
    0x080019c4   0x080019c4   0x00000024   Code   RO         3279    i._printf_post_padding  mc_w.l(printfa.o)
    0x080019e8   0x080019e8   0x0000002e   Code   RO         3280    i._printf_pre_padding  mc_w.l(printfa.o)
    0x08001a16   0x08001a16   0x0000002c   Code   RO         1589    i.adc_base_config   at32f403a_407_adc.o
    0x08001a42   0x08001a42   0x0000000e   Code   RO         1590    i.adc_base_default_para_init  at32f403a_407_adc.o
    0x08001a50   0x08001a50   0x0000000c   Code   RO         1591    i.adc_calibration_init  at32f403a_407_adc.o
    0x08001a5c   0x08001a5c   0x00000012   Code   RO         1592    i.adc_calibration_init_status_get  at32f403a_407_adc.o
    0x08001a6e   0x08001a6e   0x0000000c   Code   RO         1593    i.adc_calibration_start  at32f403a_407_adc.o
    0x08001a7a   0x08001a7a   0x00000012   Code   RO         1594    i.adc_calibration_status_get  at32f403a_407_adc.o
    0x08001a8c   0x08001a8c   0x00000014   Code   RO         1595    i.adc_combine_mode_select  at32f403a_407_adc.o
    0x08001aa0   0x08001aa0   0x0000000a   Code   RO         1597    i.adc_dma_mode_enable  at32f403a_407_adc.o
    0x08001aaa   0x08001aaa   0x0000000a   Code   RO         1598    i.adc_enable        at32f403a_407_adc.o
    0x08001ab4   0x08001ab4   0x000000a8   Code   RO         1603    i.adc_ordinary_channel_set  at32f403a_407_adc.o
    0x08001b5c   0x08001b5c   0x00000034   Code   RO         1605    i.adc_ordinary_conversion_trigger_set  at32f403a_407_adc.o
    0x08001b90   0x08001b90   0x0000000a   Code   RO         1607    i.adc_ordinary_part_mode_enable  at32f403a_407_adc.o
    0x08001b9a   0x08001b9a   0x00000002   PAD
    0x08001b9c   0x08001b9c   0x00000138   Code   RO         2782    i.angle_init        foc.o
    0x08001cd4   0x08001cd4   0x00000034   Code   RO         2913    i.at32_led_toggle   led.o
    0x08001d08   0x08001d08   0x000000bc   Code   RO         2428    i.can_base_init     at32f403a_407_can.o
    0x08001dc4   0x08001dc4   0x00000092   Code   RO         2430    i.can_baudrate_set  at32f403a_407_can.o
    0x08001e56   0x08001e56   0x00000012   Code   RO         2432    i.can_default_para_init  at32f403a_407_can.o
    0x08001e68   0x08001e68   0x00000164   Code   RO         2437    i.can_filter_init   at32f403a_407_can.o
    0x08001fcc   0x08001fcc   0x00000044   Code   RO         2783    i.clarke_transform  foc.o
    0x08002010   0x08002010   0x00000020   Code   RO          592    i.crm_adc_clock_div_set  at32f403a_407_crm.o
    0x08002030   0x08002030   0x00000014   Code   RO          593    i.crm_ahb_div_set   at32f403a_407_crm.o
    0x08002044   0x08002044   0x00000014   Code   RO          594    i.crm_apb1_div_set  at32f403a_407_crm.o
    0x08002058   0x08002058   0x00000014   Code   RO          595    i.crm_apb2_div_set  at32f403a_407_crm.o
    0x0800206c   0x0800206c   0x00000028   Code   RO          596    i.crm_auto_step_mode_enable  at32f403a_407_crm.o
    0x08002094   0x08002094   0x00000060   Code   RO          602    i.crm_clock_source_enable  at32f403a_407_crm.o
    0x080020f4   0x080020f4   0x0000012c   Code   RO          603    i.crm_clocks_freq_get  at32f403a_407_crm.o
    0x08002220   0x08002220   0x00000030   Code   RO          605    i.crm_flag_get      at32f403a_407_crm.o
    0x08002250   0x08002250   0x0000002e   Code   RO          608    i.crm_hext_stable_wait  at32f403a_407_crm.o
    0x0800227e   0x0800227e   0x00000002   PAD
    0x08002280   0x08002280   0x00000044   Code   RO          616    i.crm_periph_clock_enable  at32f403a_407_crm.o
    0x080022c4   0x080022c4   0x0000007c   Code   RO          619    i.crm_pll_config    at32f403a_407_crm.o
    0x08002340   0x08002340   0x00000058   Code   RO          620    i.crm_reset         at32f403a_407_crm.o
    0x08002398   0x08002398   0x0000003c   Code   RO          623    i.crm_sysclk_switch  at32f403a_407_crm.o
    0x080023d4   0x080023d4   0x00000010   Code   RO          624    i.crm_sysclk_switch_status_get  at32f403a_407_crm.o
    0x080023e4   0x080023e4   0x00000038   Code   RO         2670    i.delay_init        delay.o
    0x0800241c   0x0800241c   0x00000074   Code   RO         2671    i.delay_ms          delay.o
    0x08002490   0x08002490   0x0000000a   Code   RO         1979    i.dma_channel_enable  at32f403a_407_dma.o
    0x0800249a   0x0800249a   0x00000018   Code   RO         1982    i.dma_default_para_init  at32f403a_407_dma.o
    0x080024b2   0x080024b2   0x00000002   PAD
    0x080024b4   0x080024b4   0x00000020   Code   RO         1983    i.dma_flag_clear    at32f403a_407_dma.o
    0x080024d4   0x080024d4   0x0000002c   Code   RO         1984    i.dma_flag_get      at32f403a_407_dma.o
    0x08002500   0x08002500   0x00000098   Code   RO         1985    i.dma_flexible_config  at32f403a_407_dma.o
    0x08002598   0x08002598   0x0000005c   Code   RO         1986    i.dma_init          at32f403a_407_dma.o
    0x080025f4   0x080025f4   0x00000012   Code   RO         1987    i.dma_interrupt_enable  at32f403a_407_dma.o
    0x08002606   0x08002606   0x00000002   PAD
    0x08002608   0x08002608   0x00000070   Code   RO         1989    i.dma_reset         at32f403a_407_dma.o
    0x08002678   0x08002678   0x000000c4   Code   RO         2784    i.fast_cos          foc.o
    0x0800273c   0x0800273c   0x000000c8   Code   RO         2785    i.fast_sin          foc.o
    0x08002804   0x08002804   0x00000070   Code   RO         2786    i.first_get         foc.o
    0x08002874   0x08002874   0x00000034   Code   RO         2714    i.fputc             usart_1.o
    0x080028a8   0x080028a8   0x00000084   Code   RO         2787    i.getCorrectedElectricalAngle  foc.o
    0x0800292c   0x0800292c   0x00000004   Code   RO         1181    i.gpio_bits_reset   at32f403a_407_gpio.o
    0x08002930   0x08002930   0x00000004   Code   RO         1182    i.gpio_bits_set     at32f403a_407_gpio.o
    0x08002934   0x08002934   0x00000016   Code   RO         1184    i.gpio_default_para_init  at32f403a_407_gpio.o
    0x0800294a   0x0800294a   0x000000a8   Code   RO         1188    i.gpio_init         at32f403a_407_gpio.o
    0x080029f2   0x080029f2   0x00000002   PAD
    0x080029f4   0x080029f4   0x0000004c   Code   RO         1194    i.gpio_pin_remap_config  at32f403a_407_gpio.o
    0x08002a40   0x08002a40   0x00000064   Code   RO         2788    i.inv_clarke_transform  foc.o
    0x08002aa4   0x08002aa4   0x0000006a   Code   RO         2789    i.inv_park_transform  foc.o
    0x08002b0e   0x08002b0e   0x0000002a   Code   RO         2790    i.limit             foc.o
    0x08002b38   0x08002b38   0x00000130   Code   RO            4    i.main              main.o
    0x08002c68   0x08002c68   0x000000c8   Code   RO         2365    i.nvic_irq_enable   at32f403a_407_misc.o
    0x08002d30   0x08002d30   0x00000028   Code   RO         2367    i.nvic_priority_group_config  at32f403a_407_misc.o
    0x08002d58   0x08002d58   0x0000006a   Code   RO         2791    i.park_transform    foc.o
    0x08002dc2   0x08002dc2   0x00000002   PAD
    0x08002dc4   0x08002dc4   0x000000d8   Code   RO         2792    i.setpwm            foc.o
    0x08002e9c   0x08002e9c   0x000000cc   Code   RO         2793    i.setpwm1_channel   foc.o
    0x08002f68   0x08002f68   0x000000cc   Code   RO         2794    i.setpwm2_channel   foc.o
    0x08003034   0x08003034   0x0000000a   Code   RO         1820    i.spi_crc_enable    at32f403a_407_spi.o
    0x0800303e   0x0800303e   0x0000000a   Code   RO         1823    i.spi_crc_polynomial_set  at32f403a_407_spi.o
    0x08003048   0x08003048   0x00000016   Code   RO         1825    i.spi_default_para_init  at32f403a_407_spi.o
    0x0800305e   0x0800305e   0x0000000a   Code   RO         1826    i.spi_enable        at32f403a_407_spi.o
    0x08003068   0x08003068   0x00000004   Code   RO         1831    i.spi_i2s_data_transmit  at32f403a_407_spi.o
    0x0800306c   0x0800306c   0x0000000a   Code   RO         1832    i.spi_i2s_dma_receiver_enable  at32f403a_407_spi.o
    0x08003076   0x08003076   0x0000000a   Code   RO         1833    i.spi_i2s_dma_transmitter_enable  at32f403a_407_spi.o
    0x08003080   0x08003080   0x00000010   Code   RO         1835    i.spi_i2s_flag_get  at32f403a_407_spi.o
    0x08003090   0x08003090   0x00000124   Code   RO         1839    i.spi_init          at32f403a_407_spi.o
    0x080031b4   0x080031b4   0x00000034   Code   RO         2795    i.strong_drag       foc.o
    0x080031e8   0x080031e8   0x000000a0   Code   RO         2796    i.strong_drag_Angle  foc.o
    0x08003288   0x08003288   0x000000f8   Code   RO         2634    i.system_core_clock_update  system_at32f403a_407.o
    0x08003380   0x08003380   0x00000028   Code   RO         2370    i.systick_clock_source_config  at32f403a_407_misc.o
    0x080033a8   0x080033a8   0x00000010   Code   RO          828    i.tmr_base_init     at32f403a_407_tmr.o
    0x080033b8   0x080033b8   0x00000028   Code   RO          836    i.tmr_channel_value_set  at32f403a_407_tmr.o
    0x080033e0   0x080033e0   0x0000000a   Code   RO          837    i.tmr_clock_source_div_set  at32f403a_407_tmr.o
    0x080033ea   0x080033ea   0x0000000a   Code   RO          838    i.tmr_cnt_dir_set   at32f403a_407_tmr.o
    0x080033f4   0x080033f4   0x0000000a   Code   RO          839    i.tmr_counter_enable  at32f403a_407_tmr.o
    0x080033fe   0x080033fe   0x00000006   Code   RO          851    i.tmr_flag_clear    at32f403a_407_tmr.o
    0x08003404   0x08003404   0x00000016   Code   RO          860    i.tmr_interrupt_enable  at32f403a_407_tmr.o
    0x0800341a   0x0800341a   0x00000042   Code   RO          863    i.tmr_output_channel_buffer_enable  at32f403a_407_tmr.o
    0x0800345c   0x0800345c   0x000001a0   Code   RO          864    i.tmr_output_channel_config  at32f403a_407_tmr.o
    0x080035fc   0x080035fc   0x00000042   Code   RO          865    i.tmr_output_channel_immediately_set  at32f403a_407_tmr.o
    0x0800363e   0x0800363e   0x0000000a   Code   RO          873    i.tmr_period_buffer_enable  at32f403a_407_tmr.o
    0x08003648   0x08003648   0x0000000a   Code   RO          876    i.tmr_primary_mode_select  at32f403a_407_tmr.o
    0x08003652   0x08003652   0x0000000a   Code   RO          881    i.tmr_sub_sync_mode_set  at32f403a_407_tmr.o
    0x0800365c   0x0800365c   0x00000008   Code   RO         1312    i.usart_data_transmit  at32f403a_407_usart.o
    0x08003664   0x08003664   0x0000000a   Code   RO         1315    i.usart_enable      at32f403a_407_usart.o
    0x0800366e   0x0800366e   0x00000010   Code   RO         1317    i.usart_flag_get    at32f403a_407_usart.o
    0x0800367e   0x0800367e   0x00000066   Code   RO         1318    i.usart_hardware_flow_control_set  at32f403a_407_usart.o
    0x080036e4   0x080036e4   0x00000080   Code   RO         1319    i.usart_init        at32f403a_407_usart.o
    0x08003764   0x08003764   0x0000004c   Code   RO         1326    i.usart_parity_selection_config  at32f403a_407_usart.o
    0x080037b0   0x080037b0   0x0000000a   Code   RO         1327    i.usart_receiver_enable  at32f403a_407_usart.o
    0x080037ba   0x080037ba   0x0000000a   Code   RO         1334    i.usart_transmitter_enable  at32f403a_407_usart.o
    0x080037c4   0x080037c4   0x000000c4   Code   RO          394    i.wk_adc1_init      wk_adc.o
    0x08003888   0x08003888   0x000000c0   Code   RO          395    i.wk_adc3_init      wk_adc.o
    0x08003948   0x08003948   0x000000e0   Code   RO          460    i.wk_can1_init      wk_can.o
    0x08003a28   0x08003a28   0x00000010   Code   RO          346    i.wk_debug_config   wk_debug.o
    0x08003a38   0x08003a38   0x00000054   Code   RO          544    i.wk_dma1_channel1_init  wk_dma.o
    0x08003a8c   0x08003a8c   0x00000054   Code   RO          545    i.wk_dma1_channel2_init  wk_dma.o
    0x08003ae0   0x08003ae0   0x00000054   Code   RO          546    i.wk_dma1_channel3_init  wk_dma.o
    0x08003b34   0x08003b34   0x00000054   Code   RO          547    i.wk_dma1_channel4_init  wk_dma.o
    0x08003b88   0x08003b88   0x00000008   Code   RO          548    i.wk_dma_channel_config  wk_dma.o
    0x08003b90   0x08003b90   0x00000074   Code   RO          370    i.wk_gpio_config    wk_gpio.o
    0x08003c04   0x08003c04   0x000000d4   Code   RO          154    i.wk_nvic_config    at32f403a_407_wk_config.o
    0x08003cd8   0x08003cd8   0x000000a0   Code   RO          155    i.wk_periph_clock_config  at32f403a_407_wk_config.o
    0x08003d78   0x08003d78   0x000000e0   Code   RO          484    i.wk_spi1_init      wk_spi.o
    0x08003e58   0x08003e58   0x000000d0   Code   RO          485    i.wk_spi2_init      wk_spi.o
    0x08003f28   0x08003f28   0x00000098   Code   RO          156    i.wk_system_clock_config  at32f403a_407_wk_config.o
    0x08003fc0   0x08003fc0   0x00000044   Code   RO          310    i.wk_timebase_init  wk_system.o
    0x08004004   0x08004004   0x0000022c   Code   RO          424    i.wk_tmr2_init      wk_tmr.o
    0x08004230   0x08004230   0x0000020c   Code   RO          425    i.wk_tmr4_init      wk_tmr.o
    0x0800443c   0x0800443c   0x00000044   Code   RO          426    i.wk_tmr5_init      wk_tmr.o
    0x08004480   0x08004480   0x00000094   Code   RO          514    i.wk_usart1_init    wk_usart.o
    0x08004514   0x08004514   0x00000090   Code   RO          515    i.wk_usart3_init    wk_usart.o
    0x080045a4   0x080045a4   0x00000028   Data   RO          628    .constdata          at32f403a_407_crm.o
    0x080045cc   0x080045cc   0x00000010   Data   RO         2635    .constdata          system_at32f403a_407.o
    0x080045dc   0x080045dc   0x00000043   Data   RO         2797    .conststring        foc.o
    0x0800461f   0x0800461f   0x00000001   PAD
    0x08004620   0x08004620   0x000002db   Data   RO         2995    .conststring        log.o
    0x080048fb   0x080048fb   0x00000001   PAD
    0x080048fc   0x080048fc   0x00000020   Data   RO         3375    Region$$Table       anon$$obj.o


    Execution Region RW_IRAM1 (Exec base: 0x20000000, Load base: 0x0800491c, Size: 0x00000530, Max: 0x00018000, ABSOLUTE, COMPRESSED[0x00000040])

    Exec Addr    Load Addr    Size         Type   Attr      Idx    E Section Name        Object

    0x20000000   COMPRESSED   0x00000004   Data   RW          217    .data               at32f403a_407_int.o
    0x20000004   COMPRESSED   0x00000004   Data   RW          311    .data               wk_system.o
    0x20000008   COMPRESSED   0x00000004   Data   RW         2636    .data               system_at32f403a_407.o
    0x2000000c   COMPRESSED   0x00000008   Data   RW         2674    .data               delay.o
    0x20000014   COMPRESSED   0x00000007   Data   RW         2743    .data               mt6701.o
    0x2000001b   COMPRESSED   0x00000001   PAD
    0x2000001c   COMPRESSED   0x00000100   Data   RW         2798    .data               foc.o
    0x2000011c   COMPRESSED   0x00000006   Data   RW         2914    .data               led.o
    0x20000122   COMPRESSED   0x00000002   PAD
    0x20000124   COMPRESSED   0x00000004   Data   RW         3340    .data               mc_w.l(stdout.o)
    0x20000128   COMPRESSED   0x00000004   Data   RW         3350    .data               mc_w.l(errno.o)
    0x2000012c   COMPRESSED   0x00000004   PAD
    0x20000130        -       0x00000400   Zero   RW         2623    STACK               startup_at32f403a_407.o


==============================================================================

Image component sizes


      Code (inc. data)   RO Data    RW Data    ZI Data      Debug   Object Name

       388          6          0          0          0       7947   at32f403a_407_adc.o
       708          0          0          0          0       3409   at32f403a_407_can.o
       978        110         40          0          0       9220   at32f403a_407_crm.o
       484         28          0          0          0       5433   at32f403a_407_dma.o
       274          6          0          0          0       3891   at32f403a_407_gpio.o
       146         22          0          4          0       5366   at32f403a_407_int.o
       280         18          0          0          0      32684   at32f403a_407_misc.o
       384          0          0          0          0       5980   at32f403a_407_spi.o
       692          0          0          0          0       9015   at32f403a_407_tmr.o
       360         14          0          0          0       5684   at32f403a_407_usart.o
       644         30          0          0          0      33422   at32f403a_407_wk_config.o
       172         24          0          8          0       1500   delay.o
      2732        338         67        256          0      14722   foc.o
        52         10          0          6          0       1503   led.o
       440        304        731          0          0        555   log.o
       304         44          0          0          0      82075   main.o
       220         44          0          7          0       1773   mt6701.o
       186          0          0          0          0       1377   pid.o
        36          8        388          0       1024        812   startup_at32f403a_407.o
       360         38         16          4          0       2224   system_at32f403a_407.o
        52          6          0          0          0        596   usart_1.o
       388         18          0          0          0       1258   wk_adc.o
       224         10          0          0          0        759   wk_can.o
        16          4          0          0          0        482   wk_debug.o
       344         22          0          0          0       3252   wk_dma.o
       116         10          0          0          0        561   wk_gpio.o
       432         18          0          0          0       1314   wk_spi.o
        68         10          0          4          0       1176   wk_system.o
      1148         28          0          0          0       2157   wk_tmr.o
       292         22          0          0          0       1162   wk_usart.o

    ----------------------------------------------------------------------
     12938       1192       1276        292       1024     241309   Object Totals
         0          0         32          0          0          0   (incl. Generated)
        18          0          2          3          0          0   (incl. Padding)

    ----------------------------------------------------------------------

      Code (inc. data)   RO Data    RW Data    ZI Data      Debug   Library Member Name

        32          8          0          0          0        124   dunder.o
        20          0          0          0          0        124   fabs.o
       260          6          0          0          0        144   fmod.o
        86          0          0          0          0          0   __dczerorl2.o
         0          0          0          0          0          0   entry.o
         0          0          0          0          0          0   entry10a.o
         0          0          0          0          0          0   entry11a.o
         4          0          0          0          0          0   entry12b.o
         8          4          0          0          0          0   entry2.o
         4          0          0          0          0          0   entry5.o
         0          0          0          0          0          0   entry7b.o
         0          0          0          0          0          0   entry8b.o
         8          4          0          0          0          0   entry9a.o
        12          6          0          4          0         68   errno.o
        30          0          0          0          0          0   handlers.o
        36          8          0          0          0         68   init.o
         0          0          0          0          0          0   iusefp.o
        30          0          0          0          0         68   llshl.o
        36          0          0          0          0         68   llsshr.o
        32          0          0          0          0         68   llushr.o
      2218         90          0          0          0        464   printfa.o
         0          0          0          4          0          0   stdout.o
        44          0          0          0          0         80   uidiv.o
        98          0          0          0          0         92   uldiv.o
        48          0          0          0          0         68   cdcmple.o
        48          0          0          0          0         68   cdrcmple.o
        56          0          0          0          0         88   d2f.o
       334          0          0          0          0        148   dadd.o
       222          0          0          0          0        100   ddiv.o
       186          0          0          0          0        176   depilogue.o
        50          0          0          0          0         76   dfixui.o
        48          0          0          0          0         68   dfixul.o
        34          0          0          0          0         76   dflti.o
       228          0          0          0          0         96   dmul.o
       134          0          0          0          0         96   drem.o
        38          0          0          0          0         68   f2d.o
       110          0          0          0          0        168   fepilogue.o

    ----------------------------------------------------------------------
      4502        130          0          8          4       2664   Library Totals
         8          4          0          0          4          0   (incl. Padding)

    ----------------------------------------------------------------------

      Code (inc. data)   RO Data    RW Data    ZI Data      Debug   Library Name

       312         14          0          0          0        392   m_wm.l
      2646        112          0          8          0        976   mc_w.l
      1536          0          0          0          0       1296   mf_w.l

    ----------------------------------------------------------------------
      4502        130          0          8          4       2664   Library Totals

    ----------------------------------------------------------------------

==============================================================================


      Code (inc. data)   RO Data    RW Data    ZI Data      Debug   

     17440       1322       1276        300       1028     229313   Grand Totals
     17440       1322       1276         64       1028     229313   ELF Image Totals (compressed)
     17440       1322       1276         64          0          0   ROM Totals

==============================================================================

    Total RO  Size (Code + RO Data)                18716 (  18.28kB)
    Total RW  Size (RW Data + ZI Data)              1328 (   1.30kB)
    Total ROM Size (Code + RO Data + RW Data)      18780 (  18.34kB)

==============================================================================

