Component: ARM Compiler 5.06 update 7 (build 960) Tool: armlink [4d3601]

==============================================================================

Section Cross References

    main.o(i.main) refers to at32f403a_407_wk_config.o(i.wk_system_clock_config) for wk_system_clock_config
    main.o(i.main) refers to at32f403a_407_wk_config.o(i.wk_periph_clock_config) for wk_periph_clock_config
    main.o(i.main) refers to wk_debug.o(i.wk_debug_config) for wk_debug_config
    main.o(i.main) refers to at32f403a_407_wk_config.o(i.wk_nvic_config) for wk_nvic_config
    main.o(i.main) refers to wk_system.o(i.wk_timebase_init) for wk_timebase_init
    main.o(i.main) refers to wk_dma.o(i.wk_dma1_channel1_init) for wk_dma1_channel1_init
    main.o(i.main) refers to wk_dma.o(i.wk_dma_channel_config) for wk_dma_channel_config
    main.o(i.main) refers to at32f403a_407_dma.o(i.dma_channel_enable) for dma_channel_enable
    main.o(i.main) refers to wk_dma.o(i.wk_dma1_channel2_init) for wk_dma1_channel2_init
    main.o(i.main) refers to wk_dma.o(i.wk_dma1_channel3_init) for wk_dma1_channel3_init
    main.o(i.main) refers to wk_dma.o(i.wk_dma1_channel4_init) for wk_dma1_channel4_init
    main.o(i.main) refers to wk_dma.o(i.wk_dma1_channel5_init) for wk_dma1_channel5_init
    main.o(i.main) refers to wk_dma.o(i.wk_dma1_channel6_init) for wk_dma1_channel6_init
    main.o(i.main) refers to wk_dma.o(i.wk_dma1_channel7_init) for wk_dma1_channel7_init
    main.o(i.main) refers to wk_dma.o(i.wk_dma2_channel1_init) for wk_dma2_channel1_init
    main.o(i.main) refers to wk_usart.o(i.wk_usart1_init) for wk_usart1_init
    main.o(i.main) refers to wk_usart.o(i.wk_usart3_init) for wk_usart3_init
    main.o(i.main) refers to wk_spi.o(i.wk_spi1_init) for wk_spi1_init
    main.o(i.main) refers to wk_spi.o(i.wk_spi2_init) for wk_spi2_init
    main.o(i.main) refers to wk_adc.o(i.wk_adc1_init) for wk_adc1_init
    main.o(i.main) refers to wk_adc.o(i.wk_adc3_init) for wk_adc3_init
    main.o(i.main) refers to wk_tmr.o(i.wk_tmr2_init) for wk_tmr2_init
    main.o(i.main) refers to wk_tmr.o(i.wk_tmr4_init) for wk_tmr4_init
    main.o(i.main) refers to wk_tmr.o(i.wk_tmr5_init) for wk_tmr5_init
    main.o(i.main) refers to wk_can.o(i.wk_can1_init) for wk_can1_init
    main.o(i.main) refers to wk_gpio.o(i.wk_gpio_config) for wk_gpio_config
    main.o(i.main) refers to delay.o(i.delay_init) for delay_init
    main.o(i.main) refers to at32f403a_407_dma.o(i.dma_interrupt_enable) for dma_interrupt_enable
    main.o(i.main) refers to at32f403a_407_usart.o(i.usart_interrupt_enable) for usart_interrupt_enable
    main.o(i.main) refers to log.o(i.Product_Overview) for Product_Overview
    main.o(i.main) refers to foc.o(i.M1_adc_tigger) for M1_adc_tigger
    main.o(i.main) refers to foc.o(i.M2_adc_tigger) for M2_adc_tigger
    main.o(i.main) refers to delay.o(i.delay_ms) for delay_ms
    main.o(i.main) refers to foc.o(i.first_get) for first_get
    main.o(i.main) refers to filter.o(i.LPF_Init) for LPF_Init
    main.o(i.main) refers to filter.o(i.LPF_Speed_Init) for LPF_Speed_Init
    main.o(i.main) refers to current_control.o(i.SetCurrentPIDTar) for SetCurrentPIDTar
    main.o(i.main) refers to current_control.o(i.SetCurrentPIDParams) for SetCurrentPIDParams
    main.o(i.main) refers to speed_control.o(i.SetSpeedPIDTar) for SetSpeedPIDTar
    main.o(i.main) refers to speed_control.o(i.SetSpeedPIDParams) for SetSpeedPIDParams
    main.o(i.main) refers to foc.o(i.angle_init) for angle_init
    main.o(i.main) refers to at32f403a_407_tmr.o(i.tmr_interrupt_enable) for tmr_interrupt_enable
    main.o(i.main) refers to usart_1.o(i.USART1_SendFloatArray) for USART1_SendFloatArray
    main.o(i.main) refers to usart_1.o(i.parse_and_set_pid) for parse_and_set_pid
    main.o(i.main) refers to foc.o(.data) for Motor2_AD_Value
    main.o(i.main) refers to mt6701.o(.data) for mt6701_1
    main.o(i.main) refers to usart_1.o(.bss) for uart1_tx_buffer
    main.o(i.main) refers to filter.o(.data) for PM1_LPF
    main.o(i.main) refers to usart_1.o(.data) for rx1_flag
    at32f403a_407_wk_config.o(i.wk_nvic_config) refers to at32f403a_407_misc.o(i.nvic_priority_group_config) for nvic_priority_group_config
    at32f403a_407_wk_config.o(i.wk_nvic_config) refers to at32f403a_407_wk_config.o(i.__NVIC_GetPriorityGrouping) for __NVIC_GetPriorityGrouping
    at32f403a_407_wk_config.o(i.wk_nvic_config) refers to at32f403a_407_wk_config.o(i.NVIC_EncodePriority) for NVIC_EncodePriority
    at32f403a_407_wk_config.o(i.wk_nvic_config) refers to at32f403a_407_wk_config.o(i.__NVIC_SetPriority) for __NVIC_SetPriority
    at32f403a_407_wk_config.o(i.wk_nvic_config) refers to at32f403a_407_misc.o(i.nvic_irq_enable) for nvic_irq_enable
    at32f403a_407_wk_config.o(i.wk_periph_clock_config) refers to at32f403a_407_crm.o(i.crm_periph_clock_enable) for crm_periph_clock_enable
    at32f403a_407_wk_config.o(i.wk_system_clock_config) refers to at32f403a_407_crm.o(i.crm_reset) for crm_reset
[...]
    park_transform                           0x08004675   Thumb Code   106  foc.o(i.park_transform)
    i.parse_and_set_pid                      0x080046e0   Section        0  usart_1.o(i.parse_and_set_pid)
    i.setSVpwm                               0x0800485c   Section        0  foc.o(i.setSVpwm)
    setSVpwm                                 0x0800485d   Thumb Code    38  foc.o(i.setSVpwm)
    i.setpwm                                 0x08004884   Section        0  foc.o(i.setpwm)
    setpwm                                   0x08004885   Thumb Code   212  foc.o(i.setpwm)
    i.setpwm1_channel                        0x0800495c   Section        0  foc.o(i.setpwm1_channel)
    setpwm1_channel                          0x0800495d   Thumb Code   120  foc.o(i.setpwm1_channel)
    i.setpwm2_channel                        0x080049e0   Section        0  foc.o(i.setpwm2_channel)
    setpwm2_channel                          0x080049e1   Thumb Code   124  foc.o(i.setpwm2_channel)
    i.spi_crc_enable                         0x08004a64   Section        0  at32f403a_407_spi.o(i.spi_crc_enable)
    i.spi_crc_polynomial_set                 0x08004a6e   Section        0  at32f403a_407_spi.o(i.spi_crc_polynomial_set)
    i.spi_default_para_init                  0x08004a78   Section        0  at32f403a_407_spi.o(i.spi_default_para_init)
    i.spi_enable                             0x08004a8e   Section        0  at32f403a_407_spi.o(i.spi_enable)
    i.spi_i2s_data_transmit                  0x08004a98   Section        0  at32f403a_407_spi.o(i.spi_i2s_data_transmit)
    i.spi_i2s_dma_receiver_enable            0x08004a9c   Section        0  at32f403a_407_spi.o(i.spi_i2s_dma_receiver_enable)
    i.spi_i2s_dma_transmitter_enable         0x08004aa6   Section        0  at32f403a_407_spi.o(i.spi_i2s_dma_transmitter_enable)
    i.spi_i2s_flag_get                       0x08004ab0   Section        0  at32f403a_407_spi.o(i.spi_i2s_flag_get)
    i.spi_init                               0x08004ac0   Section        0  at32f403a_407_spi.o(i.spi_init)
    i.strong_drag                            0x08004be4   Section        0  foc.o(i.strong_drag)
    strong_drag                              0x08004be5   Thumb Code    46  foc.o(i.strong_drag)
    i.strong_drag_Angle                      0x08004c18   Section        0  foc.o(i.strong_drag_Angle)
    strong_drag_Angle                        0x08004c19   Thumb Code   142  foc.o(i.strong_drag_Angle)
    i.system_core_clock_update               0x08004cb8   Section        0  system_at32f403a_407.o(i.system_core_clock_update)
    i.systick_clock_source_config            0x08004db0   Section        0  at32f403a_407_misc.o(i.systick_clock_source_config)
    i.tmr_base_init                          0x08004dd8   Section        0  at32f403a_407_tmr.o(i.tmr_base_init)
    i.tmr_channel_value_set                  0x08004de8   Section        0  at32f403a_407_tmr.o(i.tmr_channel_value_set)
    i.tmr_clock_source_div_set               0x08004e10   Section        0  at32f403a_407_tmr.o(i.tmr_clock_source_div_set)
    i.tmr_cnt_dir_set                        0x08004e1a   Section        0  at32f403a_407_tmr.o(i.tmr_cnt_dir_set)
    i.tmr_counter_enable                     0x08004e24   Section        0  at32f403a_407_tmr.o(i.tmr_counter_enable)
    i.tmr_flag_clear                         0x08004e2e   Section        0  at32f403a_407_tmr.o(i.tmr_flag_clear)
    i.tmr_interrupt_enable                   0x08004e34   Section        0  at32f403a_407_tmr.o(i.tmr_interrupt_enable)
    i.tmr_output_channel_buffer_enable       0x08004e4a   Section        0  at32f403a_407_tmr.o(i.tmr_output_channel_buffer_enable)
    i.tmr_output_channel_config              0x08004e8c   Section        0  at32f403a_407_tmr.o(i.tmr_output_channel_config)
    i.tmr_output_channel_immediately_set     0x0800502c   Section        0  at32f403a_407_tmr.o(i.tmr_output_channel_immediately_set)
    i.tmr_period_buffer_enable               0x0800506e   Section        0  at32f403a_407_tmr.o(i.tmr_period_buffer_enable)
    i.tmr_primary_mode_select                0x08005078   Section        0  at32f403a_407_tmr.o(i.tmr_primary_mode_select)
    i.tmr_sub_sync_mode_set                  0x08005082   Section        0  at32f403a_407_tmr.o(i.tmr_sub_sync_mode_set)
    i.usart_data_transmit                    0x0800508c   Section        0  at32f403a_407_usart.o(i.usart_data_transmit)
    i.usart_dma_receiver_enable              0x08005094   Section        0  at32f403a_407_usart.o(i.usart_dma_receiver_enable)
    i.usart_dma_transmitter_enable           0x0800509e   Section        0  at32f403a_407_usart.o(i.usart_dma_transmitter_enable)
    i.usart_enable                           0x080050a8   Section        0  at32f403a_407_usart.o(i.usart_enable)
    i.usart_flag_clear                       0x080050b2   Section        0  at32f403a_407_usart.o(i.usart_flag_clear)
    i.usart_flag_get                         0x080050c4   Section        0  at32f403a_407_usart.o(i.usart_flag_get)
    i.usart_hardware_flow_control_set        0x080050d4   Section        0  at32f403a_407_usart.o(i.usart_hardware_flow_control_set)
    i.usart_init                             0x0800513c   Section        0  at32f403a_407_usart.o(i.usart_init)
    i.usart_interrupt_enable                 0x080051bc   Section        0  at32f403a_407_usart.o(i.usart_interrupt_enable)
    i.usart_interrupt_flag_get               0x080051f2   Section        0  at32f403a_407_usart.o(i.usart_interrupt_flag_get)
    i.usart_parity_selection_config          0x080052a2   Section        0  at32f403a_407_usart.o(i.usart_parity_selection_config)
    i.usart_receiver_enable                  0x080052ee   Section        0  at32f403a_407_usart.o(i.usart_receiver_enable)
    i.usart_transmitter_enable               0x080052f8   Section        0  at32f403a_407_usart.o(i.usart_transmitter_enable)
    i.usartdmarecv                           0x08005304   Section        0  usart_1.o(i.usartdmarecv)
    i.wk_adc1_init                           0x0800534c   Section        0  wk_adc.o(i.wk_adc1_init)
    i.wk_adc3_init                           0x08005410   Section        0  wk_adc.o(i.wk_adc3_init)
    i.wk_can1_init                           0x080054d0   Section        0  wk_can.o(i.wk_can1_init)
    i.wk_debug_config                        0x080055fc   Section        0  wk_debug.o(i.wk_debug_config)
    i.wk_dma1_channel1_init                  0x0800560c   Section        0  wk_dma.o(i.wk_dma1_channel1_init)
    i.wk_dma1_channel2_init                  0x08005660   Section        0  wk_dma.o(i.wk_dma1_channel2_init)
    i.wk_dma1_channel3_init                  0x080056b4   Section        0  wk_dma.o(i.wk_dma1_channel3_init)
    i.wk_dma1_channel4_init                  0x08005708   Section        0  wk_dma.o(i.wk_dma1_channel4_init)
    i.wk_dma1_channel5_init                  0x0800575c   Section        0  wk_dma.o(i.wk_dma1_channel5_init)
    i.wk_dma1_channel6_init                  0x080057b0   Section        0  wk_dma.o(i.wk_dma1_channel6_init)
    i.wk_dma1_channel7_init                  0x08005804   Section        0  wk_dma.o(i.wk_dma1_channel7_init)
    i.wk_dma2_channel1_init                  0x08005858   Section        0  wk_dma.o(i.wk_dma2_channel1_init)
    i.wk_dma_channel_config                  0x080058ac   Section        0  wk_dma.o(i.wk_dma_channel_config)
    i.wk_gpio_config                         0x080058b4   Section        0  wk_gpio.o(i.wk_gpio_config)
    i.wk_nvic_config                         0x08005928   Section        0  at32f403a_407_wk_config.o(i.wk_nvic_config)
    i.wk_periph_clock_config                 0x08005a44   Section        0  at32f403a_407_wk_config.o(i.wk_periph_clock_config)
    i.wk_spi1_init                           0x08005af0   Section        0  wk_spi.o(i.wk_spi1_init)
    i.wk_spi2_init                           0x08005bd0   Section        0  wk_spi.o(i.wk_spi2_init)
    i.wk_system_clock_config                 0x08005cb0   Section        0  at32f403a_407_wk_config.o(i.wk_system_clock_config)
    i.wk_timebase_init                       0x08005d48   Section        0  wk_system.o(i.wk_timebase_init)
    i.wk_tmr2_init                           0x08005d8c   Section        0  wk_tmr.o(i.wk_tmr2_init)
    i.wk_tmr4_init                           0x08005fb8   Section        0  wk_tmr.o(i.wk_tmr4_init)
    i.wk_tmr5_init                           0x080061c4   Section        0  wk_tmr.o(i.wk_tmr5_init)
    i.wk_usart1_init                         0x08006208   Section        0  wk_usart.o(i.wk_usart1_init)
    i.wk_usart3_init                         0x080062ac   Section        0  wk_usart.o(i.wk_usart3_init)
    .constdata                               0x0800633c   Section       40  at32f403a_407_crm.o(.constdata)
    sclk_ahb_div_table                       0x0800633c   Data          16  at32f403a_407_crm.o(.constdata)
    ahb_apb1_div_table                       0x0800634c   Data           8  at32f403a_407_crm.o(.constdata)
    ahb_apb2_div_table                       0x08006354   Data           8  at32f403a_407_crm.o(.constdata)
    adc_div_table                            0x0800635c   Data           8  at32f403a_407_crm.o(.constdata)
    .constdata                               0x08006364   Section       16  system_at32f403a_407.o(.constdata)
    sys_ahb_div_table                        0x08006364   Data          16  system_at32f403a_407.o(.constdata)
    .constdata                               0x08006374   Section      129  ctype_o.o(.constdata)
    .constdata                               0x080063f8   Section        4  ctype_o.o(.constdata)
    table                                    0x080063f8   Data           4  ctype_o.o(.constdata)
    .conststring                             0x080063fc   Section       67  foc.o(.conststring)
    .conststring                             0x08006440   Section      731  log.o(.conststring)
    .data                                    0x20000000   Section        8  at32f403a_407_int.o(.data)
    times                                    0x20000000   Data           4  at32f403a_407_int.o(.data)
    t                                        0x20000004   Data           4  at32f403a_407_int.o(.data)
    .data                                    0x20000008   Section        4  wk_system.o(.data)
    .data                                    0x2000000c   Section        4  system_at32f403a_407.o(.data)
    .data                                    0x20000010   Section        8  delay.o(.data)
    fac_us                                   0x20000010   Data           4  delay.o(.data)
    fac_ms                                   0x20000014   Data           4  delay.o(.data)
    .data                                    0x20000018   Section        3  usart_1.o(.data)
    .data                                    0x2000001c   Section       56  mt6701.o(.data)
    .data                                    0x20000054   Section      456  foc.o(.data)
    .data                                    0x2000021c   Section        6  led.o(.data)
    .data                                    0x20000224   Section       32  filter.o(.data)
    .data                                    0x20000244   Section      160  svpwm.o(.data)
    .data                                    0x200002e4   Section        4  stdout.o(.data)
    .data                                    0x200002e8   Section        4  mvars.o(.data)
    .data                                    0x200002ec   Section        4  mvars.o(.data)
    .data                                    0x200002f0   Section        4  errno.o(.data)
    _errno                                   0x200002f0   Data           4  errno.o(.data)
    .bss                                     0x200002f4   Section      128  usart_1.o(.bss)
    .bss                                     0x20000374   Section       32  filter.o(.bss)
    HEAP                                     0x20000398   Section      512  startup_at32f403a_407.o(HEAP)
    STACK                                    0x20000598   Section     1024  startup_at32f403a_407.o(STACK)

    Global Symbols

    Symbol Name                              Value     Ov Type        Size  Object(Section)

    BuildAttributes$$THM_ISAv4$E$P$D$K$B$S$7EM$VFPi3$EXTD16$VFPS$VFMA$PE$A:L22UL41UL21$X:L11$S22US41US21$IEEE1$IW$USESV6$~STKCKD$USESV7$~SHL$OTIME$ROPI$IEEEX$EBA8$MICROLIB$REQ8$PRES8$EABIv2 0x00000000   Number         0  anon$$obj.o ABSOLUTE
    __ARM_use_no_argv                        0x00000000   Number         0  main.o ABSOLUTE
    _printf_a                                0x00000000   Number         0  stubs.o ABSOLUTE
    _printf_c                                0x00000000   Number         0  stubs.o ABSOLUTE
    _printf_charcount                        0x00000000   Number         0  stubs.o ABSOLUTE
    _printf_d                                0x00000000   Number         0  stubs.o ABSOLUTE
    _printf_e                                0x00000000   Number         0  stubs.o ABSOLUTE
    _printf_f                                0x00000000   Number         0  stubs.o ABSOLUTE
    _printf_flags                            0x00000000   Number         0  stubs.o ABSOLUTE
    _printf_fp_dec                           0x00000000   Number         0  stubs.o ABSOLUTE
    _printf_fp_hex                           0x00000000   Number         0  stubs.o ABSOLUTE
    _printf_g                                0x00000000   Number         0  stubs.o ABSOLUTE
    _printf_i                                0x00000000   Number         0  stubs.o ABSOLUTE
    _printf_int_dec                          0x00000000   Number         0  stubs.o ABSOLUTE
    _printf_l                                0x00000000   Number         0  stubs.o ABSOLUTE
    _printf_lc                               0x00000000   Number         0  stubs.o ABSOLUTE
    _printf_ll                               0x00000000   Number         0  stubs.o ABSOLUTE
    _printf_lld                              0x00000000   Number         0  stubs.o ABSOLUTE
    _printf_lli                              0x00000000   Number         0  stubs.o ABSOLUTE
    _printf_llo                              0x00000000   Number         0  stubs.o ABSOLUTE
    _printf_llu                              0x00000000   Number         0  stubs.o ABSOLUTE
    _printf_llx                              0x00000000   Number         0  stubs.o ABSOLUTE
    _printf_longlong_dec                     0x00000000   Number         0  stubs.o ABSOLUTE
    _printf_longlong_hex                     0x00000000   Number         0  stubs.o ABSOLUTE
    _printf_longlong_oct                     0x00000000   Number         0  stubs.o ABSOLUTE
    _printf_ls                               0x00000000   Number         0  stubs.o ABSOLUTE
    _printf_mbtowc                           0x00000000   Number         0  stubs.o ABSOLUTE
    _printf_n                                0x00000000   Number         0  stubs.o ABSOLUTE
    _printf_o                                0x00000000   Number         0  stubs.o ABSOLUTE
    _printf_p                                0x00000000   Number         0  stubs.o ABSOLUTE
    _printf_percent                          0x00000000   Number         0  stubs.o ABSOLUTE
    _printf_pre_padding                      0x00000000   Number         0  stubs.o ABSOLUTE
    _printf_return_value                     0x00000000   Number         0  stubs.o ABSOLUTE
    _printf_s                                0x00000000   Number         0  stubs.o ABSOLUTE
    _printf_sizespec                         0x00000000   Number         0  stubs.o ABSOLUTE
    _printf_str                              0x00000000   Number         0  stubs.o ABSOLUTE
    _printf_truncate_signed                  0x00000000   Number         0  stubs.o ABSOLUTE
    _printf_truncate_unsigned                0x00000000   Number         0  stubs.o ABSOLUTE
    _printf_u                                0x00000000   Number         0  stubs.o ABSOLUTE
    _printf_wc                               0x00000000   Number         0  stubs.o ABSOLUTE
    _printf_wctomb                           0x00000000   Number         0  stubs.o ABSOLUTE
    _printf_widthprec                        0x00000000   Number         0  stubs.o ABSOLUTE
    _printf_x                                0x00000000   Number         0  stubs.o ABSOLUTE
    __arm_fini_                               - Undefined Weak Reference
    __cpp_initialize__aeabi_                  - Undefined Weak Reference
    __cxa_finalize                            - Undefined Weak Reference
    _clock_init                               - Undefined Weak Reference
    _microlib_exit                            - Undefined Weak Reference
    __Vectors_Size                           0x00000184   Number         0  startup_at32f403a_407.o ABSOLUTE
    __Vectors                                0x08000000   Data           4  startup_at32f403a_407.o(RESET)
    __Vectors_End                            0x08000184   Data           0  startup_at32f403a_407.o(RESET)
    __main                                   0x08000185   Thumb Code     0  entry.o(.ARM.Collect$$$$00000000)
    _main_stk                                0x08000185   Thumb Code     0  entry2.o(.ARM.Collect$$$$00000001)
    _main_scatterload                        0x08000189   Thumb Code     0  entry5.o(.ARM.Collect$$$$00000004)
    __main_after_scatterload                 0x0800018d   Thumb Code     0  entry5.o(.ARM.Collect$$$$00000004)
    _main_clock                              0x0800018d   Thumb Code     0  entry7b.o(.ARM.Collect$$$$00000008)
    _main_cpp_init                           0x0800018d   Thumb Code     0  entry8b.o(.ARM.Collect$$$$0000000A)
    _main_init                               0x0800018d   Thumb Code     0  entry9a.o(.ARM.Collect$$$$0000000B)
    __rt_lib_shutdown_fini                   0x08000195   Thumb Code     0  entry12b.o(.ARM.Collect$$$$0000000E)
    __rt_final_cpp                           0x08000199   Thumb Code     0  entry10a.o(.ARM.Collect$$$$0000000F)
    __rt_final_exit                          0x08000199   Thumb Code     0  entry11a.o(.ARM.Collect$$$$00000011)
    Reset_Handler                            0x0800019d   Thumb Code     8  startup_at32f403a_407.o(.text)
    ACC_IRQHandler                           0x080001b7   Thumb Code     0  startup_at32f403a_407.o(.text)
    ADC1_2_IRQHandler                        0x080001b7   Thumb Code     0  startup_at32f403a_407.o(.text)
    ADC3_IRQHandler                          0x080001b7   Thumb Code     0  startup_at32f403a_407.o(.text)
    CAN1_RX1_IRQHandler                      0x080001b7   Thumb Code     0  startup_at32f403a_407.o(.text)
    CAN2_RX0_IRQHandler                      0x080001b7   Thumb Code     0  startup_at32f403a_407.o(.text)
    CAN2_RX1_IRQHandler                      0x080001b7   Thumb Code     0  startup_at32f403a_407.o(.text)
    CAN2_SE_IRQHandler                       0x080001b7   Thumb Code     0  startup_at32f403a_407.o(.text)
    CAN2_TX_IRQHandler                       0x080001b7   Thumb Code     0  startup_at32f403a_407.o(.text)
    CRM_IRQHandler                           0x080001b7   Thumb Code     0  startup_at32f403a_407.o(.text)
    DMA1_Channel4_IRQHandler                 0x080001b7   Thumb Code     0  startup_at32f403a_407.o(.text)
    DMA1_Channel6_IRQHandler                 0x080001b7   Thumb Code     0  startup_at32f403a_407.o(.text)
    DMA2_Channel1_IRQHandler                 0x080001b7   Thumb Code     0  startup_at32f403a_407.o(.text)
    DMA2_Channel2_IRQHandler                 0x080001b7   Thumb Code     0  startup_at32f403a_407.o(.text)
    DMA2_Channel3_IRQHandler                 0x080001b7   Thumb Code     0  startup_at32f403a_407.o(.text)
    DMA2_Channel4_5_IRQHandler               0x080001b7   Thumb Code     0  startup_at32f403a_407.o(.text)
    DMA2_Channel6_7_IRQHandler               0x080001b7   Thumb Code     0  startup_at32f403a_407.o(.text)
    EMAC_IRQHandler                          0x080001b7   Thumb Code     0  startup_at32f403a_407.o(.text)
    EMAC_WKUP_IRQHandler                     0x080001b7   Thumb Code     0  startup_at32f403a_407.o(.text)
    EXINT0_IRQHandler                        0x080001b7   Thumb Code     0  startup_at32f403a_407.o(.text)
    EXINT15_10_IRQHandler                    0x080001b7   Thumb Code     0  startup_at32f403a_407.o(.text)
    EXINT1_IRQHandler                        0x080001b7   Thumb Code     0  startup_at32f403a_407.o(.text)
    EXINT2_IRQHandler                        0x080001b7   Thumb Code     0  startup_at32f403a_407.o(.text)
    EXINT3_IRQHandler                        0x080001b7   Thumb Code     0  startup_at32f403a_407.o(.text)
    EXINT4_IRQHandler                        0x080001b7   Thumb Code     0  startup_at32f403a_407.o(.text)
    EXINT9_5_IRQHandler                      0x080001b7   Thumb Code     0  startup_at32f403a_407.o(.text)
    FLASH_IRQHandler                         0x080001b7   Thumb Code     0  startup_at32f403a_407.o(.text)
    I2C1_ERR_IRQHandler                      0x080001b7   Thumb Code     0  startup_at32f403a_407.o(.text)
    I2C1_EVT_IRQHandler                      0x080001b7   Thumb Code     0  startup_at32f403a_407.o(.text)
    I2C2_ERR_IRQHandler                      0x080001b7   Thumb Code     0  startup_at32f403a_407.o(.text)
    I2C2_EVT_IRQHandler                      0x080001b7   Thumb Code     0  startup_at32f403a_407.o(.text)
    I2C3_ERR_IRQHandler                      0x080001b7   Thumb Code     0  startup_at32f403a_407.o(.text)
    I2C3_EVT_IRQHandler                      0x080001b7   Thumb Code     0  startup_at32f403a_407.o(.text)
    PVM_IRQHandler                           0x080001b7   Thumb Code     0  startup_at32f403a_407.o(.text)
    RTCAlarm_IRQHandler                      0x080001b7   Thumb Code     0  startup_at32f403a_407.o(.text)
    RTC_IRQHandler                           0x080001b7   Thumb Code     0  startup_at32f403a_407.o(.text)
    SDIO1_IRQHandler                         0x080001b7   Thumb Code     0  startup_at32f403a_407.o(.text)
    SDIO2_IRQHandler                         0x080001b7   Thumb Code     0  startup_at32f403a_407.o(.text)
    SPI1_IRQHandler                          0x080001b7   Thumb Code     0  startup_at32f403a_407.o(.text)
    SPI2_I2S2EXT_IRQHandler                  0x080001b7   Thumb Code     0  startup_at32f403a_407.o(.text)
    SPI3_I2S3EXT_IRQHandler                  0x080001b7   Thumb Code     0  startup_at32f403a_407.o(.text)
    SPI4_IRQHandler                          0x080001b7   Thumb Code     0  startup_at32f403a_407.o(.text)
    TAMPER_IRQHandler                        0x080001b7   Thumb Code     0  startup_at32f403a_407.o(.text)
    TMR1_BRK_TMR9_IRQHandler                 0x080001b7   Thumb Code     0  startup_at32f403a_407.o(.text)
    TMR1_CH_IRQHandler                       0x080001b7   Thumb Code     0  startup_at32f403a_407.o(.text)
    TMR1_OVF_TMR10_IRQHandler                0x080001b7   Thumb Code     0  startup_at32f403a_407.o(.text)
    TMR1_TRG_HALL_TMR11_IRQHandler           0x080001b7   Thumb Code     0  startup_at32f403a_407.o(.text)
    TMR2_GLOBAL_IRQHandler                   0x080001b7   Thumb Code     0  startup_at32f403a_407.o(.text)
    TMR3_GLOBAL_IRQHandler                   0x080001b7   Thumb Code     0  startup_at32f403a_407.o(.text)
    TMR4_GLOBAL_IRQHandler                   0x080001b7   Thumb Code     0  startup_at32f403a_407.o(.text)
    TMR6_GLOBAL_IRQHandler                   0x080001b7   Thumb Code     0  startup_at32f403a_407.o(.text)
    TMR7_GLOBAL_IRQHandler                   0x080001b7   Thumb Code     0  startup_at32f403a_407.o(.text)
    TMR8_BRK_TMR12_IRQHandler                0x080001b7   Thumb Code     0  startup_at32f403a_407.o(.text)
    TMR8_CH_IRQHandler                       0x080001b7   Thumb Code     0  startup_at32f403a_407.o(.text)
    TMR8_OVF_TMR13_IRQHandler                0x080001b7   Thumb Code     0  startup_at32f403a_407.o(.text)
    TMR8_TRG_HALL_TMR14_IRQHandler           0x080001b7   Thumb Code     0  startup_at32f403a_407.o(.text)
    UART4_IRQHandler                         0x080001b7   Thumb Code     0  startup_at32f403a_407.o(.text)
    UART5_IRQHandler                         0x080001b7   Thumb Code     0  startup_at32f403a_407.o(.text)
    UART7_IRQHandler                         0x080001b7   Thumb Code     0  startup_at32f403a_407.o(.text)
    UART8_IRQHandler                         0x080001b7   Thumb Code     0  startup_at32f403a_407.o(.text)
    USART2_IRQHandler                        0x080001b7   Thumb Code     0  startup_at32f403a_407.o(.text)
    USART3_IRQHandler                        0x080001b7   Thumb Code     0  startup_at32f403a_407.o(.text)
    USART6_IRQHandler                        0x080001b7   Thumb Code     0  startup_at32f403a_407.o(.text)
    USBFSWakeUp_IRQHandler                   0x080001b7   Thumb Code     0  startup_at32f403a_407.o(.text)
    USBFS_H_CAN1_TX_IRQHandler               0x080001b7   Thumb Code     0  startup_at32f403a_407.o(.text)
    USBFS_MAPH_IRQHandler                    0x080001b7   Thumb Code     0  startup_at32f403a_407.o(.text)
    USBFS_MAPL_IRQHandler                    0x080001b7   Thumb Code     0  startup_at32f403a_407.o(.text)
    WWDT_IRQHandler                          0x080001b7   Thumb Code     0  startup_at32f403a_407.o(.text)
    XMC_IRQHandler                           0x080001b7   Thumb Code     0  startup_at32f403a_407.o(.text)
    strstr                                   0x080001c1   Thumb Code    36  strstr.o(.text)
    strncpy                                  0x080001e5   Thumb Code    24  strncpy.o(.text)
    strchr                                   0x080001fd   Thumb Code    20  strchr.o(.text)
    strlen                                   0x08000211   Thumb Code    14  strlen.o(.text)
    strcmp                                   0x0800021f   Thumb Code    28  strcmp.o(.text)
    strtol                                   0x0800023b   Thumb Code   112  strtol.o(.text)
    __aeabi_f2d                              0x080002ab   Thumb Code    38  f2d.o(.text)
    __aeabi_cdcmpeq                          0x080002d1   Thumb Code     0  cdcmple.o(.text)
    __aeabi_cdcmple                          0x080002d1   Thumb Code    48  cdcmple.o(.text)
    __aeabi_cdrcmple                         0x08000301   Thumb Code    48  cdrcmple.o(.text)
    __aeabi_d2f                              0x08000331   Thumb Code    56  d2f.o(.text)
    __aeabi_uidiv                            0x08000369   Thumb Code     0  uidiv.o(.text)
    __aeabi_uidivmod                         0x08000369   Thumb Code    44  uidiv.o(.text)
    __aeabi_uldivmod                         0x08000395   Thumb Code    98  uldiv.o(.text)
    __rt_ctype_table                         0x080003f9   Thumb Code     4  ctype_o.o(.text)
    isspace                                  0x08000401   Thumb Code    18  isspace_o.o(.text)
    _strtoul                                 0x08000413   Thumb Code   158  _strtoul.o(.text)
    __strtof_int                             0x080004b1   Thumb Code    26  strtof.o(.text)
    __I$use$fp                               0x080004cb   Thumb Code     0  iusefp.o(.text)
    _float_round                             0x080004cb   Thumb Code    18  fepilogue.o(.text)
    _float_epilogue                          0x080004dd   Thumb Code    92  fepilogue.o(.text)
    __aeabi_dadd                             0x08000539   Thumb Code   322  dadd.o(.text)
    __aeabi_dsub                             0x0800067b   Thumb Code     6  dadd.o(.text)
    __aeabi_drsub                            0x08000681   Thumb Code     6  dadd.o(.text)
    __aeabi_dmul                             0x08000687   Thumb Code   228  dmul.o(.text)
    __aeabi_ddiv                             0x0800076b   Thumb Code   222  ddiv.o(.text)
    _drem                                    0x08000849   Thumb Code   134  drem.o(.text)
    __aeabi_d2ulz                            0x080008cf   Thumb Code    48  dfixul.o(.text)
    __scatterload                            0x08000901   Thumb Code    28  init.o(.text)
    __scatterload_rt2                        0x08000901   Thumb Code     0  init.o(.text)
    __aeabi_llsl                             0x08000925   Thumb Code    30  llshl.o(.text)
    _ll_shift_l                              0x08000925   Thumb Code     0  llshl.o(.text)
    __aeabi_llsr                             0x08000943   Thumb Code    32  llushr.o(.text)
    _ll_ushift_r                             0x08000943   Thumb Code     0  llushr.o(.text)
    __aeabi_lasr                             0x08000963   Thumb Code    36  llsshr.o(.text)
    _ll_sshift_r                             0x08000963   Thumb Code     0  llsshr.o(.text)
    _chval                                   0x08000987   Thumb Code    28  _chval.o(.text)
    __strtod_int                             0x080009db   Thumb Code    90  strtod.o(.text)
    _double_round                            0x08000a41   Thumb Code    30  depilogue.o(.text)
    _double_epilogue                         0x08000a5f   Thumb Code   156  depilogue.o(.text)
    _scanf_real                              0x08000c25   Thumb Code     0  scanf_fp.o(.text)
    _scanf_really_real                       0x08000c25   Thumb Code   556  scanf_fp.o(.text)
    _sgetc                                   0x08000e5d   Thumb Code    30  _sgetc.o(.text)
    _sbackspace                              0x08000e7b   Thumb Code    34  _sgetc.o(.text)
    __fp_status                              0x08000e9d   Thumb Code     4  fpstat.o(.text)
    __ieee_status                            0x08000e9d   Thumb Code     0  fpstat.o(.text)
    __aeabi_ul2d                             0x08000ea1   Thumb Code    24  dfltul.o(.text)
    __decompress                             0x08000eb9   Thumb Code     0  __dczerorl2.o(.text)
    __decompress1                            0x08000eb9   Thumb Code    86  __dczerorl2.o(.text)
    BusFault_Handler                         0x08000f75   Thumb Code     4  at32f403a_407_int.o(i.BusFault_Handler)
    CAN1_SE_IRQHandler                       0x08000f79   Thumb Code     2  at32f403a_407_int.o(i.CAN1_SE_IRQHandler)
    CalculateSpeed                           0x08000f7d   Thumb Code   124  speed_control.o(i.CalculateSpeed)
    CurrentPIControlID                       0x08001005   Thumb Code   346  current_control.o(i.CurrentPIControlID)
    CurrentPIControlIQ                       0x0800115f   Thumb Code   358  current_control.o(i.CurrentPIControlIQ)
    DMA1_Channel1_IRQHandler                 0x080012c5   Thumb Code    34  at32f403a_407_int.o(i.DMA1_Channel1_IRQHandler)
    DMA1_Channel2_IRQHandler                 0x080012f5   Thumb Code    34  at32f403a_407_int.o(i.DMA1_Channel2_IRQHandler)
    DMA1_Channel3_IRQHandler                 0x08001325   Thumb Code    56  at32f403a_407_int.o(i.DMA1_Channel3_IRQHandler)
    DMA1_Channel5_IRQHandler                 0x08001365   Thumb Code    56  at32f403a_407_int.o(i.DMA1_Channel5_IRQHandler)
    DMA1_Channel7_IRQHandler                 0x080013a5   Thumb Code    34  at32f403a_407_int.o(i.DMA1_Channel7_IRQHandler)
    DebugMon_Handler                         0x080013d1   Thumb Code     2  at32f403a_407_int.o(i.DebugMon_Handler)
    FocContorl                               0x080013d5   Thumb Code   266  foc.o(i.FocContorl)
    HardFault_Handler                        0x080014f9   Thumb Code     4  at32f403a_407_int.o(i.HardFault_Handler)
    LPF_Init                                 0x080014fd   Thumb Code    78  filter.o(i.LPF_Init)
    LPF_Speed_Init                           0x0800155d   Thumb Code    66  filter.o(i.LPF_Speed_Init)
    LPF_Speed_Update                         0x080015b1   Thumb Code    34  filter.o(i.LPF_Speed_Update)
    LPF_Update                               0x080015d3   Thumb Code    66  filter.o(i.LPF_Update)
    M1_adc_tigger                            0x08001615   Thumb Code    38  foc.o(i.M1_adc_tigger)
    M2_adc_tigger                            0x08001645   Thumb Code    38  foc.o(i.M2_adc_tigger)
    MT6701_GetAngle                          0x08001671   Thumb Code   110  mt6701.o(i.MT6701_GetAngle)
    MT6701_StartRead                         0x080016f1   Thumb Code    56  mt6701.o(i.MT6701_StartRead)
    MemManage_Handler                        0x08001729   Thumb Code     4  at32f403a_407_int.o(i.MemManage_Handler)
    NMI_Handler                              0x0800172d   Thumb Code     2  at32f403a_407_int.o(i.NMI_Handler)
    PendSV_Handler                           0x0800176f   Thumb Code     2  at32f403a_407_int.o(i.PendSV_Handler)
    Product_Overview                         0x08001771   Thumb Code   136  log.o(i.Product_Overview)
    SVC_Handler                              0x08001929   Thumb Code     2  at32f403a_407_int.o(i.SVC_Handler)
    SVpwm                                    0x0800192d   Thumb Code  1316  svpwm.o(i.SVpwm)
    SetCurrentPIDParams                      0x08001e51   Thumb Code    34  current_control.o(i.SetCurrentPIDParams)
    SetCurrentPIDTar                         0x08001e73   Thumb Code    10  current_control.o(i.SetCurrentPIDTar)
    SetSpeedPIDParams                        0x08001e7d   Thumb Code    18  speed_control.o(i.SetSpeedPIDParams)
    SetSpeedPIDTar                           0x08001e8f   Thumb Code     6  speed_control.o(i.SetSpeedPIDTar)
    SpeedPIControl                           0x08001e95   Thumb Code   350  speed_control.o(i.SpeedPIControl)
    SysTick_Handler                          0x08001ff3   Thumb Code     2  at32f403a_407_int.o(i.SysTick_Handler)
    SystemInit                               0x08001ff5   Thumb Code   100  system_at32f403a_407.o(i.SystemInit)
    TMR5_GLOBAL_IRQHandler                   0x08002065   Thumb Code    82  at32f403a_407_int.o(i.TMR5_GLOBAL_IRQHandler)
    USART1_IRQHandler                        0x080020d5   Thumb Code    36  at32f403a_407_int.o(i.USART1_IRQHandler)
    USART1_SendFloatArray                    0x08002105   Thumb Code    86  usart_1.o(i.USART1_SendFloatArray)
    USBFS_L_CAN1_RX0_IRQHandler              0x08002169   Thumb Code    48  at32f403a_407_int.o(i.USBFS_L_CAN1_RX0_IRQHandler)
    UsageFault_Handler                       0x080021b5   Thumb Code     4  at32f403a_407_int.o(i.UsageFault_Handler)
    __0printf                                0x080021b9   Thumb Code    22  printfa.o(i.__0printf)
    __1printf                                0x080021b9   Thumb Code     0  printfa.o(i.__0printf)
    __2printf                                0x080021b9   Thumb Code     0  printfa.o(i.__0printf)
    __c89printf                              0x080021b9   Thumb Code     0  printfa.o(i.__0printf)
    printf                                   0x080021b9   Thumb Code     0  printfa.o(i.__0printf)
    __aeabi_errno_addr                       0x08002211   Thumb Code     4  errno.o(i.__aeabi_errno_addr)
    __rt_errno_addr                          0x08002211   Thumb Code     0  errno.o(i.__aeabi_errno_addr)
    __hardfp___mathlib_tofloat               0x08002219   Thumb Code   232  narrow.o(i.__hardfp___mathlib_tofloat)
    __hardfp_fabs                            0x08002311   Thumb Code    20  fabs.o(i.__hardfp_fabs)
    __hardfp_fmod                            0x08002325   Thumb Code   254  fmod.o(i.__hardfp_fmod)
    __hardfp_strtof                          0x08002429   Thumb Code    26  strtof.o(i.__hardfp_strtof)
    __mathlib_dbl_invalid                    0x08002449   Thumb Code    24  dunder.o(i.__mathlib_dbl_invalid)
    __mathlib_narrow                         0x08002469   Thumb Code    18  narrow.o(i.__mathlib_narrow)
    __scatterload_copy                       0x0800247b   Thumb Code    14  handlers.o(i.__scatterload_copy)
    __scatterload_null                       0x08002489   Thumb Code     2  handlers.o(i.__scatterload_null)
    __scatterload_zeroinit                   0x0800248b   Thumb Code    14  handlers.o(i.__scatterload_zeroinit)
    __set_errno                              0x08002499   Thumb Code     6  errno.o(i.__set_errno)
    _is_digit                                0x08002675   Thumb Code    14  scanf_fp.o(i._is_digit)
    adc_base_config                          0x08002d8b   Thumb Code    44  at32f403a_407_adc.o(i.adc_base_config)
    adc_base_default_para_init               0x08002db7   Thumb Code    14  at32f403a_407_adc.o(i.adc_base_default_para_init)
    adc_calibration_init                     0x08002dc5   Thumb Code    12  at32f403a_407_adc.o(i.adc_calibration_init)
    adc_calibration_init_status_get          0x08002dd1   Thumb Code    18  at32f403a_407_adc.o(i.adc_calibration_init_status_get)
    adc_calibration_start                    0x08002de3   Thumb Code    12  at32f403a_407_adc.o(i.adc_calibration_start)
    adc_calibration_status_get               0x08002def   Thumb Code    18  at32f403a_407_adc.o(i.adc_calibration_status_get)
    adc_combine_mode_select                  0x08002e01   Thumb Code    14  at32f403a_407_adc.o(i.adc_combine_mode_select)
    adc_dma_mode_enable                      0x08002e15   Thumb Code    10  at32f403a_407_adc.o(i.adc_dma_mode_enable)
    adc_enable                               0x08002e1f   Thumb Code    10  at32f403a_407_adc.o(i.adc_enable)
    adc_ordinary_channel_set                 0x08002e29   Thumb Code   168  at32f403a_407_adc.o(i.adc_ordinary_channel_set)
    adc_ordinary_conversion_trigger_set      0x08002ed1   Thumb Code    52  at32f403a_407_adc.o(i.adc_ordinary_conversion_trigger_set)
    adc_ordinary_part_mode_enable            0x08002f05   Thumb Code    10  at32f403a_407_adc.o(i.adc_ordinary_part_mode_enable)
    angle_init                               0x08002f11   Thumb Code   204  foc.o(i.angle_init)
    at32_led_toggle                          0x08003049   Thumb Code    42  led.o(i.at32_led_toggle)
    can_base_init                            0x0800307d   Thumb Code   188  at32f403a_407_can.o(i.can_base_init)
    can_baudrate_set                         0x08003139   Thumb Code   146  at32f403a_407_can.o(i.can_baudrate_set)
    can_default_para_init                    0x080031cb   Thumb Code    18  at32f403a_407_can.o(i.can_default_para_init)
    can_filter_init                          0x080031dd   Thumb Code   356  at32f403a_407_can.o(i.can_filter_init)
    can_flag_get                             0x08003341   Thumb Code   240  at32f403a_407_can.o(i.can_flag_get)
    can_interrupt_enable                     0x08003431   Thumb Code    18  at32f403a_407_can.o(i.can_interrupt_enable)
    can_message_receive                      0x08003443   Thumb Code   240  at32f403a_407_can.o(i.can_message_receive)
    can_receive_fifo_release                 0x08003533   Thumb Code    26  at32f403a_407_can.o(i.can_receive_fifo_release)
    crm_adc_clock_div_set                    0x08003591   Thumb Code    28  at32f403a_407_crm.o(i.crm_adc_clock_div_set)
    crm_ahb_div_set                          0x080035b1   Thumb Code    14  at32f403a_407_crm.o(i.crm_ahb_div_set)
    crm_apb1_div_set                         0x080035c5   Thumb Code    14  at32f403a_407_crm.o(i.crm_apb1_div_set)
    crm_apb2_div_set                         0x080035d9   Thumb Code    14  at32f403a_407_crm.o(i.crm_apb2_div_set)
    crm_auto_step_mode_enable                0x080035ed   Thumb Code    34  at32f403a_407_crm.o(i.crm_auto_step_mode_enable)
    crm_clock_source_enable                  0x08003615   Thumb Code    90  at32f403a_407_crm.o(i.crm_clock_source_enable)
    crm_clocks_freq_get                      0x08003675   Thumb Code   268  at32f403a_407_crm.o(i.crm_clocks_freq_get)
    crm_flag_get                             0x080037a1   Thumb Code    42  at32f403a_407_crm.o(i.crm_flag_get)
    crm_hext_stable_wait                     0x080037d1   Thumb Code    46  at32f403a_407_crm.o(i.crm_hext_stable_wait)
    crm_periph_clock_enable                  0x08003801   Thumb Code    62  at32f403a_407_crm.o(i.crm_periph_clock_enable)
    crm_pll_config                           0x08003845   Thumb Code   118  at32f403a_407_crm.o(i.crm_pll_config)
    crm_reset                                0x080038c1   Thumb Code    80  at32f403a_407_crm.o(i.crm_reset)
    crm_sysclk_switch                        0x08003919   Thumb Code    54  at32f403a_407_crm.o(i.crm_sysclk_switch)
    crm_sysclk_switch_status_get             0x08003955   Thumb Code    10  at32f403a_407_crm.o(i.crm_sysclk_switch_status_get)
    delay_init                               0x08003965   Thumb Code    38  delay.o(i.delay_init)
    delay_ms                                 0x0800399d   Thumb Code   110  delay.o(i.delay_ms)
    dma_channel_enable                       0x08003a11   Thumb Code    10  at32f403a_407_dma.o(i.dma_channel_enable)
    dma_default_para_init                    0x08003a1b   Thumb Code    24  at32f403a_407_dma.o(i.dma_default_para_init)
    dma_flag_clear                           0x08003a35   Thumb Code    22  at32f403a_407_dma.o(i.dma_flag_clear)
    dma_flag_get                             0x08003a55   Thumb Code    36  at32f403a_407_dma.o(i.dma_flag_get)
    dma_flexible_config                      0x08003a81   Thumb Code   152  at32f403a_407_dma.o(i.dma_flexible_config)
    dma_init                                 0x08003b19   Thumb Code    92  at32f403a_407_dma.o(i.dma_init)
    dma_interrupt_enable                     0x08003b75   Thumb Code    18  at32f403a_407_dma.o(i.dma_interrupt_enable)
    dma_interrupt_flag_get                   0x08003b89   Thumb Code    36  at32f403a_407_dma.o(i.dma_interrupt_flag_get)
    dma_reset                                0x08003bb5   Thumb Code   102  at32f403a_407_dma.o(i.dma_reset)
    first_get                                0x08003db1   Thumb Code   100  foc.o(i.first_get)
    fputc                                    0x08003e21   Thumb Code    46  usart_1.o(i.fputc)
    free                                     0x08003e55   Thumb Code    76  malloc.o(i.free)
    frexp                                    0x08003ea9   Thumb Code   118  frexp.o(i.frexp)
    gpio_bits_reset                          0x08003fb9   Thumb Code     4  at32f403a_407_gpio.o(i.gpio_bits_reset)
    gpio_bits_set                            0x08003fbd   Thumb Code     4  at32f403a_407_gpio.o(i.gpio_bits_set)
    gpio_default_para_init                   0x08003fc1   Thumb Code    22  at32f403a_407_gpio.o(i.gpio_default_para_init)
    gpio_init                                0x08003fd7   Thumb Code   168  at32f403a_407_gpio.o(i.gpio_init)
    gpio_pin_remap_config                    0x08004081   Thumb Code    70  at32f403a_407_gpio.o(i.gpio_pin_remap_config)
    main                                     0x080041c5   Thumb Code   738  main.o(i.main)
    malloc                                   0x08004519   Thumb Code    92  malloc.o(i.malloc)
    nvic_irq_enable                          0x08004585   Thumb Code   190  at32f403a_407_misc.o(i.nvic_irq_enable)
    nvic_priority_group_config               0x0800464d   Thumb Code    32  at32f403a_407_misc.o(i.nvic_priority_group_config)
    parse_and_set_pid                        0x080046e1   Thumb Code   282  usart_1.o(i.parse_and_set_pid)
    spi_crc_enable                           0x08004a65   Thumb Code    10  at32f403a_407_spi.o(i.spi_crc_enable)
    spi_crc_polynomial_set                   0x08004a6f   Thumb Code    10  at32f403a_407_spi.o(i.spi_crc_polynomial_set)
    spi_default_para_init                    0x08004a79   Thumb Code    22  at32f403a_407_spi.o(i.spi_default_para_init)
    spi_enable                               0x08004a8f   Thumb Code    10  at32f403a_407_spi.o(i.spi_enable)
    spi_i2s_data_transmit                    0x08004a99   Thumb Code     4  at32f403a_407_spi.o(i.spi_i2s_data_transmit)
    spi_i2s_dma_receiver_enable              0x08004a9d   Thumb Code    10  at32f403a_407_spi.o(i.spi_i2s_dma_receiver_enable)
    spi_i2s_dma_transmitter_enable           0x08004aa7   Thumb Code    10  at32f403a_407_spi.o(i.spi_i2s_dma_transmitter_enable)
    spi_i2s_flag_get                         0x08004ab1   Thumb Code    16  at32f403a_407_spi.o(i.spi_i2s_flag_get)
    spi_init                                 0x08004ac1   Thumb Code   292  at32f403a_407_spi.o(i.spi_init)
    system_core_clock_update                 0x08004cb9   Thumb Code   222  system_at32f403a_407.o(i.system_core_clock_update)
    systick_clock_source_config              0x08004db1   Thumb Code    40  at32f403a_407_misc.o(i.systick_clock_source_config)
    tmr_base_init                            0x08004dd9   Thumb Code    16  at32f403a_407_tmr.o(i.tmr_base_init)
    tmr_channel_value_set                    0x08004de9   Thumb Code    40  at32f403a_407_tmr.o(i.tmr_channel_value_set)
    tmr_clock_source_div_set                 0x08004e11   Thumb Code    10  at32f403a_407_tmr.o(i.tmr_clock_source_div_set)
    tmr_cnt_dir_set                          0x08004e1b   Thumb Code    10  at32f403a_407_tmr.o(i.tmr_cnt_dir_set)
    tmr_counter_enable                       0x08004e25   Thumb Code    10  at32f403a_407_tmr.o(i.tmr_counter_enable)
    tmr_flag_clear                           0x08004e2f   Thumb Code     6  at32f403a_407_tmr.o(i.tmr_flag_clear)
    tmr_interrupt_enable                     0x08004e35   Thumb Code    22  at32f403a_407_tmr.o(i.tmr_interrupt_enable)
    tmr_output_channel_buffer_enable         0x08004e4b   Thumb Code    66  at32f403a_407_tmr.o(i.tmr_output_channel_buffer_enable)
    tmr_output_channel_config                0x08004e8d   Thumb Code   416  at32f403a_407_tmr.o(i.tmr_output_channel_config)
    tmr_output_channel_immediately_set       0x0800502d   Thumb Code    66  at32f403a_407_tmr.o(i.tmr_output_channel_immediately_set)
    tmr_period_buffer_enable                 0x0800506f   Thumb Code    10  at32f403a_407_tmr.o(i.tmr_period_buffer_enable)
    tmr_primary_mode_select                  0x08005079   Thumb Code    10  at32f403a_407_tmr.o(i.tmr_primary_mode_select)
    tmr_sub_sync_mode_set                    0x08005083   Thumb Code    10  at32f403a_407_tmr.o(i.tmr_sub_sync_mode_set)
    usart_data_transmit                      0x0800508d   Thumb Code     8  at32f403a_407_usart.o(i.usart_data_transmit)
    usart_dma_receiver_enable                0x08005095   Thumb Code    10  at32f403a_407_usart.o(i.usart_dma_receiver_enable)
    usart_dma_transmitter_enable             0x0800509f   Thumb Code    10  at32f403a_407_usart.o(i.usart_dma_transmitter_enable)
    usart_enable                             0x080050a9   Thumb Code    10  at32f403a_407_usart.o(i.usart_enable)
    usart_flag_clear                         0x080050b3   Thumb Code    18  at32f403a_407_usart.o(i.usart_flag_clear)
    usart_flag_get                           0x080050c5   Thumb Code    16  at32f403a_407_usart.o(i.usart_flag_get)
    usart_hardware_flow_control_set          0x080050d5   Thumb Code   102  at32f403a_407_usart.o(i.usart_hardware_flow_control_set)
    usart_init                               0x0800513d   Thumb Code   114  at32f403a_407_usart.o(i.usart_init)
    usart_interrupt_enable                   0x080051bd   Thumb Code    54  at32f403a_407_usart.o(i.usart_interrupt_enable)
    usart_interrupt_flag_get                 0x080051f3   Thumb Code   176  at32f403a_407_usart.o(i.usart_interrupt_flag_get)
    usart_parity_selection_config            0x080052a3   Thumb Code    76  at32f403a_407_usart.o(i.usart_parity_selection_config)
    usart_receiver_enable                    0x080052ef   Thumb Code    10  at32f403a_407_usart.o(i.usart_receiver_enable)
    usart_transmitter_enable                 0x080052f9   Thumb Code    10  at32f403a_407_usart.o(i.usart_transmitter_enable)
    usartdmarecv                             0x08005305   Thumb Code    60  usart_1.o(i.usartdmarecv)
    wk_adc1_init                             0x0800534d   Thumb Code   188  wk_adc.o(i.wk_adc1_init)
    wk_adc3_init                             0x08005411   Thumb Code   182  wk_adc.o(i.wk_adc3_init)
    wk_can1_init                             0x080054d1   Thumb Code   292  wk_can.o(i.wk_can1_init)
    wk_debug_config                          0x080055fd   Thumb Code    12  wk_debug.o(i.wk_debug_config)
    wk_dma1_channel1_init                    0x0800560d   Thumb Code    78  wk_dma.o(i.wk_dma1_channel1_init)
    wk_dma1_channel2_init                    0x08005661   Thumb Code    78  wk_dma.o(i.wk_dma1_channel2_init)
    wk_dma1_channel3_init                    0x080056b5   Thumb Code    78  wk_dma.o(i.wk_dma1_channel3_init)
    wk_dma1_channel4_init                    0x08005709   Thumb Code    80  wk_dma.o(i.wk_dma1_channel4_init)
    wk_dma1_channel5_init                    0x0800575d   Thumb Code    78  wk_dma.o(i.wk_dma1_channel5_init)
    wk_dma1_channel6_init                    0x080057b1   Thumb Code    80  wk_dma.o(i.wk_dma1_channel6_init)
    wk_dma1_channel7_init                    0x08005805   Thumb Code    80  wk_dma.o(i.wk_dma1_channel7_init)
    wk_dma2_channel1_init                    0x08005859   Thumb Code    78  wk_dma.o(i.wk_dma2_channel1_init)
    wk_dma_channel_config                    0x080058ad   Thumb Code     8  wk_dma.o(i.wk_dma_channel_config)
    wk_gpio_config                           0x080058b5   Thumb Code   106  wk_gpio.o(i.wk_gpio_config)
    wk_nvic_config                           0x08005929   Thumb Code   282  at32f403a_407_wk_config.o(i.wk_nvic_config)
    wk_periph_clock_config                   0x08005a45   Thumb Code   158  at32f403a_407_wk_config.o(i.wk_periph_clock_config)
    wk_spi1_init                             0x08005af1   Thumb Code   214  wk_spi.o(i.wk_spi1_init)
    wk_spi2_init                             0x08005bd1   Thumb Code   216  wk_spi.o(i.wk_spi2_init)
    wk_system_clock_config                   0x08005cb1   Thumb Code   146  at32f403a_407_wk_config.o(i.wk_system_clock_config)
    wk_timebase_init                         0x08005d49   Thumb Code    58  wk_system.o(i.wk_timebase_init)
    wk_tmr2_init                             0x08005d8d   Thumb Code   542  wk_tmr.o(i.wk_tmr2_init)
    wk_tmr4_init                             0x08005fb9   Thumb Code   514  wk_tmr.o(i.wk_tmr4_init)
    wk_tmr5_init                             0x080061c5   Thumb Code    64  wk_tmr.o(i.wk_tmr5_init)
    wk_usart1_init                           0x08006209   Thumb Code   150  wk_usart.o(i.wk_usart1_init)
    wk_usart3_init                           0x080062ad   Thumb Code   136  wk_usart.o(i.wk_usart3_init)
    __ctype_table                            0x08006374   Data         129  ctype_o.o(.constdata)
    Region$$Table$$Base                      0x0800671c   Number         0  anon$$obj.o(Region$$Table)
    Region$$Table$$Limit                     0x0800673c   Number         0  anon$$obj.o(Region$$Table)
    ticks_count_us                           0x20000008   Data           4  wk_system.o(.data)
    system_core_clock                        0x2000000c   Data           4  system_at32f403a_407.o(.data)
    usart1_tx_dma_status                     0x20000018   Data           1  usart_1.o(.data)
    usart1_rx_dma_status                     0x20000019   Data           1  usart_1.o(.data)
    rx1_flag                                 0x2000001a   Data           1  usart_1.o(.data)
    mt6701_1                                 0x2000001c   Data          28  mt6701.o(.data)
    mt6701_2                                 0x20000038   Data          28  mt6701.o(.data)
    Motor1_AD_Value                          0x20000054   Data           4  foc.o(.data)
    Motor2_AD_Value                          0x20000058   Data           4  foc.o(.data)
    Motor_1                                  0x2000005c   Data         220  foc.o(.data)
    PMotor_1                                 0x20000138   Data           4  foc.o(.data)
    Motor_2                                  0x2000013c   Data         220  foc.o(.data)
    PMotor_2                                 0x20000218   Data           4  foc.o(.data)
    led_gpio_port                            0x2000021c   Data           4  led.o(.data)
    led_gpio_pin                             0x20000220   Data           2  led.o(.data)
    PM1_LPF                                  0x20000224   Data           4  filter.o(.data)
    PM2_LPF                                  0x20000228   Data           4  filter.o(.data)
    M1_LPF_Speed                             0x2000022c   Data           8  filter.o(.data)
    PM1_LPF_Speed                            0x20000234   Data           4  filter.o(.data)
    M2_LPF_Speed                             0x20000238   Data           8  filter.o(.data)
    PM2_LPF_Speed                            0x20000240   Data           4  filter.o(.data)
    SVpwm_1                                  0x20000244   Data          76  svpwm.o(.data)
    PSVpwm_1                                 0x20000290   Data           4  svpwm.o(.data)
    SVpwm_2                                  0x20000294   Data          76  svpwm.o(.data)
    PSVpwm_2                                 0x200002e0   Data           4  svpwm.o(.data)
    __stdout                                 0x200002e4   Data           4  stdout.o(.data)
    __microlib_freelist                      0x200002e8   Data           4  mvars.o(.data)
    __microlib_freelist_initialised          0x200002ec   Data           4  mvars.o(.data)
    uart1_tx_buffer                          0x200002f4   Data          16  usart_1.o(.bss)
    uart1_rx_buffer                          0x20000304   Data          64  usart_1.o(.bss)
    pid_params_1                             0x20000344   Data          24  usart_1.o(.bss)
    pid_params_2                             0x2000035c   Data          24  usart_1.o(.bss)
    M1_LPF                                   0x20000374   Data          16  filter.o(.bss)
    M2_LPF                                   0x20000384   Data          16  filter.o(.bss)
    __heap_base                              0x20000398   Data           0  startup_at32f403a_407.o(HEAP)
    __heap_limit                             0x20000598   Data           0  startup_at32f403a_407.o(HEAP)
    __initial_sp                             0x20000998   Data           0  startup_at32f403a_407.o(STACK)



==============================================================================

Memory Map of the image

  Image Entry point : 0x08000185

  Load Region LR_IROM1 (Base: 0x08000000, Size: 0x00006a30, Max: 0x00100000, ABSOLUTE, COMPRESSED[0x0000679c])

    Execution Region ER_IROM1 (Exec base: 0x08000000, Load base: 0x08000000, Size: 0x0000673c, Max: 0x00100000, ABSOLUTE)

    Exec Addr    Load Addr    Size         Type   Attr      Idx    E Section Name        Object

    0x08000000   0x08000000   0x00000184   Data   RO         2705    RESET               startup_at32f403a_407.o
    0x08000184   0x08000184   0x00000000   Code   RO         3306  * .ARM.Collect$$$$00000000  mc_w.l(entry.o)
    0x08000184   0x08000184   0x00000004   Code   RO         3634    .ARM.Collect$$$$00000001  mc_w.l(entry2.o)
    0x08000188   0x08000188   0x00000004   Code   RO         3637    .ARM.Collect$$$$00000004  mc_w.l(entry5.o)
    0x0800018c   0x0800018c   0x00000000   Code   RO         3639    .ARM.Collect$$$$00000008  mc_w.l(entry7b.o)
    0x0800018c   0x0800018c   0x00000000   Code   RO         3641    .ARM.Collect$$$$0000000A  mc_w.l(entry8b.o)
    0x0800018c   0x0800018c   0x00000008   Code   RO         3642    .ARM.Collect$$$$0000000B  mc_w.l(entry9a.o)
    0x08000194   0x08000194   0x00000004   Code   RO         3649    .ARM.Collect$$$$0000000E  mc_w.l(entry12b.o)
    0x08000198   0x08000198   0x00000000   Code   RO         3644    .ARM.Collect$$$$0000000F  mc_w.l(entry10a.o)
    0x08000198   0x08000198   0x00000000   Code   RO         3646    .ARM.Collect$$$$00000011  mc_w.l(entry11a.o)
    0x08000198   0x08000198   0x00000004   Code   RO         3635    .ARM.Collect$$$$00002712  mc_w.l(entry2.o)
    0x0800019c   0x0800019c   0x00000024   Code   RO         2706    .text               startup_at32f403a_407.o
    0x080001c0   0x080001c0   0x00000024   Code   RO         3309    .text               mc_w.l(strstr.o)
    0x080001e4   0x080001e4   0x00000018   Code   RO         3311    .text               mc_w.l(strncpy.o)
    0x080001fc   0x080001fc   0x00000014   Code   RO         3313    .text               mc_w.l(strchr.o)
    0x08000210   0x08000210   0x0000000e   Code   RO         3315    .text               mc_w.l(strlen.o)
    0x0800021e   0x0800021e   0x0000001c   Code   RO         3317    .text               mc_w.l(strcmp.o)
    0x0800023a   0x0800023a   0x00000070   Code   RO         3608    .text               mc_w.l(strtol.o)
    0x080002aa   0x080002aa   0x00000026   Code   RO         3612    .text               mf_w.l(f2d.o)
    0x080002d0   0x080002d0   0x00000030   Code   RO         3614    .text               mf_w.l(cdcmple.o)
    0x08000300   0x08000300   0x00000030   Code   RO         3616    .text               mf_w.l(cdrcmple.o)
    0x08000330   0x08000330   0x00000038   Code   RO         3618    .text               mf_w.l(d2f.o)
    0x08000368   0x08000368   0x0000002c   Code   RO         3651    .text               mc_w.l(uidiv.o)
    0x08000394   0x08000394   0x00000062   Code   RO         3653    .text               mc_w.l(uldiv.o)
    0x080003f6   0x080003f6   0x00000002   PAD
    0x080003f8   0x080003f8   0x00000008   Code   RO         3655    .text               mc_w.l(ctype_o.o)
    0x08000400   0x08000400   0x00000012   Code   RO         3677    .text               mc_w.l(isspace_o.o)
    0x08000412   0x08000412   0x0000009e   Code   RO         3696    .text               mc_w.l(_strtoul.o)
    0x080004b0   0x080004b0   0x0000001a   Code   RO         3698    .text               mc_w.l(strtof.o)
    0x080004ca   0x080004ca   0x00000000   Code   RO         3700    .text               mc_w.l(iusefp.o)
    0x080004ca   0x080004ca   0x0000006e   Code   RO         3701    .text               mf_w.l(fepilogue.o)
    0x08000538   0x08000538   0x0000014e   Code   RO         3703    .text               mf_w.l(dadd.o)
    0x08000686   0x08000686   0x000000e4   Code   RO         3705    .text               mf_w.l(dmul.o)
    0x0800076a   0x0800076a   0x000000de   Code   RO         3707    .text               mf_w.l(ddiv.o)
    0x08000848   0x08000848   0x00000086   Code   RO         3709    .text               mf_w.l(drem.o)
    0x080008ce   0x080008ce   0x00000030   Code   RO         3711    .text               mf_w.l(dfixul.o)
    0x080008fe   0x080008fe   0x00000002   PAD
    0x08000900   0x08000900   0x00000024   Code   RO         3721    .text               mc_w.l(init.o)
    0x08000924   0x08000924   0x0000001e   Code   RO         3723    .text               mc_w.l(llshl.o)
    0x08000942   0x08000942   0x00000020   Code   RO         3725    .text               mc_w.l(llushr.o)
    0x08000962   0x08000962   0x00000024   Code   RO         3727    .text               mc_w.l(llsshr.o)
    0x08000986   0x08000986   0x0000001c   Code   RO         3729    .text               mc_w.l(_chval.o)
    0x080009a2   0x080009a2   0x00000002   PAD
    0x080009a4   0x080009a4   0x0000009c   Code   RO         3731    .text               mc_w.l(strtod.o)
    0x08000a40   0x08000a40   0x000000ba   Code   RO         3733    .text               mf_w.l(depilogue.o)
    0x08000afa   0x08000afa   0x00000002   PAD
    0x08000afc   0x08000afc   0x00000360   Code   RO         3743    .text               mc_w.l(scanf_fp.o)
    0x08000e5c   0x08000e5c   0x00000040   Code   RO         3747    .text               mc_w.l(_sgetc.o)
    0x08000e9c   0x08000e9c   0x00000004   Code   RO         3749    .text               mf_w.l(fpstat.o)
    0x08000ea0   0x08000ea0   0x00000018   Code   RO         3754    .text               mf_w.l(dfltul.o)
    0x08000eb8   0x08000eb8   0x00000056   Code   RO         3764    .text               mc_w.l(__dczerorl2.o)
    0x08000f0e   0x08000f0e   0x00000002   PAD
    0x08000f10   0x08000f10   0x00000064   Code   RO         2885    i.Angle_limit       foc.o
    0x08000f74   0x08000f74   0x00000004   Code   RO          223    i.BusFault_Handler  at32f403a_407_int.o
    0x08000f78   0x08000f78   0x00000002   Code   RO          224    i.CAN1_SE_IRQHandler  at32f403a_407_int.o
    0x08000f7a   0x08000f7a   0x00000002   PAD
    0x08000f7c   0x08000f7c   0x00000088   Code   RO         3197    i.CalculateSpeed    speed_control.o
    0x08001004   0x08001004   0x0000015a   Code   RO         3243    i.CurrentPIControlID  current_control.o
    0x0800115e   0x0800115e   0x00000166   Code   RO         3244    i.CurrentPIControlIQ  current_control.o
    0x080012c4   0x080012c4   0x00000030   Code   RO          225    i.DMA1_Channel1_IRQHandler  at32f403a_407_int.o
    0x080012f4   0x080012f4   0x00000030   Code   RO          226    i.DMA1_Channel2_IRQHandler  at32f403a_407_int.o
    0x08001324   0x08001324   0x00000040   Code   RO          227    i.DMA1_Channel3_IRQHandler  at32f403a_407_int.o
    0x08001364   0x08001364   0x00000040   Code   RO          228    i.DMA1_Channel5_IRQHandler  at32f403a_407_int.o
    0x080013a4   0x080013a4   0x0000002c   Code   RO          229    i.DMA1_Channel7_IRQHandler  at32f403a_407_int.o
    0x080013d0   0x080013d0   0x00000002   Code   RO          230    i.DebugMon_Handler  at32f403a_407_int.o
    0x080013d2   0x080013d2   0x00000002   PAD
    0x080013d4   0x080013d4   0x00000124   Code   RO         2886    i.FocContorl        foc.o
    0x080014f8   0x080014f8   0x00000004   Code   RO          231    i.HardFault_Handler  at32f403a_407_int.o
    0x080014fc   0x080014fc   0x00000060   Code   RO         3060    i.LPF_Init          filter.o
    0x0800155c   0x0800155c   0x00000054   Code   RO         3061    i.LPF_Speed_Init    filter.o
    0x080015b0   0x080015b0   0x00000022   Code   RO         3062    i.LPF_Speed_Update  filter.o
    0x080015d2   0x080015d2   0x00000042   Code   RO         3063    i.LPF_Update        filter.o
    0x08001614   0x08001614   0x00000030   Code   RO         2887    i.M1_adc_tigger     foc.o
    0x08001644   0x08001644   0x0000002c   Code   RO         2888    i.M2_adc_tigger     foc.o
    0x08001670   0x08001670   0x00000080   Code   RO         2849    i.MT6701_GetAngle   mt6701.o
    0x080016f0   0x080016f0   0x00000038   Code   RO         2850    i.MT6701_StartRead  mt6701.o
    0x08001728   0x08001728   0x00000004   Code   RO          232    i.MemManage_Handler  at32f403a_407_int.o
    0x0800172c   0x0800172c   0x00000002   Code   RO          233    i.NMI_Handler       at32f403a_407_int.o
    0x0800172e   0x0800172e   0x00000040   Code   RO          168    i.NVIC_EncodePriority  at32f403a_407_wk_config.o
    0x0800176e   0x0800176e   0x00000002   Code   RO          234    i.PendSV_Handler    at32f403a_407_int.o
    0x08001770   0x08001770   0x000001b8   Code   RO         3109    i.Product_Overview  log.o
    0x08001928   0x08001928   0x00000002   Code   RO          235    i.SVC_Handler       at32f403a_407_int.o
    0x0800192a   0x0800192a   0x00000002   PAD
    0x0800192c   0x0800192c   0x00000524   Code   RO         3167    i.SVpwm             svpwm.o
    0x08001e50   0x08001e50   0x00000022   Code   RO         3245    i.SetCurrentPIDParams  current_control.o
    0x08001e72   0x08001e72   0x0000000a   Code   RO         3246    i.SetCurrentPIDTar  current_control.o
    0x08001e7c   0x08001e7c   0x00000012   Code   RO         3198    i.SetSpeedPIDParams  speed_control.o
    0x08001e8e   0x08001e8e   0x00000006   Code   RO         3199    i.SetSpeedPIDTar    speed_control.o
    0x08001e94   0x08001e94   0x0000015e   Code   RO         3200    i.SpeedPIControl    speed_control.o
    0x08001ff2   0x08001ff2   0x00000002   Code   RO          236    i.SysTick_Handler   at32f403a_407_int.o
    0x08001ff4   0x08001ff4   0x00000070   Code   RO         2713    i.SystemInit        system_at32f403a_407.o
    0x08002064   0x08002064   0x00000070   Code   RO          237    i.TMR5_GLOBAL_IRQHandler  at32f403a_407_int.o
    0x080020d4   0x080020d4   0x00000030   Code   RO          238    i.USART1_IRQHandler  at32f403a_407_int.o
    0x08002104   0x08002104   0x00000064   Code   RO         2794    i.USART1_SendFloatArray  usart_1.o
    0x08002168   0x08002168   0x0000004c   Code   RO          239    i.USBFS_L_CAN1_RX0_IRQHandler  at32f403a_407_int.o
    0x080021b4   0x080021b4   0x00000004   Code   RO          240    i.UsageFault_Handler  at32f403a_407_int.o
    0x080021b8   0x080021b8   0x00000020   Code   RO         3552    i.__0printf         mc_w.l(printfa.o)
    0x080021d8   0x080021d8   0x00000010   Code   RO          169    i.__NVIC_GetPriorityGrouping  at32f403a_407_wk_config.o
    0x080021e8   0x080021e8   0x00000028   Code   RO          170    i.__NVIC_SetPriority  at32f403a_407_wk_config.o
    0x08002210   0x08002210   0x00000008   Code   RO         3689    i.__aeabi_errno_addr  mc_w.l(errno.o)
    0x08002218   0x08002218   0x000000f8   Code   RO         3713    i.__hardfp___mathlib_tofloat  m_wm.l(narrow.o)
    0x08002310   0x08002310   0x00000014   Code   RO         3282    i.__hardfp_fabs     m_wm.l(fabs.o)
    0x08002324   0x08002324   0x00000104   Code   RO         3288    i.__hardfp_fmod     m_wm.l(fmod.o)
    0x08002428   0x08002428   0x00000020   Code   RO         3300    i.__hardfp_strtof   m_wm.l(strtof.o)
    0x08002448   0x08002448   0x00000020   Code   RO         3623    i.__mathlib_dbl_invalid  m_wm.l(dunder.o)
    0x08002468   0x08002468   0x00000012   Code   RO         3714    i.__mathlib_narrow  m_wm.l(narrow.o)
    0x0800247a   0x0800247a   0x0000000e   Code   RO         3758    i.__scatterload_copy  mc_w.l(handlers.o)
    0x08002488   0x08002488   0x00000002   Code   RO         3759    i.__scatterload_null  mc_w.l(handlers.o)
    0x0800248a   0x0800248a   0x0000000e   Code   RO         3760    i.__scatterload_zeroinit  mc_w.l(handlers.o)
    0x08002498   0x08002498   0x0000000c   Code   RO         3691    i.__set_errno       mc_w.l(errno.o)
    0x080024a4   0x080024a4   0x0000004c   Code   RO         2889    i._electricalAngle  foc.o
    0x080024f0   0x080024f0   0x00000184   Code   RO         3559    i._fp_digits        mc_w.l(printfa.o)
    0x08002674   0x08002674   0x0000000e   Code   RO         3745    i._is_digit         mc_w.l(scanf_fp.o)
    0x08002682   0x08002682   0x00000002   PAD
    0x08002684   0x08002684   0x000006b4   Code   RO         3560    i._printf_core      mc_w.l(printfa.o)
    0x08002d38   0x08002d38   0x00000024   Code   RO         3561    i._printf_post_padding  mc_w.l(printfa.o)
    0x08002d5c   0x08002d5c   0x0000002e   Code   RO         3562    i._printf_pre_padding  mc_w.l(printfa.o)
    0x08002d8a   0x08002d8a   0x0000002c   Code   RO         1669    i.adc_base_config   at32f403a_407_adc.o
    0x08002db6   0x08002db6   0x0000000e   Code   RO         1670    i.adc_base_default_para_init  at32f403a_407_adc.o
    0x08002dc4   0x08002dc4   0x0000000c   Code   RO         1671    i.adc_calibration_init  at32f403a_407_adc.o
    0x08002dd0   0x08002dd0   0x00000012   Code   RO         1672    i.adc_calibration_init_status_get  at32f403a_407_adc.o
    0x08002de2   0x08002de2   0x0000000c   Code   RO         1673    i.adc_calibration_start  at32f403a_407_adc.o
    0x08002dee   0x08002dee   0x00000012   Code   RO         1674    i.adc_calibration_status_get  at32f403a_407_adc.o
    0x08002e00   0x08002e00   0x00000014   Code   RO         1675    i.adc_combine_mode_select  at32f403a_407_adc.o
    0x08002e14   0x08002e14   0x0000000a   Code   RO         1677    i.adc_dma_mode_enable  at32f403a_407_adc.o
    0x08002e1e   0x08002e1e   0x0000000a   Code   RO         1678    i.adc_enable        at32f403a_407_adc.o
    0x08002e28   0x08002e28   0x000000a8   Code   RO         1683    i.adc_ordinary_channel_set  at32f403a_407_adc.o
    0x08002ed0   0x08002ed0   0x00000034   Code   RO         1685    i.adc_ordinary_conversion_trigger_set  at32f403a_407_adc.o
    0x08002f04   0x08002f04   0x0000000a   Code   RO         1687    i.adc_ordinary_part_mode_enable  at32f403a_407_adc.o
    0x08002f0e   0x08002f0e   0x00000002   PAD
    0x08002f10   0x08002f10   0x00000138   Code   RO         2890    i.angle_init        foc.o
    0x08003048   0x08003048   0x00000034   Code   RO         3030    i.at32_led_toggle   led.o
    0x0800307c   0x0800307c   0x000000bc   Code   RO         2508    i.can_base_init     at32f403a_407_can.o
    0x08003138   0x08003138   0x00000092   Code   RO         2510    i.can_baudrate_set  at32f403a_407_can.o
    0x080031ca   0x080031ca   0x00000012   Code   RO         2512    i.can_default_para_init  at32f403a_407_can.o
    0x080031dc   0x080031dc   0x00000164   Code   RO         2517    i.can_filter_init   at32f403a_407_can.o
    0x08003340   0x08003340   0x000000f0   Code   RO         2519    i.can_flag_get      at32f403a_407_can.o
    0x08003430   0x08003430   0x00000012   Code   RO         2520    i.can_interrupt_enable  at32f403a_407_can.o
    0x08003442   0x08003442   0x000000f0   Code   RO         2522    i.can_message_receive  at32f403a_407_can.o
    0x08003532   0x08003532   0x0000001a   Code   RO         2526    i.can_receive_fifo_release  at32f403a_407_can.o
    0x0800354c   0x0800354c   0x00000044   Code   RO         2891    i.clarke_transform  foc.o
    0x08003590   0x08003590   0x00000020   Code   RO          672    i.crm_adc_clock_div_set  at32f403a_407_crm.o
    0x080035b0   0x080035b0   0x00000014   Code   RO          673    i.crm_ahb_div_set   at32f403a_407_crm.o
    0x080035c4   0x080035c4   0x00000014   Code   RO          674    i.crm_apb1_div_set  at32f403a_407_crm.o
    0x080035d8   0x080035d8   0x00000014   Code   RO          675    i.crm_apb2_div_set  at32f403a_407_crm.o
    0x080035ec   0x080035ec   0x00000028   Code   RO          676    i.crm_auto_step_mode_enable  at32f403a_407_crm.o
    0x08003614   0x08003614   0x00000060   Code   RO          682    i.crm_clock_source_enable  at32f403a_407_crm.o
    0x08003674   0x08003674   0x0000012c   Code   RO          683    i.crm_clocks_freq_get  at32f403a_407_crm.o
    0x080037a0   0x080037a0   0x00000030   Code   RO          685    i.crm_flag_get      at32f403a_407_crm.o
    0x080037d0   0x080037d0   0x0000002e   Code   RO          688    i.crm_hext_stable_wait  at32f403a_407_crm.o
    0x080037fe   0x080037fe   0x00000002   PAD
    0x08003800   0x08003800   0x00000044   Code   RO          696    i.crm_periph_clock_enable  at32f403a_407_crm.o
    0x08003844   0x08003844   0x0000007c   Code   RO          699    i.crm_pll_config    at32f403a_407_crm.o
    0x080038c0   0x080038c0   0x00000058   Code   RO          700    i.crm_reset         at32f403a_407_crm.o
    0x08003918   0x08003918   0x0000003c   Code   RO          703    i.crm_sysclk_switch  at32f403a_407_crm.o
    0x08003954   0x08003954   0x00000010   Code   RO          704    i.crm_sysclk_switch_status_get  at32f403a_407_crm.o
    0x08003964   0x08003964   0x00000038   Code   RO         2750    i.delay_init        delay.o
    0x0800399c   0x0800399c   0x00000074   Code   RO         2751    i.delay_ms          delay.o
    0x08003a10   0x08003a10   0x0000000a   Code   RO         2059    i.dma_channel_enable  at32f403a_407_dma.o
    0x08003a1a   0x08003a1a   0x00000018   Code   RO         2062    i.dma_default_para_init  at32f403a_407_dma.o
    0x08003a32   0x08003a32   0x00000002   PAD
    0x08003a34   0x08003a34   0x00000020   Code   RO         2063    i.dma_flag_clear    at32f403a_407_dma.o
    0x08003a54   0x08003a54   0x0000002c   Code   RO         2064    i.dma_flag_get      at32f403a_407_dma.o
    0x08003a80   0x08003a80   0x00000098   Code   RO         2065    i.dma_flexible_config  at32f403a_407_dma.o
    0x08003b18   0x08003b18   0x0000005c   Code   RO         2066    i.dma_init          at32f403a_407_dma.o
    0x08003b74   0x08003b74   0x00000012   Code   RO         2067    i.dma_interrupt_enable  at32f403a_407_dma.o
    0x08003b86   0x08003b86   0x00000002   PAD
    0x08003b88   0x08003b88   0x0000002c   Code   RO         2068    i.dma_interrupt_flag_get  at32f403a_407_dma.o
    0x08003bb4   0x08003bb4   0x00000070   Code   RO         2069    i.dma_reset         at32f403a_407_dma.o
    0x08003c24   0x08003c24   0x000000c4   Code   RO         2892    i.fast_cos          foc.o
    0x08003ce8   0x08003ce8   0x000000c8   Code   RO         2893    i.fast_sin          foc.o
    0x08003db0   0x08003db0   0x00000070   Code   RO         2894    i.first_get         foc.o
    0x08003e20   0x08003e20   0x00000034   Code   RO         2795    i.fputc             usart_1.o
    0x08003e54   0x08003e54   0x00000050   Code   RO         3580    i.free              mc_w.l(malloc.o)
    0x08003ea4   0x08003ea4   0x00000004   PAD
    0x08003ea8   0x08003ea8   0x0000008c   Code   RO         3737    i.frexp             m_wm.l(frexp.o)
    0x08003f34   0x08003f34   0x00000084   Code   RO         2895    i.getCorrectedElectricalAngle  foc.o
    0x08003fb8   0x08003fb8   0x00000004   Code   RO         1261    i.gpio_bits_reset   at32f403a_407_gpio.o
    0x08003fbc   0x08003fbc   0x00000004   Code   RO         1262    i.gpio_bits_set     at32f403a_407_gpio.o
    0x08003fc0   0x08003fc0   0x00000016   Code   RO         1264    i.gpio_default_para_init  at32f403a_407_gpio.o
    0x08003fd6   0x08003fd6   0x000000a8   Code   RO         1268    i.gpio_init         at32f403a_407_gpio.o
    0x0800407e   0x0800407e   0x00000002   PAD
    0x08004080   0x08004080   0x0000004c   Code   RO         1274    i.gpio_pin_remap_config  at32f403a_407_gpio.o
    0x080040cc   0x080040cc   0x00000064   Code   RO         2896    i.inv_clarke_transform  foc.o
    0x08004130   0x08004130   0x0000006a   Code   RO         2897    i.inv_park_transform  foc.o
    0x0800419a   0x0800419a   0x0000002a   Code   RO         2898    i.limit             foc.o
    0x080041c4   0x080041c4   0x00000354   Code   RO            4    i.main              main.o
    0x08004518   0x08004518   0x0000006c   Code   RO         3581    i.malloc            mc_w.l(malloc.o)
    0x08004584   0x08004584   0x000000c8   Code   RO         2445    i.nvic_irq_enable   at32f403a_407_misc.o
    0x0800464c   0x0800464c   0x00000028   Code   RO         2447    i.nvic_priority_group_config  at32f403a_407_misc.o
    0x08004674   0x08004674   0x0000006a   Code   RO         2899    i.park_transform    foc.o
    0x080046de   0x080046de   0x00000002   PAD
    0x080046e0   0x080046e0   0x0000017c   Code   RO         2796    i.parse_and_set_pid  usart_1.o
    0x0800485c   0x0800485c   0x00000026   Code   RO         2900    i.setSVpwm          foc.o
    0x08004882   0x08004882   0x00000002   PAD
    0x08004884   0x08004884   0x000000d8   Code   RO         2901    i.setpwm            foc.o
    0x0800495c   0x0800495c   0x00000084   Code   RO         2902    i.setpwm1_channel   foc.o
    0x080049e0   0x080049e0   0x00000084   Code   RO         2903    i.setpwm2_channel   foc.o
    0x08004a64   0x08004a64   0x0000000a   Code   RO         1900    i.spi_crc_enable    at32f403a_407_spi.o
    0x08004a6e   0x08004a6e   0x0000000a   Code   RO         1903    i.spi_crc_polynomial_set  at32f403a_407_spi.o
    0x08004a78   0x08004a78   0x00000016   Code   RO         1905    i.spi_default_para_init  at32f403a_407_spi.o
    0x08004a8e   0x08004a8e   0x0000000a   Code   RO         1906    i.spi_enable        at32f403a_407_spi.o
    0x08004a98   0x08004a98   0x00000004   Code   RO         1911    i.spi_i2s_data_transmit  at32f403a_407_spi.o
    0x08004a9c   0x08004a9c   0x0000000a   Code   RO         1912    i.spi_i2s_dma_receiver_enable  at32f403a_407_spi.o
    0x08004aa6   0x08004aa6   0x0000000a   Code   RO         1913    i.spi_i2s_dma_transmitter_enable  at32f403a_407_spi.o
    0x08004ab0   0x08004ab0   0x00000010   Code   RO         1915    i.spi_i2s_flag_get  at32f403a_407_spi.o
    0x08004ac0   0x08004ac0   0x00000124   Code   RO         1919    i.spi_init          at32f403a_407_spi.o
    0x08004be4   0x08004be4   0x00000034   Code   RO         2904    i.strong_drag       foc.o
    0x08004c18   0x08004c18   0x000000a0   Code   RO         2905    i.strong_drag_Angle  foc.o
    0x08004cb8   0x08004cb8   0x000000f8   Code   RO         2714    i.system_core_clock_update  system_at32f403a_407.o
    0x08004db0   0x08004db0   0x00000028   Code   RO         2450    i.systick_clock_source_config  at32f403a_407_misc.o
    0x08004dd8   0x08004dd8   0x00000010   Code   RO          908    i.tmr_base_init     at32f403a_407_tmr.o
    0x08004de8   0x08004de8   0x00000028   Code   RO          916    i.tmr_channel_value_set  at32f403a_407_tmr.o
    0x08004e10   0x08004e10   0x0000000a   Code   RO          917    i.tmr_clock_source_div_set  at32f403a_407_tmr.o
    0x08004e1a   0x08004e1a   0x0000000a   Code   RO          918    i.tmr_cnt_dir_set   at32f403a_407_tmr.o
    0x08004e24   0x08004e24   0x0000000a   Code   RO          919    i.tmr_counter_enable  at32f403a_407_tmr.o
    0x08004e2e   0x08004e2e   0x00000006   Code   RO          931    i.tmr_flag_clear    at32f403a_407_tmr.o
    0x08004e34   0x08004e34   0x00000016   Code   RO          940    i.tmr_interrupt_enable  at32f403a_407_tmr.o
    0x08004e4a   0x08004e4a   0x00000042   Code   RO          943    i.tmr_output_channel_buffer_enable  at32f403a_407_tmr.o
    0x08004e8c   0x08004e8c   0x000001a0   Code   RO          944    i.tmr_output_channel_config  at32f403a_407_tmr.o
    0x0800502c   0x0800502c   0x00000042   Code   RO          945    i.tmr_output_channel_immediately_set  at32f403a_407_tmr.o
    0x0800506e   0x0800506e   0x0000000a   Code   RO          953    i.tmr_period_buffer_enable  at32f403a_407_tmr.o
    0x08005078   0x08005078   0x0000000a   Code   RO          956    i.tmr_primary_mode_select  at32f403a_407_tmr.o
    0x08005082   0x08005082   0x0000000a   Code   RO          961    i.tmr_sub_sync_mode_set  at32f403a_407_tmr.o
    0x0800508c   0x0800508c   0x00000008   Code   RO         1392    i.usart_data_transmit  at32f403a_407_usart.o
    0x08005094   0x08005094   0x0000000a   Code   RO         1393    i.usart_dma_receiver_enable  at32f403a_407_usart.o
    0x0800509e   0x0800509e   0x0000000a   Code   RO         1394    i.usart_dma_transmitter_enable  at32f403a_407_usart.o
    0x080050a8   0x080050a8   0x0000000a   Code   RO         1395    i.usart_enable      at32f403a_407_usart.o
    0x080050b2   0x080050b2   0x00000012   Code   RO         1396    i.usart_flag_clear  at32f403a_407_usart.o
    0x080050c4   0x080050c4   0x00000010   Code   RO         1397    i.usart_flag_get    at32f403a_407_usart.o
    0x080050d4   0x080050d4   0x00000066   Code   RO         1398    i.usart_hardware_flow_control_set  at32f403a_407_usart.o
    0x0800513a   0x0800513a   0x00000002   PAD
    0x0800513c   0x0800513c   0x00000080   Code   RO         1399    i.usart_init        at32f403a_407_usart.o
    0x080051bc   0x080051bc   0x00000036   Code   RO         1400    i.usart_interrupt_enable  at32f403a_407_usart.o
    0x080051f2   0x080051f2   0x000000b0   Code   RO         1401    i.usart_interrupt_flag_get  at32f403a_407_usart.o
    0x080052a2   0x080052a2   0x0000004c   Code   RO         1406    i.usart_parity_selection_config  at32f403a_407_usart.o
    0x080052ee   0x080052ee   0x0000000a   Code   RO         1407    i.usart_receiver_enable  at32f403a_407_usart.o
    0x080052f8   0x080052f8   0x0000000a   Code   RO         1414    i.usart_transmitter_enable  at32f403a_407_usart.o
    0x08005302   0x08005302   0x00000002   PAD
    0x08005304   0x08005304   0x00000048   Code   RO         2797    i.usartdmarecv      usart_1.o
    0x0800534c   0x0800534c   0x000000c4   Code   RO          450    i.wk_adc1_init      wk_adc.o
    0x08005410   0x08005410   0x000000c0   Code   RO          451    i.wk_adc3_init      wk_adc.o
    0x080054d0   0x080054d0   0x0000012c   Code   RO          516    i.wk_can1_init      wk_can.o
    0x080055fc   0x080055fc   0x00000010   Code   RO          402    i.wk_debug_config   wk_debug.o
    0x0800560c   0x0800560c   0x00000054   Code   RO          600    i.wk_dma1_channel1_init  wk_dma.o
    0x08005660   0x08005660   0x00000054   Code   RO          601    i.wk_dma1_channel2_init  wk_dma.o
    0x080056b4   0x080056b4   0x00000054   Code   RO          602    i.wk_dma1_channel3_init  wk_dma.o
    0x08005708   0x08005708   0x00000054   Code   RO          603    i.wk_dma1_channel4_init  wk_dma.o
    0x0800575c   0x0800575c   0x00000054   Code   RO          604    i.wk_dma1_channel5_init  wk_dma.o
    0x080057b0   0x080057b0   0x00000054   Code   RO          605    i.wk_dma1_channel6_init  wk_dma.o
    0x08005804   0x08005804   0x00000054   Code   RO          606    i.wk_dma1_channel7_init  wk_dma.o
    0x08005858   0x08005858   0x00000054   Code   RO          607    i.wk_dma2_channel1_init  wk_dma.o
    0x080058ac   0x080058ac   0x00000008   Code   RO          608    i.wk_dma_channel_config  wk_dma.o
    0x080058b4   0x080058b4   0x00000074   Code   RO          426    i.wk_gpio_config    wk_gpio.o
    0x08005928   0x08005928   0x0000011a   Code   RO          171    i.wk_nvic_config    at32f403a_407_wk_config.o
    0x08005a42   0x08005a42   0x00000002   PAD
    0x08005a44   0x08005a44   0x000000ac   Code   RO          172    i.wk_periph_clock_config  at32f403a_407_wk_config.o
    0x08005af0   0x08005af0   0x000000e0   Code   RO          540    i.wk_spi1_init      wk_spi.o
    0x08005bd0   0x08005bd0   0x000000e0   Code   RO          541    i.wk_spi2_init      wk_spi.o
    0x08005cb0   0x08005cb0   0x00000098   Code   RO          173    i.wk_system_clock_config  at32f403a_407_wk_config.o
    0x08005d48   0x08005d48   0x00000044   Code   RO          366    i.wk_timebase_init  wk_system.o
    0x08005d8c   0x08005d8c   0x0000022c   Code   RO          480    i.wk_tmr2_init      wk_tmr.o
    0x08005fb8   0x08005fb8   0x0000020c   Code   RO          481    i.wk_tmr4_init      wk_tmr.o
    0x080061c4   0x080061c4   0x00000044   Code   RO          482    i.wk_tmr5_init      wk_tmr.o
    0x08006208   0x08006208   0x000000a4   Code   RO          570    i.wk_usart1_init    wk_usart.o
    0x080062ac   0x080062ac   0x00000090   Code   RO          571    i.wk_usart3_init    wk_usart.o
    0x0800633c   0x0800633c   0x00000028   Data   RO          708    .constdata          at32f403a_407_crm.o
    0x08006364   0x08006364   0x00000010   Data   RO         2715    .constdata          system_at32f403a_407.o
    0x08006374   0x08006374   0x00000081   Data   RO         3656    .constdata          mc_w.l(ctype_o.o)
    0x080063f5   0x080063f5   0x00000003   PAD
    0x080063f8   0x080063f8   0x00000004   Data   RO         3657    .constdata          mc_w.l(ctype_o.o)
    0x080063fc   0x080063fc   0x00000043   Data   RO         2906    .conststring        foc.o
    0x0800643f   0x0800643f   0x00000001   PAD
    0x08006440   0x08006440   0x000002db   Data   RO         3110    .conststring        log.o
    0x0800671b   0x0800671b   0x00000001   PAD
    0x0800671c   0x0800671c   0x00000020   Data   RO         3756    Region$$Table       anon$$obj.o


    Execution Region RW_IRAM1 (Exec base: 0x20000000, Load base: 0x0800673c, Size: 0x00000998, Max: 0x00018000, ABSOLUTE, COMPRESSED[0x00000060])

    Exec Addr    Load Addr    Size         Type   Attr      Idx    E Section Name        Object

    0x20000000   COMPRESSED   0x00000008   Data   RW          241    .data               at32f403a_407_int.o
    0x20000008   COMPRESSED   0x00000004   Data   RW          367    .data               wk_system.o
    0x2000000c   COMPRESSED   0x00000004   Data   RW         2716    .data               system_at32f403a_407.o
    0x20000010   COMPRESSED   0x00000008   Data   RW         2754    .data               delay.o
    0x20000018   COMPRESSED   0x00000003   Data   RW         2799    .data               usart_1.o
    0x2000001b   COMPRESSED   0x00000001   PAD
    0x2000001c   COMPRESSED   0x00000038   Data   RW         2851    .data               mt6701.o
    0x20000054   COMPRESSED   0x000001c8   Data   RW         2907    .data               foc.o
    0x2000021c   COMPRESSED   0x00000006   Data   RW         3031    .data               led.o
    0x20000222   COMPRESSED   0x00000002   PAD
    0x20000224   COMPRESSED   0x00000020   Data   RW         3065    .data               filter.o
    0x20000244   COMPRESSED   0x000000a0   Data   RW         3168    .data               svpwm.o
    0x200002e4   COMPRESSED   0x00000004   Data   RW         3650    .data               mc_w.l(stdout.o)
    0x200002e8   COMPRESSED   0x00000004   Data   RW         3687    .data               mc_w.l(mvars.o)
    0x200002ec   COMPRESSED   0x00000004   Data   RW         3688    .data               mc_w.l(mvars.o)
    0x200002f0   COMPRESSED   0x00000004   Data   RW         3692    .data               mc_w.l(errno.o)
    0x200002f4        -       0x00000080   Zero   RW         2798    .bss                usart_1.o
    0x20000374        -       0x00000020   Zero   RW         3064    .bss                filter.o
    0x20000394   COMPRESSED   0x00000004   PAD
    0x20000398        -       0x00000200   Zero   RW         2704    HEAP                startup_at32f403a_407.o
    0x20000598        -       0x00000400   Zero   RW         2703    STACK               startup_at32f403a_407.o


==============================================================================

Image component sizes


      Code (inc. data)   RO Data    RW Data    ZI Data      Debug   Object Name

       388          6          0          0          0       7947   at32f403a_407_adc.o
      1232         18          0          0          0       6296   at32f403a_407_can.o
       978        110         40          0          0       9220   at32f403a_407_crm.o
       528         36          0          0          0       6106   at32f403a_407_dma.o
       274          6          0          0          0       3891   at32f403a_407_gpio.o
       532        124          0          8          0       9153   at32f403a_407_int.o
       280         18          0          0          0      32684   at32f403a_407_misc.o
       384          0          0          0          0       5980   at32f403a_407_spi.o
       692          0          0          0          0       9015   at32f403a_407_tmr.o
       628         14          0          0          0       9042   at32f403a_407_usart.o
       726         34          0          0          0      33454   at32f403a_407_wk_config.o
       748          0          0          0          0       2599   current_control.o
       172         24          0          8          0       1500   delay.o
       280         36          0         32         32       3382   filter.o
      2664        326         67        456          0      14858   foc.o
        52         10          0          6          0       1503   led.o
       440        304        731          0          0        555   log.o
       852        114          0          0          0      85537   main.o
       184         18          0         56          0       2297   mt6701.o
       510         12          0          0          0       3995   speed_control.o
        36          8        388          0       1536        812   startup_at32f403a_407.o
      1316         20          0        160          0       1776   svpwm.o
       360         38         16          4          0       2224   system_at32f403a_407.o
       604        130          0          3        128       4670   usart_1.o
       388         18          0          0          0       1258   wk_adc.o
       300          8          0          0          0        815   wk_can.o
        16          4          0          0          0        482   wk_debug.o
       680         42          0          0          0       5624   wk_dma.o
       116         10          0          0          0        561   wk_gpio.o
       448         18          0          0          0       1326   wk_spi.o
        68         10          0          4          0       1176   wk_system.o
      1148         28          0          0          0       2157   wk_tmr.o
       308         22          0          0          0       1170   wk_usart.o

    ----------------------------------------------------------------------
     18358       1566       1276        740       1700     273065   Object Totals
         0          0         32          0          0          0   (incl. Generated)
        26          0          2          3          4          0   (incl. Padding)

    ----------------------------------------------------------------------

      Code (inc. data)   RO Data    RW Data    ZI Data      Debug   Library Member Name

        32          8          0          0          0        124   dunder.o
        20          0          0          0          0        124   fabs.o
       260          6          0          0          0        144   fmod.o
       140         22          0          0          0        132   frexp.o
       266         16          0          0          0        308   narrow.o
        32          6          0          0          0        124   strtof.o
        86          0          0          0          0          0   __dczerorl2.o
        28          0          0          0          0         68   _chval.o
        64          0          0          0          0         84   _sgetc.o
       158          0          0          0          0         92   _strtoul.o
         8          4        133          0          0         68   ctype_o.o
         0          0          0          0          0          0   entry.o
         0          0          0          0          0          0   entry10a.o
         0          0          0          0          0          0   entry11a.o
         4          0          0          0          0          0   entry12b.o
         8          4          0          0          0          0   entry2.o
         4          0          0          0          0          0   entry5.o
         0          0          0          0          0          0   entry7b.o
         0          0          0          0          0          0   entry8b.o
         8          4          0          0          0          0   entry9a.o
        20         10          0          4          0        136   errno.o
        30          0          0          0          0          0   handlers.o
        36          8          0          0          0         68   init.o
        18          0          0          0          0         76   isspace_o.o
         0          0          0          0          0          0   iusefp.o
        30          0          0          0          0         68   llshl.o
        36          0          0          0          0         68   llsshr.o
        32          0          0          0          0         68   llushr.o
       188         20          0          0          0        160   malloc.o
         0          0          0          8          0          0   mvars.o
      2218         90          0          0          0        464   printfa.o
       878         12          0          0          0        216   scanf_fp.o
         0          0          0          4          0          0   stdout.o
        20          0          0          0          0         68   strchr.o
        28          0          0          0          0         76   strcmp.o
        14          0          0          0          0         68   strlen.o
        24          0          0          0          0         76   strncpy.o
        36          0          0          0          0         80   strstr.o
       156         12          0          0          0        120   strtod.o
        26          0          0          0          0         80   strtof.o
       112          0          0          0          0         88   strtol.o
        44          0          0          0          0         80   uidiv.o
        98          0          0          0          0         92   uldiv.o
        48          0          0          0          0         68   cdcmple.o
        48          0          0          0          0         68   cdrcmple.o
        56          0          0          0          0         88   d2f.o
       334          0          0          0          0        148   dadd.o
       222          0          0          0          0        100   ddiv.o
       186          0          0          0          0        176   depilogue.o
        48          0          0          0          0         68   dfixul.o
        24          0          0          0          0         76   dfltul.o
       228          0          0          0          0         96   dmul.o
       134          0          0          0          0         96   drem.o
        38          0          0          0          0         68   f2d.o
       110          0          0          0          0        168   fepilogue.o
         4          0          0          0          0         68   fpstat.o

    ----------------------------------------------------------------------
      6658        226        136         16          0       4708   Library Totals
        16          4          3          0          0          0   (incl. Padding)

    ----------------------------------------------------------------------

      Code (inc. data)   RO Data    RW Data    ZI Data      Debug   Library Name

       750         58          0          0          0        956   m_wm.l
      4412        164        133         16          0       2464   mc_w.l
      1480          0          0          0          0       1288   mf_w.l

    ----------------------------------------------------------------------
      6658        226        136         16          0       4708   Library Totals

    ----------------------------------------------------------------------

==============================================================================


      Code (inc. data)   RO Data    RW Data    ZI Data      Debug   

     25016       1792       1412        756       1700     258629   Grand Totals
     25016       1792       1412         96       1700     258629   ELF Image Totals (compressed)
     25016       1792       1412         96          0          0   ROM Totals

==============================================================================

    Total RO  Size (Code + RO Data)                26428 (  25.81kB)
    Total RW  Size (RW Data + ZI Data)              2456 (   2.40kB)
    Total ROM Size (Code + RO Data + RW Data)      26524 (  25.90kB)

==============================================================================

